Archive member included to satisfy reference by file (symbol)

c:/program files (x86)/atollic/truestudio for stm32 9.1.0/armtools/bin/../lib/gcc/arm-atollic-eabi/6.3.1/../../../../arm-atollic-eabi/lib/armv7e-m/fpu/fpv5-d16\libc_nano.a(lib_a-init.o)
                              startup\startup_stm32h743xx.o (__libc_init_array)
c:/program files (x86)/atollic/truestudio for stm32 9.1.0/armtools/bin/../lib/gcc/arm-atollic-eabi/6.3.1/../../../../arm-atollic-eabi/lib/armv7e-m/fpu/fpv5-d16\libc_nano.a(lib_a-malloc.o)
                              Middlewares\ST\STM32_USB_Device_Library\Class\CDC\Src\usbd_cdc.o (malloc)
c:/program files (x86)/atollic/truestudio for stm32 9.1.0/armtools/bin/../lib/gcc/arm-atollic-eabi/6.3.1/../../../../arm-atollic-eabi/lib/armv7e-m/fpu/fpv5-d16\libc_nano.a(lib_a-memset.o)
                              Src\eth.o (memset)
c:/program files (x86)/atollic/truestudio for stm32 9.1.0/armtools/bin/../lib/gcc/arm-atollic-eabi/6.3.1/../../../../arm-atollic-eabi/lib/armv7e-m/fpu/fpv5-d16\libc_nano.a(lib_a-nano-freer.o)
                              c:/program files (x86)/atollic/truestudio for stm32 9.1.0/armtools/bin/../lib/gcc/arm-atollic-eabi/6.3.1/../../../../arm-atollic-eabi/lib/armv7e-m/fpu/fpv5-d16\libc_nano.a(lib_a-malloc.o) (_free_r)
c:/program files (x86)/atollic/truestudio for stm32 9.1.0/armtools/bin/../lib/gcc/arm-atollic-eabi/6.3.1/../../../../arm-atollic-eabi/lib/armv7e-m/fpu/fpv5-d16\libc_nano.a(lib_a-nano-mallocr.o)
                              c:/program files (x86)/atollic/truestudio for stm32 9.1.0/armtools/bin/../lib/gcc/arm-atollic-eabi/6.3.1/../../../../arm-atollic-eabi/lib/armv7e-m/fpu/fpv5-d16\libc_nano.a(lib_a-malloc.o) (_malloc_r)
c:/program files (x86)/atollic/truestudio for stm32 9.1.0/armtools/bin/../lib/gcc/arm-atollic-eabi/6.3.1/../../../../arm-atollic-eabi/lib/armv7e-m/fpu/fpv5-d16\libc_nano.a(lib_a-sbrkr.o)
                              c:/program files (x86)/atollic/truestudio for stm32 9.1.0/armtools/bin/../lib/gcc/arm-atollic-eabi/6.3.1/../../../../arm-atollic-eabi/lib/armv7e-m/fpu/fpv5-d16\libc_nano.a(lib_a-nano-mallocr.o) (_sbrk_r)
c:/program files (x86)/atollic/truestudio for stm32 9.1.0/armtools/bin/../lib/gcc/arm-atollic-eabi/6.3.1/../../../../arm-atollic-eabi/lib/armv7e-m/fpu/fpv5-d16\libc_nano.a(lib_a-impure.o)
                              c:/program files (x86)/atollic/truestudio for stm32 9.1.0/armtools/bin/../lib/gcc/arm-atollic-eabi/6.3.1/../../../../arm-atollic-eabi/lib/armv7e-m/fpu/fpv5-d16\libc_nano.a(lib_a-malloc.o) (_impure_ptr)
c:/program files (x86)/atollic/truestudio for stm32 9.1.0/armtools/bin/../lib/gcc/arm-atollic-eabi/6.3.1/../../../../arm-atollic-eabi/lib/armv7e-m/fpu/fpv5-d16\libc_nano.a(lib_a-mlock.o)
                              c:/program files (x86)/atollic/truestudio for stm32 9.1.0/armtools/bin/../lib/gcc/arm-atollic-eabi/6.3.1/../../../../arm-atollic-eabi/lib/armv7e-m/fpu/fpv5-d16\libc_nano.a(lib_a-nano-freer.o) (__malloc_lock)
c:/program files (x86)/atollic/truestudio for stm32 9.1.0/armtools/bin/../lib/gcc/arm-atollic-eabi/6.3.1/../../../../arm-atollic-eabi/lib/armv7e-m/fpu/fpv5-d16\libc_nano.a(lib_a-reent.o)
                              c:/program files (x86)/atollic/truestudio for stm32 9.1.0/armtools/bin/../lib/gcc/arm-atollic-eabi/6.3.1/../../../../arm-atollic-eabi/lib/armv7e-m/fpu/fpv5-d16\libc_nano.a(lib_a-sbrkr.o) (errno)
c:/program files (x86)/atollic/truestudio for stm32 9.1.0/armtools/bin/../lib/gcc/arm-atollic-eabi/6.3.1/armv7e-m/fpu/fpv5-d16\libgcc.a(_aeabi_uldivmod.o)
                              Drivers\STM32H7xx_HAL_Driver\Src\stm32h7xx_hal_uart.o (__aeabi_uldivmod)
c:/program files (x86)/atollic/truestudio for stm32 9.1.0/armtools/bin/../lib/gcc/arm-atollic-eabi/6.3.1/armv7e-m/fpu/fpv5-d16\libgcc.a(_udivmoddi4.o)
                              c:/program files (x86)/atollic/truestudio for stm32 9.1.0/armtools/bin/../lib/gcc/arm-atollic-eabi/6.3.1/armv7e-m/fpu/fpv5-d16\libgcc.a(_aeabi_uldivmod.o) (__udivmoddi4)
c:/program files (x86)/atollic/truestudio for stm32 9.1.0/armtools/bin/../lib/gcc/arm-atollic-eabi/6.3.1/armv7e-m/fpu/fpv5-d16\libgcc.a(_dvmd_tls.o)
                              c:/program files (x86)/atollic/truestudio for stm32 9.1.0/armtools/bin/../lib/gcc/arm-atollic-eabi/6.3.1/armv7e-m/fpu/fpv5-d16\libgcc.a(_aeabi_uldivmod.o) (__aeabi_ldiv0)
c:/program files (x86)/atollic/truestudio for stm32 9.1.0/armtools/bin/../lib/gcc/arm-atollic-eabi/6.3.1/../../../../arm-atollic-eabi/lib/armv7e-m/fpu/fpv5-d16\libnosys.a(sbrk.o)
                              c:/program files (x86)/atollic/truestudio for stm32 9.1.0/armtools/bin/../lib/gcc/arm-atollic-eabi/6.3.1/../../../../arm-atollic-eabi/lib/armv7e-m/fpu/fpv5-d16\libc_nano.a(lib_a-sbrkr.o) (_sbrk)

Allocating common symbols
Common symbol       size              file

hUsbDeviceFS        0x224             Src\usb_device.o
[...]
Memory Configuration

Name             Origin             Length             Attributes
DTCMRAM          0x20000000         0x00020000         xrw
RAM_D1           0x24000000         0x00080000         xrw
RAM_D2           0x30000000         0x00048000         xrw
RAM_D3           0x38000000         0x00010000         xrw
ITCMRAM          0x00000000         0x00010000         xrw
FLASH            0x08000000         0x00200000         xr
*default*        0x00000000         0xffffffff

Linker script and memory map

LOAD c:/program files (x86)/atollic/truestudio for stm32 9.1.0/armtools/bin/../lib/gcc/arm-atollic-eabi/6.3.1/armv7e-m/fpu/fpv5-d16/crti.o
LOAD c:/program files (x86)/atollic/truestudio for stm32 9.1.0/armtools/bin/../lib/gcc/arm-atollic-eabi/6.3.1/armv7e-m/fpu/fpv5-d16/crtbegin.o
LOAD Drivers\STM32H7xx_HAL_Driver\Src\stm32h7xx_hal.o
LOAD Drivers\STM32H7xx_HAL_Driver\Src\stm32h7xx_hal_cortex.o
LOAD Drivers\STM32H7xx_HAL_Driver\Src\stm32h7xx_hal_dma.o
LOAD Drivers\STM32H7xx_HAL_Driver\Src\stm32h7xx_hal_dma_ex.o
LOAD Drivers\STM32H7xx_HAL_Driver\Src\stm32h7xx_hal_eth.o
LOAD Drivers\STM32H7xx_HAL_Driver\Src\stm32h7xx_hal_eth_ex.o
LOAD Drivers\STM32H7xx_HAL_Driver\Src\stm32h7xx_hal_flash.o
LOAD Drivers\STM32H7xx_HAL_Driver\Src\stm32h7xx_hal_flash_ex.o
LOAD Drivers\STM32H7xx_HAL_Driver\Src\stm32h7xx_hal_gpio.o
LOAD Drivers\STM32H7xx_HAL_Driver\Src\stm32h7xx_hal_hsem.o
LOAD Drivers\STM32H7xx_HAL_Driver\Src\stm32h7xx_hal_i2c.o
LOAD Drivers\STM32H7xx_HAL_Driver\Src\stm32h7xx_hal_i2c_ex.o
LOAD Drivers\STM32H7xx_HAL_Driver\Src\stm32h7xx_hal_mdma.o
LOAD Drivers\STM32H7xx_HAL_Driver\Src\stm32h7xx_hal_pcd.o
LOAD Drivers\STM32H7xx_HAL_Driver\Src\stm32h7xx_hal_pcd_ex.o
LOAD Drivers\STM32H7xx_HAL_Driver\Src\stm32h7xx_hal_pwr.o
LOAD Drivers\STM32H7xx_HAL_Driver\Src\stm32h7xx_hal_pwr_ex.o
LOAD Drivers\STM32H7xx_HAL_Driver\Src\stm32h7xx_hal_rcc.o
LOAD Drivers\STM32H7xx_HAL_Driver\Src\stm32h7xx_hal_rcc_ex.o
LOAD Drivers\STM32H7xx_HAL_Driver\Src\stm32h7xx_hal_tim.o
LOAD Drivers\STM32H7xx_HAL_Driver\Src\stm32h7xx_hal_tim_ex.o
LOAD Drivers\STM32H7xx_HAL_Driver\Src\stm32h7xx_hal_uart.o
LOAD Drivers\STM32H7xx_HAL_Driver\Src\stm32h7xx_hal_uart_ex.o
LOAD Drivers\STM32H7xx_HAL_Driver\Src\stm32h7xx_ll_usb.o
LOAD Middlewares\ST\STM32_USB_Device_Library\Class\CDC\Src\usbd_cdc.o
LOAD Middlewares\ST\STM32_USB_Device_Library\Core\Src\usbd_core.o
LOAD Middlewares\ST\STM32_USB_Device_Library\Core\Src\usbd_ctlreq.o
LOAD Middlewares\ST\STM32_USB_Device_Library\Core\Src\usbd_ioreq.o
LOAD Src\eth.o
LOAD Src\gpio.o
LOAD Src\main.o
LOAD Src\stm32h7xx_hal_msp.o
LOAD Src\stm32h7xx_it.o
LOAD Src\system_stm32h7xx.o
LOAD Src\usart.o
LOAD Src\usb_device.o
LOAD Src\usbd_cdc_if.o
LOAD Src\usbd_conf.o
LOAD Src\usbd_desc.o
LOAD startup\startup_stm32h743xx.o
                0x00000080                malloc_getpagesize_P = 0x80
START GROUP
LOAD c:/program files (x86)/atollic/truestudio for stm32 9.1.0/armtools/bin/../lib/gcc/arm-atollic-eabi/6.3.1/../../../../arm-atollic-eabi/lib/armv7e-m/fpu/fpv5-d16\libc_nano.a
LOAD c:/program files (x86)/atollic/truestudio for stm32 9.1.0/armtools/bin/../lib/gcc/arm-atollic-eabi/6.3.1/../../../../arm-atollic-eabi/lib/armv7e-m/fpu/fpv5-d16\libm.a
END GROUP
START GROUP
LOAD c:/program files (x86)/atollic/truestudio for stm32 9.1.0/armtools/bin/../lib/gcc/arm-atollic-eabi/6.3.1/armv7e-m/fpu/fpv5-d16\libgcc.a
LOAD c:/program files (x86)/atollic/truestudio for stm32 9.1.0/armtools/bin/../lib/gcc/arm-atollic-eabi/6.3.1/../../../../arm-atollic-eabi/lib/armv7e-m/fpu/fpv5-d16\libc_nano.a
END GROUP
START GROUP
LOAD c:/program files (x86)/atollic/truestudio for stm32 9.1.0/armtools/bin/../lib/gcc/arm-atollic-eabi/6.3.1/armv7e-m/fpu/fpv5-d16\libgcc.a
LOAD c:/program files (x86)/atollic/truestudio for stm32 9.1.0/armtools/bin/../lib/gcc/arm-atollic-eabi/6.3.1/../../../../arm-atollic-eabi/lib/armv7e-m/fpu/fpv5-d16\libc_nano.a
LOAD c:/program files (x86)/atollic/truestudio for stm32 9.1.0/armtools/bin/../lib/gcc/arm-atollic-eabi/6.3.1/../../../../arm-atollic-eabi/lib/armv7e-m/fpu/fpv5-d16\libnosys.a
END GROUP
START GROUP
LOAD c:/program files (x86)/atollic/truestudio for stm32 9.1.0/armtools/bin/../lib/gcc/arm-atollic-eabi/6.3.1/armv7e-m/fpu/fpv5-d16\libgcc.a
LOAD c:/program files (x86)/atollic/truestudio for stm32 9.1.0/armtools/bin/../lib/gcc/arm-atollic-eabi/6.3.1/../../../../arm-atollic-eabi/lib/armv7e-m/fpu/fpv5-d16\libc_nano.a
LOAD c:/program files (x86)/atollic/truestudio for stm32 9.1.0/armtools/bin/../lib/gcc/arm-atollic-eabi/6.3.1/../../../../arm-atollic-eabi/lib/armv7e-m/fpu/fpv5-d16\libnosys.a
END GROUP
LOAD c:/program files (x86)/atollic/truestudio for stm32 9.1.0/armtools/bin/../lib/gcc/arm-atollic-eabi/6.3.1/armv7e-m/fpu/fpv5-d16/crtend.o
LOAD c:/program files (x86)/atollic/truestudio for stm32 9.1.0/armtools/bin/../lib/gcc/arm-atollic-eabi/6.3.1/armv7e-m/fpu/fpv5-d16/crtn.o
                0x20020000                _estack = 0x20020000
                0x00000200                _Min_Heap_Size = 0x200
                0x00000400                _Min_Stack_Size = 0x400

.isr_vector     0x08000000      0x298
                0x08000000                . = ALIGN (0x4)
 *(.isr_vector)
 .isr_vector    0x08000000      0x298 startup\startup_stm32h743xx.o
                0x08000000                g_pfnVectors
                0x08000298                . = ALIGN (0x4)

.text           0x08000298     0x4dd8
                0x08000298                . = ALIGN (0x4)
 *(.text)
 .text          0x08000298       0x40 c:/program files (x86)/atollic/truestudio for stm32 9.1.0/armtools/bin/../lib/gcc/arm-atollic-eabi/6.3.1/armv7e-m/fpu/fpv5-d16/crtbegin.o
 .text          0x080002d8       0x30 c:/program files (x86)/atollic/truestudio for stm32 9.1.0/armtools/bin/../lib/gcc/arm-atollic-eabi/6.3.1/armv7e-m/fpu/fpv5-d16\libgcc.a(_aeabi_uldivmod.o)
                0x080002d8                __aeabi_uldivmod
 .text          0x08000308      0x2dc c:/program files (x86)/atollic/truestudio for stm32 9.1.0/armtools/bin/../lib/gcc/arm-atollic-eabi/6.3.1/armv7e-m/fpu/fpv5-d16\libgcc.a(_udivmoddi4.o)
                0x08000308                __udivmoddi4
 .text          0x080005e4        0x4 c:/program files (x86)/atollic/truestudio for stm32 9.1.0/armtools/bin/../lib/gcc/arm-atollic-eabi/6.3.1/armv7e-m/fpu/fpv5-d16\libgcc.a(_dvmd_tls.o)
                0x080005e4                __aeabi_idiv0
                0x080005e4                __aeabi_ldiv0
 *(.text*)
 .text.HAL_InitTick
                0x080005e8       0x48 Drivers\STM32H7xx_HAL_Driver\Src\stm32h7xx_hal.o
                0x080005e8                HAL_InitTick
 .text.HAL_Init
                0x08000630       0x1e Drivers\STM32H7xx_HAL_Driver\Src\stm32h7xx_hal.o
                0x08000630                HAL_Init
 *fill*         0x0800064e        0x2 
 .text.HAL_IncTick
                0x08000650       0x18 Drivers\STM32H7xx_HAL_Driver\Src\stm32h7xx_hal.o
                0x08000650                HAL_IncTick
 .text.HAL_GetTick
                0x08000668        0xc Drivers\STM32H7xx_HAL_Driver\Src\stm32h7xx_hal.o
                0x08000668                HAL_GetTick
 .text.HAL_Delay
                0x08000674       0x24 Drivers\STM32H7xx_HAL_Driver\Src\stm32h7xx_hal.o
                0x08000674                HAL_Delay
 .text.HAL_SYSCFG_ETHInterfaceSelect
                0x08000698       0x14 Drivers\STM32H7xx_HAL_Driver\Src\stm32h7xx_hal.o
                0x08000698                HAL_SYSCFG_ETHInterfaceSelect
 .text.HAL_NVIC_SetPriorityGrouping
                0x080006ac       0x24 Drivers\STM32H7xx_HAL_Driver\Src\stm32h7xx_hal_cortex.o
                0x080006ac                HAL_NVIC_SetPriorityGrouping
 .text.HAL_NVIC_SetPriority
                0x080006d0       0x70 Drivers\STM32H7xx_HAL_Driver\Src\stm32h7xx_hal_cortex.o
                0x080006d0                HAL_NVIC_SetPriority
 .text.HAL_NVIC_EnableIRQ
                0x08000740       0x1c Drivers\STM32H7xx_HAL_Driver\Src\stm32h7xx_hal_cortex.o
                0x08000740                HAL_NVIC_EnableIRQ
 .text.HAL_SYSTICK_Config
                0x0800075c       0x2c Drivers\STM32H7xx_HAL_Driver\Src\stm32h7xx_hal_cortex.o
                0x0800075c                HAL_SYSTICK_Config
 .text.ETH_SetMACConfig
                0x08000788      0x1ba Drivers\STM32H7xx_HAL_Driver\Src\stm32h7xx_hal_eth.o
 *fill*         0x08000942        0x2 
 .text.ETH_SetDMAConfig
                0x08000944       0x90 Drivers\STM32H7xx_HAL_Driver\Src\stm32h7xx_hal_eth.o
 .text.ETH_MAC_MDIO_ClkConfig
                0x080009d4       0x78 Drivers\STM32H7xx_HAL_Driver\Src\stm32h7xx_hal_eth.o
                0x080009d4                HAL_ETH_SetMDIOClockRange
 .text.HAL_ETH_Init
                0x08000a4c      0x280 Drivers\STM32H7xx_HAL_Driver\Src\stm32h7xx_hal_eth.o
                0x08000a4c                HAL_ETH_Init
 .text.HAL_GPIO_Init
                0x08000ccc      0x1d4 Drivers\STM32H7xx_HAL_Driver\Src\stm32h7xx_hal_gpio.o
                0x08000ccc                HAL_GPIO_Init
 .text.HAL_GPIO_WritePin
                0x08000ea0        0xa Drivers\STM32H7xx_HAL_Driver\Src\stm32h7xx_hal_gpio.o
                0x08000ea0                HAL_GPIO_WritePin
 .text.HAL_PCD_Init
                0x08000eaa       0xea Drivers\STM32H7xx_HAL_Driver\Src\stm32h7xx_hal_pcd.o
                0x08000eaa                HAL_PCD_Init
 .text.HAL_PCD_Start
                0x08000f94       0x14 Drivers\STM32H7xx_HAL_Driver\Src\stm32h7xx_hal_pcd.o
                0x08000f94                HAL_PCD_Start
 .text.HAL_PCD_IRQHandler
                0x08000fa8      0x600 Drivers\STM32H7xx_HAL_Driver\Src\stm32h7xx_hal_pcd.o
                0x08000fa8                HAL_PCD_IRQHandler
 .text.HAL_PCD_SetAddress
                0x080015a8       0x24 Drivers\STM32H7xx_HAL_Driver\Src\stm32h7xx_hal_pcd.o
                0x080015a8                HAL_PCD_SetAddress
 .text.HAL_PCD_EP_Open
                0x080015cc       0x60 Drivers\STM32H7xx_HAL_Driver\Src\stm32h7xx_hal_pcd.o
                0x080015cc                HAL_PCD_EP_Open
 .text.HAL_PCD_EP_Close
                0x0800162c       0x46 Drivers\STM32H7xx_HAL_Driver\Src\stm32h7xx_hal_pcd.o
                0x0800162c                HAL_PCD_EP_Close
 .text.HAL_PCD_EP_Receive
                0x08001672       0x48 Drivers\STM32H7xx_HAL_Driver\Src\stm32h7xx_hal_pcd.o
                0x08001672                HAL_PCD_EP_Receive
 .text.HAL_PCD_EP_GetRxCount
                0x080016ba       0x10 Drivers\STM32H7xx_HAL_Driver\Src\stm32h7xx_hal_pcd.o
                0x080016ba                HAL_PCD_EP_GetRxCount
 .text.HAL_PCD_EP_Transmit
                0x080016ca       0x40 Drivers\STM32H7xx_HAL_Driver\Src\stm32h7xx_hal_pcd.o
                0x080016ca                HAL_PCD_EP_Transmit
 .text.HAL_PCD_EP_SetStall
                0x0800170a       0x5e Drivers\STM32H7xx_HAL_Driver\Src\stm32h7xx_hal_pcd.o
                0x0800170a                HAL_PCD_EP_SetStall
 .text.HAL_PCD_EP_ClrStall
                0x08001768       0x4c Drivers\STM32H7xx_HAL_Driver\Src\stm32h7xx_hal_pcd.o
                0x08001768                HAL_PCD_EP_ClrStall
 .text.HAL_PCDEx_SetTxFiFo
                0x080017b4       0x40 Drivers\STM32H7xx_HAL_Driver\Src\stm32h7xx_hal_pcd_ex.o
                0x080017b4                HAL_PCDEx_SetTxFiFo
 .text.HAL_PCDEx_SetRxFiFo
                0x080017f4        0x8 Drivers\STM32H7xx_HAL_Driver\Src\stm32h7xx_hal_pcd_ex.o
                0x080017f4                HAL_PCDEx_SetRxFiFo
 .text.HAL_PCDEx_ActivateLPM
                0x080017fc       0x26 Drivers\STM32H7xx_HAL_Driver\Src\stm32h7xx_hal_pcd_ex.o
                0x080017fc                HAL_PCDEx_ActivateLPM
 .text.HAL_PCDEx_ActivateBCD
                0x08001822       0x1c Drivers\STM32H7xx_HAL_Driver\Src\stm32h7xx_hal_pcd_ex.o
                0x08001822                HAL_PCDEx_ActivateBCD
 .text.HAL_PCDEx_LPM_Callback
                0x0800183e        0x2 Drivers\STM32H7xx_HAL_Driver\Src\stm32h7xx_hal_pcd_ex.o
                0x0800183e                HAL_PCDEx_LPM_Callback
 .text.HAL_PWREx_EnableUSBVoltageDetector
                0x08001840       0x10 Drivers\STM32H7xx_HAL_Driver\Src\stm32h7xx_hal_pwr_ex.o
                0x08001840                HAL_PWREx_EnableUSBVoltageDetector
 .text.HAL_RCC_OscConfig
                0x08001850      0x494 Drivers\STM32H7xx_HAL_Driver\Src\stm32h7xx_hal_rcc.o
                0x08001850                HAL_RCC_OscConfig
 .text.HAL_RCC_GetSysClockFreq
                0x08001ce4      0x138 Drivers\STM32H7xx_HAL_Driver\Src\stm32h7xx_hal_rcc.o
                0x08001ce4                HAL_RCC_GetSysClockFreq
 .text.HAL_RCC_ClockConfig
                0x08001e1c      0x1b4 Drivers\STM32H7xx_HAL_Driver\Src\stm32h7xx_hal_rcc.o
                0x08001e1c                HAL_RCC_ClockConfig
 .text.HAL_RCC_GetHCLKFreq
                0x08001fd0       0x34 Drivers\STM32H7xx_HAL_Driver\Src\stm32h7xx_hal_rcc.o
                0x08001fd0                HAL_RCC_GetHCLKFreq
 .text.HAL_RCC_GetPCLK1Freq
                0x08002004       0x2c Drivers\STM32H7xx_HAL_Driver\Src\stm32h7xx_hal_rcc.o
                0x08002004                HAL_RCC_GetPCLK1Freq
 .text.HAL_RCC_GetPCLK2Freq
                0x08002030       0x2c Drivers\STM32H7xx_HAL_Driver\Src\stm32h7xx_hal_rcc.o
                0x08002030                HAL_RCC_GetPCLK2Freq
 .text.RCCEx_PLL2_Config
                0x0800205c       0xcc Drivers\STM32H7xx_HAL_Driver\Src\stm32h7xx_hal_rcc_ex.o
 .text.RCCEx_PLL3_Config
                0x08002128       0xcc Drivers\STM32H7xx_HAL_Driver\Src\stm32h7xx_hal_rcc_ex.o
 .text.HAL_RCCEx_PeriphCLKConfig
                0x080021f4      0x8e0 Drivers\STM32H7xx_HAL_Driver\Src\stm32h7xx_hal_rcc_ex.o
                0x080021f4                HAL_RCCEx_PeriphCLKConfig
 .text.HAL_RCCEx_GetD3PCLK1Freq
                0x08002ad4       0x2c Drivers\STM32H7xx_HAL_Driver\Src\stm32h7xx_hal_rcc_ex.o
                0x08002ad4                HAL_RCCEx_GetD3PCLK1Freq
 .text.HAL_RCCEx_GetPLL2ClockFreq
                0x08002b00      0x140 Drivers\STM32H7xx_HAL_Driver\Src\stm32h7xx_hal_rcc_ex.o
                0x08002b00                HAL_RCCEx_GetPLL2ClockFreq
 .text.HAL_RCCEx_GetPLL3ClockFreq
                0x08002c40      0x140 Drivers\STM32H7xx_HAL_Driver\Src\stm32h7xx_hal_rcc_ex.o
                0x08002c40                HAL_RCCEx_GetPLL3ClockFreq
 .text.HAL_RCCEx_GetD1SysClockFreq
                0x08002d80       0x34 Drivers\STM32H7xx_HAL_Driver\Src\stm32h7xx_hal_rcc_ex.o
                0x08002d80                HAL_RCCEx_GetD1SysClockFreq
 .text.UART_SetConfig
                0x08002db4      0x554 Drivers\STM32H7xx_HAL_Driver\Src\stm32h7xx_hal_uart.o
                0x08002db4                UART_SetConfig
 .text.UART_AdvFeatureConfig
                0x08003308       0xaa Drivers\STM32H7xx_HAL_Driver\Src\stm32h7xx_hal_uart.o
                0x08003308                UART_AdvFeatureConfig
 .text.UART_WaitOnFlagUntilTimeout
                0x080033b2       0x62 Drivers\STM32H7xx_HAL_Driver\Src\stm32h7xx_hal_uart.o
                0x080033b2                UART_WaitOnFlagUntilTimeout
 .text.UART_CheckIdleState
                0x08003414       0x64 Drivers\STM32H7xx_HAL_Driver\Src\stm32h7xx_hal_uart.o
                0x08003414                UART_CheckIdleState
 .text.HAL_UART_Init
                0x08003478       0x64 Drivers\STM32H7xx_HAL_Driver\Src\stm32h7xx_hal_uart.o
                0x08003478                HAL_UART_Init
 .text.USB_CoreInit
                0x080034dc       0x76 Drivers\STM32H7xx_HAL_Driver\Src\stm32h7xx_ll_usb.o
                0x080034dc                USB_CoreInit
 .text.USB_EnableGlobalInt
                0x08003552        0xc Drivers\STM32H7xx_HAL_Driver\Src\stm32h7xx_ll_usb.o
                0x08003552                USB_EnableGlobalInt
 .text.USB_DisableGlobalInt
                0x0800355e        0xc Drivers\STM32H7xx_HAL_Driver\Src\stm32h7xx_ll_usb.o
                0x0800355e                USB_DisableGlobalInt
 .text.USB_SetCurrentMode
                0x0800356a       0x2e Drivers\STM32H7xx_HAL_Driver\Src\stm32h7xx_ll_usb.o
                0x0800356a                USB_SetCurrentMode
 .text.USB_DevInit
                0x08003598      0x14c Drivers\STM32H7xx_HAL_Driver\Src\stm32h7xx_ll_usb.o
                0x08003598                USB_DevInit
 .text.USB_FlushTxFifo
                0x080036e4       0x24 Drivers\STM32H7xx_HAL_Driver\Src\stm32h7xx_ll_usb.o
                0x080036e4                USB_FlushTxFifo
 .text.USB_FlushRxFifo
                0x08003708       0x20 Drivers\STM32H7xx_HAL_Driver\Src\stm32h7xx_ll_usb.o
                0x08003708                USB_FlushRxFifo
 .text.USB_SetDevSpeed
                0x08003728        0xe Drivers\STM32H7xx_HAL_Driver\Src\stm32h7xx_ll_usb.o
                0x08003728                USB_SetDevSpeed
 .text.USB_GetDevSpeed
                0x08003736       0x36 Drivers\STM32H7xx_HAL_Driver\Src\stm32h7xx_ll_usb.o
                0x08003736                USB_GetDevSpeed
 .text.USB_ActivateEndpoint
                0x0800376c       0x7c Drivers\STM32H7xx_HAL_Driver\Src\stm32h7xx_ll_usb.o
                0x0800376c                USB_ActivateEndpoint
 .text.USB_DeactivateEndpoint
                0x080037e8       0x58 Drivers\STM32H7xx_HAL_Driver\Src\stm32h7xx_ll_usb.o
                0x080037e8                USB_DeactivateEndpoint
 .text.USB_EPStartXfer
                0x08003840      0x18c Drivers\STM32H7xx_HAL_Driver\Src\stm32h7xx_ll_usb.o
                0x08003840                USB_EPStartXfer
 .text.USB_EP0StartXfer
                0x080039cc       0xf0 Drivers\STM32H7xx_HAL_Driver\Src\stm32h7xx_ll_usb.o
                0x080039cc                USB_EP0StartXfer
 .text.USB_WritePacket
                0x08003abc       0x26 Drivers\STM32H7xx_HAL_Driver\Src\stm32h7xx_ll_usb.o
                0x08003abc                USB_WritePacket
 .text.USB_ReadPacket
                0x08003ae2       0x20 Drivers\STM32H7xx_HAL_Driver\Src\stm32h7xx_ll_usb.o
                0x08003ae2                USB_ReadPacket
 .text.USB_EPSetStall
                0x08003b02       0x3e Drivers\STM32H7xx_HAL_Driver\Src\stm32h7xx_ll_usb.o
                0x08003b02                USB_EPSetStall
 .text.USB_EPClearStall
                0x08003b40       0x34 Drivers\STM32H7xx_HAL_Driver\Src\stm32h7xx_ll_usb.o
                0x08003b40                USB_EPClearStall
 .text.USB_SetDevAddress
                0x08003b74       0x20 Drivers\STM32H7xx_HAL_Driver\Src\stm32h7xx_ll_usb.o
                0x08003b74                USB_SetDevAddress
 .text.USB_DevConnect
                0x08003b94       0x18 Drivers\STM32H7xx_HAL_Driver\Src\stm32h7xx_ll_usb.o
                0x08003b94                USB_DevConnect
 .text.USB_DevDisconnect
                0x08003bac       0x18 Drivers\STM32H7xx_HAL_Driver\Src\stm32h7xx_ll_usb.o
                0x08003bac                USB_DevDisconnect
 .text.USB_ReadInterrupts
                0x08003bc4        0x8 Drivers\STM32H7xx_HAL_Driver\Src\stm32h7xx_ll_usb.o
                0x08003bc4                USB_ReadInterrupts
 .text.USB_ReadDevAllOutEpInterrupt
                0x08003bcc       0x10 Drivers\STM32H7xx_HAL_Driver\Src\stm32h7xx_ll_usb.o
                0x08003bcc                USB_ReadDevAllOutEpInterrupt
 .text.USB_ReadDevAllInEpInterrupt
                0x08003bdc       0x10 Drivers\STM32H7xx_HAL_Driver\Src\stm32h7xx_ll_usb.o
                0x08003bdc                USB_ReadDevAllInEpInterrupt
 .text.USB_ReadDevOutEPInterrupt
                0x08003bec       0x14 Drivers\STM32H7xx_HAL_Driver\Src\stm32h7xx_ll_usb.o
                0x08003bec                USB_ReadDevOutEPInterrupt
 .text.USB_ReadDevInEPInterrupt
                0x08003c00       0x20 Drivers\STM32H7xx_HAL_Driver\Src\stm32h7xx_ll_usb.o
                0x08003c00                USB_ReadDevInEPInterrupt
 .text.USB_GetMode
                0x08003c20        0x8 Drivers\STM32H7xx_HAL_Driver\Src\stm32h7xx_ll_usb.o
                0x08003c20                USB_GetMode
 .text.USB_ActivateSetup
                0x08003c28       0x36 Drivers\STM32H7xx_HAL_Driver\Src\stm32h7xx_ll_usb.o
                0x08003c28                USB_ActivateSetup
 .text.USB_EP0_OutStart
                0x08003c5e       0x40 Drivers\STM32H7xx_HAL_Driver\Src\stm32h7xx_ll_usb.o
                0x08003c5e                USB_EP0_OutStart
 *fill*         0x08003c9e        0x2 
 .text.USB_CoreReset
                0x08003ca0       0x30 Drivers\STM32H7xx_HAL_Driver\Src\stm32h7xx_ll_usb.o
 .text.USBD_CDC_DataIn
                0x08003cd0       0x12 Middlewares\ST\STM32_USB_Device_Library\Class\CDC\Src\usbd_cdc.o
 .text.USBD_CDC_EP0_RxReady
                0x08003ce2       0x28 Middlewares\ST\STM32_USB_Device_Library\Class\CDC\Src\usbd_cdc.o
 *fill*         0x08003d0a        0x2 
 .text.USBD_CDC_GetFSCfgDesc
                0x08003d0c        0xc Middlewares\ST\STM32_USB_Device_Library\Class\CDC\Src\usbd_cdc.o
 .text.USBD_CDC_GetHSCfgDesc
                0x08003d18        0xc Middlewares\ST\STM32_USB_Device_Library\Class\CDC\Src\usbd_cdc.o
 .text.USBD_CDC_GetOtherSpeedCfgDesc
                0x08003d24        0xc Middlewares\ST\STM32_USB_Device_Library\Class\CDC\Src\usbd_cdc.o
 .text.USBD_CDC_GetDeviceQualifierDescriptor
                0x08003d30        0xc Middlewares\ST\STM32_USB_Device_Library\Class\CDC\Src\usbd_cdc.o
                0x08003d30                USBD_CDC_GetDeviceQualifierDescriptor
 .text.USBD_CDC_DataOut
                0x08003d3c       0x2e Middlewares\ST\STM32_USB_Device_Library\Class\CDC\Src\usbd_cdc.o
 *fill*         0x08003d6a        0x2 
 .text.USBD_CDC_Setup
                0x08003d6c       0x68 Middlewares\ST\STM32_USB_Device_Library\Class\CDC\Src\usbd_cdc.o
 .text.USBD_CDC_DeInit
                0x08003dd4       0x3a Middlewares\ST\STM32_USB_Device_Library\Class\CDC\Src\usbd_cdc.o
 .text.USBD_CDC_Init
                0x08003e0e       0x8c Middlewares\ST\STM32_USB_Device_Library\Class\CDC\Src\usbd_cdc.o
 .text.USBD_CDC_RegisterInterface
                0x08003e9a        0xe Middlewares\ST\STM32_USB_Device_Library\Class\CDC\Src\usbd_cdc.o
                0x08003e9a                USBD_CDC_RegisterInterface
 .text.USBD_CDC_SetTxBuffer
                0x08003ea8       0x10 Middlewares\ST\STM32_USB_Device_Library\Class\CDC\Src\usbd_cdc.o
                0x08003ea8                USBD_CDC_SetTxBuffer
 .text.USBD_CDC_SetRxBuffer
                0x08003eb8        0xc Middlewares\ST\STM32_USB_Device_Library\Class\CDC\Src\usbd_cdc.o
                0x08003eb8                USBD_CDC_SetRxBuffer
 .text.USBD_CDC_ReceivePacket
                0x08003ec4       0x26 Middlewares\ST\STM32_USB_Device_Library\Class\CDC\Src\usbd_cdc.o
                0x08003ec4                USBD_CDC_ReceivePacket
 .text.USBD_Init
                0x08003eea       0x2a Middlewares\ST\STM32_USB_Device_Library\Core\Src\usbd_core.o
                0x08003eea                USBD_Init
 .text.USBD_RegisterClass
                0x08003f14        0xe Middlewares\ST\STM32_USB_Device_Library\Core\Src\usbd_core.o
                0x08003f14                USBD_RegisterClass
 .text.USBD_Start
                0x08003f22        0xa Middlewares\ST\STM32_USB_Device_Library\Core\Src\usbd_core.o
                0x08003f22                USBD_Start
 .text.USBD_SetClassConfig
                0x08003f2c       0x16 Middlewares\ST\STM32_USB_Device_Library\Core\Src\usbd_core.o
                0x08003f2c                USBD_SetClassConfig
 .text.USBD_ClrClassConfig
                0x08003f42        0xe Middlewares\ST\STM32_USB_Device_Library\Core\Src\usbd_core.o
                0x08003f42                USBD_ClrClassConfig
 .text.USBD_LL_SetupStage
                0x08003f50       0x5a Middlewares\ST\STM32_USB_Device_Library\Core\Src\usbd_core.o
                0x08003f50                USBD_LL_SetupStage
 .text.USBD_LL_DataOutStage
                0x08003faa       0x64 Middlewares\ST\STM32_USB_Device_Library\Core\Src\usbd_core.o
                0x08003faa                USBD_LL_DataOutStage
 .text.USBD_LL_DataInStage
                0x0800400e       0x9e Middlewares\ST\STM32_USB_Device_Library\Core\Src\usbd_core.o
                0x0800400e                USBD_LL_DataInStage
 .text.USBD_LL_Reset
                0x080040ac       0x3e Middlewares\ST\STM32_USB_Device_Library\Core\Src\usbd_core.o
                0x080040ac                USBD_LL_Reset
 .text.USBD_LL_SetSpeed
                0x080040ea        0x6 Middlewares\ST\STM32_USB_Device_Library\Core\Src\usbd_core.o
                0x080040ea                USBD_LL_SetSpeed
 .text.USBD_LL_Suspend
                0x080040f0       0x12 Middlewares\ST\STM32_USB_Device_Library\Core\Src\usbd_core.o
                0x080040f0                USBD_LL_Suspend
 .text.USBD_LL_Resume
                0x08004102        0xc Middlewares\ST\STM32_USB_Device_Library\Core\Src\usbd_core.o
                0x08004102                USBD_LL_Resume
 .text.USBD_LL_SOF
                0x0800410e       0x18 Middlewares\ST\STM32_USB_Device_Library\Core\Src\usbd_core.o
                0x0800410e                USBD_LL_SOF
 .text.USBD_LL_IsoINIncomplete
                0x08004126        0x4 Middlewares\ST\STM32_USB_Device_Library\Core\Src\usbd_core.o
                0x08004126                USBD_LL_IsoINIncomplete
 .text.USBD_LL_IsoOUTIncomplete
                0x0800412a        0x4 Middlewares\ST\STM32_USB_Device_Library\Core\Src\usbd_core.o
                0x0800412a                USBD_LL_IsoOUTIncomplete
 .text.USBD_LL_DevConnected
                0x0800412e        0x4 Middlewares\ST\STM32_USB_Device_Library\Core\Src\usbd_core.o
                0x0800412e                USBD_LL_DevConnected
 .text.USBD_LL_DevDisconnected
                0x08004132       0x16 Middlewares\ST\STM32_USB_Device_Library\Core\Src\usbd_core.o
                0x08004132                USBD_LL_DevDisconnected
 .text.USBD_CtlError.constprop.0
                0x08004148       0x16 Middlewares\ST\STM32_USB_Device_Library\Core\Src\usbd_ctlreq.o
 *fill*         0x0800415e        0x2 
 .text.USBD_StdDevReq
                0x08004160      0x1f4 Middlewares\ST\STM32_USB_Device_Library\Core\Src\usbd_ctlreq.o
                0x08004160                USBD_StdDevReq
 .text.USBD_StdItfReq
                0x08004354       0x30 Middlewares\ST\STM32_USB_Device_Library\Core\Src\usbd_ctlreq.o
                0x08004354                USBD_StdItfReq
 .text.USBD_StdEPReq
                0x08004384       0xc6 Middlewares\ST\STM32_USB_Device_Library\Core\Src\usbd_ctlreq.o
                0x08004384                USBD_StdEPReq
 .text.USBD_ParseSetupRequest
                0x0800444a       0x28 Middlewares\ST\STM32_USB_Device_Library\Core\Src\usbd_ctlreq.o
                0x0800444a                USBD_ParseSetupRequest
 .text.USBD_GetString
                0x08004472       0x38 Middlewares\ST\STM32_USB_Device_Library\Core\Src\usbd_ctlreq.o
                0x08004472                USBD_GetString
 .text.USBD_CtlSendData
                0x080044aa       0x1a Middlewares\ST\STM32_USB_Device_Library\Core\Src\usbd_ioreq.o
                0x080044aa                USBD_CtlSendData
 .text.USBD_CtlContinueSendData
                0x080044c4       0x10 Middlewares\ST\STM32_USB_Device_Library\Core\Src\usbd_ioreq.o
                0x080044c4                USBD_CtlContinueSendData
 .text.USBD_CtlPrepareRx
                0x080044d4       0x1e Middlewares\ST\STM32_USB_Device_Library\Core\Src\usbd_ioreq.o
                0x080044d4                USBD_CtlPrepareRx
 .text.USBD_CtlContinueRx
                0x080044f2       0x10 Middlewares\ST\STM32_USB_Device_Library\Core\Src\usbd_ioreq.o
                0x080044f2                USBD_CtlContinueRx
 .text.USBD_CtlSendStatus
                0x08004502       0x16 Middlewares\ST\STM32_USB_Device_Library\Core\Src\usbd_ioreq.o
                0x08004502                USBD_CtlSendStatus
 .text.USBD_CtlReceiveStatus
                0x08004518       0x16 Middlewares\ST\STM32_USB_Device_Library\Core\Src\usbd_ioreq.o
                0x08004518                USBD_CtlReceiveStatus
 *fill*         0x0800452e        0x2 
 .text.MX_ETH_Init
                0x08004530       0x74 Src\eth.o
                0x08004530                MX_ETH_Init
 .text.HAL_ETH_MspInit
                0x080045a4      0x134 Src\eth.o
                0x080045a4                HAL_ETH_MspInit
 .text.MX_GPIO_Init
                0x080046d8      0x120 Src\gpio.o
                0x080046d8                MX_GPIO_Init
 .text.SystemClock_Config
                0x080047f8       0xb4 Src\main.o
                0x080047f8                SystemClock_Config
 .text.startup.main
                0x080048ac       0x1c Src\main.o
                0x080048ac                main
 .text.Error_Handler
                0x080048c8        0x2 Src\main.o
                0x080048c8                Error_Handler
 *fill*         0x080048ca        0x2 
 .text.HAL_MspInit
                0x080048cc       0x24 Src\stm32h7xx_hal_msp.o
                0x080048cc                HAL_MspInit
 .text.NMI_Handler
                0x080048f0        0x2 Src\stm32h7xx_it.o
                0x080048f0                NMI_Handler
 .text.HardFault_Handler
                0x080048f2        0x2 Src\stm32h7xx_it.o
                0x080048f2                HardFault_Handler
 .text.MemManage_Handler
                0x080048f4        0x2 Src\stm32h7xx_it.o
                0x080048f4                MemManage_Handler
 .text.BusFault_Handler
                0x080048f6        0x2 Src\stm32h7xx_it.o
                0x080048f6                BusFault_Handler
 .text.UsageFault_Handler
                0x080048f8        0x2 Src\stm32h7xx_it.o
                0x080048f8                UsageFault_Handler
 .text.SVC_Handler
                0x080048fa        0x2 Src\stm32h7xx_it.o
                0x080048fa                SVC_Handler
 .text.DebugMon_Handler
                0x080048fc        0x2 Src\stm32h7xx_it.o
                0x080048fc                DebugMon_Handler
 .text.PendSV_Handler
                0x080048fe        0x2 Src\stm32h7xx_it.o
                0x080048fe                PendSV_Handler
 .text.SysTick_Handler
                0x08004900        0x4 Src\stm32h7xx_it.o
                0x08004900                SysTick_Handler
 .text.OTG_FS_IRQHandler
                0x08004904        0xc Src\stm32h7xx_it.o
                0x08004904                OTG_FS_IRQHandler
 .text.SystemInit
                0x08004910       0x64 Src\system_stm32h7xx.o
                0x08004910                SystemInit
 .text.MX_USART3_UART_Init
                0x08004974       0x44 Src\usart.o
                0x08004974                MX_USART3_UART_Init
 .text.HAL_UART_MspInit
                0x080049b8       0x70 Src\usart.o
                0x080049b8                HAL_UART_MspInit
 .text.MX_USB_DEVICE_Init
                0x08004a28       0x3c Src\usb_device.o
                0x08004a28                MX_USB_DEVICE_Init
 .text.CDC_DeInit_FS
                0x08004a64        0x4 Src\usbd_cdc_if.o
 .text.CDC_Control_FS
                0x08004a68        0x4 Src\usbd_cdc_if.o
 .text.CDC_Receive_FS
                0x08004a6c       0x1c Src\usbd_cdc_if.o
 .text.CDC_Init_FS
                0x08004a88       0x28 Src\usbd_cdc_if.o
 .text.HAL_PCD_MspInit
                0x08004ab0       0x74 Src\usbd_conf.o
                0x08004ab0                HAL_PCD_MspInit
 .text.HAL_PCD_SetupStageCallback
                0x08004b24        0xc Src\usbd_conf.o
                0x08004b24                HAL_PCD_SetupStageCallback
 .text.HAL_PCD_DataOutStageCallback
                0x08004b30       0x12 Src\usbd_conf.o
                0x08004b30                HAL_PCD_DataOutStageCallback
 .text.HAL_PCD_DataInStageCallback
                0x08004b42       0x10 Src\usbd_conf.o
                0x08004b42                HAL_PCD_DataInStageCallback
 .text.HAL_PCD_SOFCallback
                0x08004b52        0x8 Src\usbd_conf.o
                0x08004b52                HAL_PCD_SOFCallback
 .text.HAL_PCD_ResetCallback
                0x08004b5a       0x20 Src\usbd_conf.o
                0x08004b5a                HAL_PCD_ResetCallback
 *fill*         0x08004b7a        0x2 
 .text.HAL_PCD_SuspendCallback
                0x08004b7c       0x30 Src\usbd_conf.o
                0x08004b7c                HAL_PCD_SuspendCallback
 .text.HAL_PCD_ResumeCallback
                0x08004bac        0x8 Src\usbd_conf.o
                0x08004bac                HAL_PCD_ResumeCallback
 .text.HAL_PCD_ISOOUTIncompleteCallback
                0x08004bb4        0x8 Src\usbd_conf.o
                0x08004bb4                HAL_PCD_ISOOUTIncompleteCallback
 .text.HAL_PCD_ISOINIncompleteCallback
                0x08004bbc        0x8 Src\usbd_conf.o
                0x08004bbc                HAL_PCD_ISOINIncompleteCallback
 .text.HAL_PCD_ConnectCallback
                0x08004bc4        0x8 Src\usbd_conf.o
                0x08004bc4                HAL_PCD_ConnectCallback
 .text.HAL_PCD_DisconnectCallback
                0x08004bcc        0x8 Src\usbd_conf.o
                0x08004bcc                HAL_PCD_DisconnectCallback
 .text.USBD_LL_Init
                0x08004bd4       0x64 Src\usbd_conf.o
                0x08004bd4                USBD_LL_Init
 .text.USBD_LL_Start
                0x08004c38       0x1c Src\usbd_conf.o
                0x08004c38                USBD_LL_Start
 .text.USBD_LL_OpenEP
                0x08004c54       0x20 Src\usbd_conf.o
                0x08004c54                USBD_LL_OpenEP
 .text.USBD_LL_CloseEP
                0x08004c74       0x1c Src\usbd_conf.o
                0x08004c74                USBD_LL_CloseEP
 .text.USBD_LL_StallEP
                0x08004c90       0x1c Src\usbd_conf.o
                0x08004c90                USBD_LL_StallEP
 .text.USBD_LL_ClearStallEP
                0x08004cac       0x1c Src\usbd_conf.o
                0x08004cac                USBD_LL_ClearStallEP
 .text.USBD_LL_IsStallEP
                0x08004cc8       0x26 Src\usbd_conf.o
                0x08004cc8                USBD_LL_IsStallEP
 *fill*         0x08004cee        0x2 
 .text.USBD_LL_SetUSBAddress
                0x08004cf0       0x1c Src\usbd_conf.o
                0x08004cf0                USBD_LL_SetUSBAddress
 .text.USBD_LL_Transmit
                0x08004d0c       0x1c Src\usbd_conf.o
                0x08004d0c                USBD_LL_Transmit
 .text.USBD_LL_PrepareReceive
                0x08004d28       0x1c Src\usbd_conf.o
                0x08004d28                USBD_LL_PrepareReceive
 .text.USBD_LL_GetRxDataSize
                0x08004d44        0xc Src\usbd_conf.o
                0x08004d44                USBD_LL_GetRxDataSize
 .text.USBD_FS_DeviceDescriptor
                0x08004d50        0xc Src\usbd_desc.o
                0x08004d50                USBD_FS_DeviceDescriptor
 .text.USBD_FS_LangIDStrDescriptor
                0x08004d5c        0xc Src\usbd_desc.o
                0x08004d5c                USBD_FS_LangIDStrDescriptor
 .text.USBD_FS_ManufacturerStrDescriptor
                0x08004d68       0x1c Src\usbd_desc.o
                0x08004d68                USBD_FS_ManufacturerStrDescriptor
 .text.USBD_FS_ProductStrDescriptor
                0x08004d84       0x1c Src\usbd_desc.o
                0x08004d84                USBD_FS_ProductStrDescriptor
 .text.USBD_FS_SerialStrDescriptor
                0x08004da0       0x1c Src\usbd_desc.o
                0x08004da0                USBD_FS_SerialStrDescriptor
 .text.USBD_FS_ConfigStrDescriptor
                0x08004dbc       0x1c Src\usbd_desc.o
                0x08004dbc                USBD_FS_ConfigStrDescriptor
 .text.USBD_FS_InterfaceStrDescriptor
                0x08004dd8       0x1c Src\usbd_desc.o
                0x08004dd8                USBD_FS_InterfaceStrDescriptor
 .text.Reset_Handler
                0x08004df4       0x50 startup\startup_stm32h743xx.o
                0x08004df4                Reset_Handler
 .text.Default_Handler
                0x08004e44        0x2 startup\startup_stm32h743xx.o
                0x08004e44                RTC_Alarm_IRQHandler
                0x08004e44                EXTI2_IRQHandler
                0x08004e44                TIM8_CC_IRQHandler
                0x08004e44                HRTIM1_Master_IRQHandler
                0x08004e44                UART8_IRQHandler
                0x08004e44                SPI4_IRQHandler
                0x08004e44                TIM1_CC_IRQHandler
                0x08004e44                BDMA_Channel6_IRQHandler
                0x08004e44                DMA2_Stream5_IRQHandler
                0x08004e44                HRTIM1_FLT_IRQHandler
                0x08004e44                JPEG_IRQHandler
                0x08004e44                DMA1_Stream5_IRQHandler
                0x08004e44                BDMA_Channel1_IRQHandler
                0x08004e44                HRTIM1_TIMD_IRQHandler
                0x08004e44                TAMP_STAMP_IRQHandler
                0x08004e44                EXTI3_IRQHandler
                0x08004e44                LPTIM4_IRQHandler
                0x08004e44                TIM8_TRG_COM_TIM14_IRQHandler
                0x08004e44                LPTIM2_IRQHandler
                0x08004e44                DFSDM1_FLT1_IRQHandler
                0x08004e44                DMAMUX2_OVR_IRQHandler
                0x08004e44                TIM8_UP_TIM13_IRQHandler
                0x08004e44                I2C3_ER_IRQHandler
                0x08004e44                DFSDM1_FLT2_IRQHandler
                0x08004e44                MDMA_IRQHandler
                0x08004e44                LPTIM3_IRQHandler
                0x08004e44                HSEM1_IRQHandler
                0x08004e44                EXTI0_IRQHandler
                0x08004e44                I2C2_EV_IRQHandler
                0x08004e44                DMA1_Stream2_IRQHandler
                0x08004e44                FPU_IRQHandler
                0x08004e44                OTG_HS_WKUP_IRQHandler
                0x08004e44                FDCAN1_IT1_IRQHandler
                0x08004e44                LTDC_ER_IRQHandler
                0x08004e44                DMA2_Stream2_IRQHandler
                0x08004e44                HRTIM1_TIME_IRQHandler
                0x08004e44                SPI1_IRQHandler
                0x08004e44                TIM6_DAC_IRQHandler
                0x08004e44                DCMI_IRQHandler
                0x08004e44                HRTIM1_TIMC_IRQHandler
                0x08004e44                DMA2_Stream3_IRQHandler
                0x08004e44                SAI2_IRQHandler
                0x08004e44                DFSDM1_FLT3_IRQHandler
                0x08004e44                USART6_IRQHandler
                0x08004e44                TIM17_IRQHandler
                0x08004e44                USART3_IRQHandler
                0x08004e44                BDMA_Channel7_IRQHandler
                0x08004e44                LPTIM5_IRQHandler
                0x08004e44                UART5_IRQHandler
                0x08004e44                ADC3_IRQHandler
                0x08004e44                DMA2_Stream0_IRQHandler
                0x08004e44                TIM4_IRQHandler
                0x08004e44                BDMA_Channel2_IRQHandler
                0x08004e44                QUADSPI_IRQHandler
                0x08004e44                I2C1_EV_IRQHandler
                0x08004e44                DMA1_Stream6_IRQHandler
                0x08004e44                DMAMUX1_OVR_IRQHandler
                0x08004e44                DMA1_Stream1_IRQHandler
                0x08004e44                TIM16_IRQHandler
                0x08004e44                UART4_IRQHandler
                0x08004e44                BDMA_Channel5_IRQHandler
                0x08004e44                TIM3_IRQHandler
                0x08004e44                RCC_IRQHandler
                0x08004e44                TIM8_BRK_TIM12_IRQHandler
                0x08004e44                TIM1_TRG_COM_IRQHandler
                0x08004e44                Default_Handler
                0x08004e44                CEC_IRQHandler
                0x08004e44                EXTI15_10_IRQHandler
                0x08004e44                BDMA_Channel0_IRQHandler
                0x08004e44                ADC_IRQHandler
                0x08004e44                DMA1_Stream7_IRQHandler
                0x08004e44                HRTIM1_TIMA_IRQHandler
                0x08004e44                SPI5_IRQHandler
                0x08004e44                TIM7_IRQHandler
                0x08004e44                SDMMC1_IRQHandler
                0x08004e44                TIM5_IRQHandler
                0x08004e44                DMA2_Stream7_IRQHandler
                0x08004e44                TIM15_IRQHandler
                0x08004e44                PVD_AVD_IRQHandler
                0x08004e44                I2C3_EV_IRQHandler
                0x08004e44                EXTI9_5_IRQHandler
                0x08004e44                RTC_WKUP_IRQHandler
                0x08004e44                LTDC_IRQHandler
                0x08004e44                SAI3_IRQHandler
                0x08004e44                ETH_WKUP_IRQHandler
                0x08004e44                SPDIF_RX_IRQHandler
                0x08004e44                SPI2_IRQHandler
                0x08004e44                OTG_HS_EP1_IN_IRQHandler
                0x08004e44                DMA1_Stream0_IRQHandler
                0x08004e44                CRS_IRQHandler
                0x08004e44                EXTI4_IRQHandler
                0x08004e44                RNG_IRQHandler
                0x08004e44                HRTIM1_TIMB_IRQHandler
                0x08004e44                FDCAN2_IT1_IRQHandler
                0x08004e44                ETH_IRQHandler
                0x08004e44                TIM1_UP_IRQHandler
                0x08004e44                BDMA_Channel4_IRQHandler
                0x08004e44                OTG_HS_EP1_OUT_IRQHandler
                0x08004e44                WWDG_IRQHandler
                0x08004e44                SPI6_IRQHandler
                0x08004e44                MDIOS_IRQHandler
                0x08004e44                I2C4_EV_IRQHandler
                0x08004e44                FDCAN2_IT0_IRQHandler
                0x08004e44                LPUART1_IRQHandler
                0x08004e44                FDCAN1_IT0_IRQHandler
                0x08004e44                TIM2_IRQHandler
                0x08004e44                OTG_FS_WKUP_IRQHandler
                0x08004e44                OTG_HS_IRQHandler
                0x08004e44                DMA2D_IRQHandler
                0x08004e44                TIM1_BRK_IRQHandler
                0x08004e44                EXTI1_IRQHandler
                0x08004e44                SDMMC2_IRQHandler
                0x08004e44                OTG_FS_EP1_OUT_IRQHandler
                0x08004e44                BDMA_Channel3_IRQHandler
                0x08004e44                UART7_IRQHandler
                0x08004e44                MDIOS_WKUP_IRQHandler
                0x08004e44                USART2_IRQHandler
                0x08004e44                DFSDM1_FLT0_IRQHandler
                0x08004e44                SAI4_IRQHandler
                0x08004e44                I2C2_ER_IRQHandler
                0x08004e44                DMA2_Stream1_IRQHandler
                0x08004e44                FLASH_IRQHandler
                0x08004e44                DMA2_Stream4_IRQHandler
                0x08004e44                USART1_IRQHandler
                0x08004e44                SPI3_IRQHandler
                0x08004e44                WAKEUP_PIN_IRQHandler
                0x08004e44                DMA1_Stream4_IRQHandler
                0x08004e44                OTG_FS_EP1_IN_IRQHandler
                0x08004e44                I2C1_ER_IRQHandler
                0x08004e44                FMC_IRQHandler
                0x08004e44                FDCAN_CAL_IRQHandler
                0x08004e44                SWPMI1_IRQHandler
                0x08004e44                COMP1_IRQHandler
                0x08004e44                LPTIM1_IRQHandler
                0x08004e44                I2C4_ER_IRQHandler
                0x08004e44                DMA2_Stream6_IRQHandler
                0x08004e44                SAI1_IRQHandler
                0x08004e44                DMA1_Stream3_IRQHandler
 *fill*         0x08004e46        0x2 
 .text.__libc_init_array
                0x08004e48       0x48 c:/program files (x86)/atollic/truestudio for stm32 9.1.0/armtools/bin/../lib/gcc/arm-atollic-eabi/6.3.1/../../../../arm-atollic-eabi/lib/armv7e-m/fpu/fpv5-d16\libc_nano.a(lib_a-init.o)
                0x08004e48                __libc_init_array
 .text.malloc   0x08004e90       0x10 c:/program files (x86)/atollic/truestudio for stm32 9.1.0/armtools/bin/../lib/gcc/arm-atollic-eabi/6.3.1/../../../../arm-atollic-eabi/lib/armv7e-m/fpu/fpv5-d16\libc_nano.a(lib_a-malloc.o)
                0x08004e90                malloc
 .text.free     0x08004ea0       0x10 c:/program files (x86)/atollic/truestudio for stm32 9.1.0/armtools/bin/../lib/gcc/arm-atollic-eabi/6.3.1/../../../../arm-atollic-eabi/lib/armv7e-m/fpu/fpv5-d16\libc_nano.a(lib_a-malloc.o)
                0x08004ea0                free
 .text.memset   0x08004eb0       0x10 c:/program files (x86)/atollic/truestudio for stm32 9.1.0/armtools/bin/../lib/gcc/arm-atollic-eabi/6.3.1/../../../../arm-atollic-eabi/lib/armv7e-m/fpu/fpv5-d16\libc_nano.a(lib_a-memset.o)
                0x08004eb0                memset
 .text._free_r  0x08004ec0       0x9c c:/program files (x86)/atollic/truestudio for stm32 9.1.0/armtools/bin/../lib/gcc/arm-atollic-eabi/6.3.1/../../../../arm-atollic-eabi/lib/armv7e-m/fpu/fpv5-d16\libc_nano.a(lib_a-nano-freer.o)
                0x08004ec0                _free_r
 .text._malloc_r
                0x08004f5c       0xbc c:/program files (x86)/atollic/truestudio for stm32 9.1.0/armtools/bin/../lib/gcc/arm-atollic-eabi/6.3.1/../../../../arm-atollic-eabi/lib/armv7e-m/fpu/fpv5-d16\libc_nano.a(lib_a-nano-mallocr.o)
                0x08004f5c                _malloc_r
 .text._sbrk_r  0x08005018       0x20 c:/program files (x86)/atollic/truestudio for stm32 9.1.0/armtools/bin/../lib/gcc/arm-atollic-eabi/6.3.1/../../../../arm-atollic-eabi/lib/armv7e-m/fpu/fpv5-d16\libc_nano.a(lib_a-sbrkr.o)
                0x08005018                _sbrk_r
 .text.__malloc_lock
                0x08005038        0x2 c:/program files (x86)/atollic/truestudio for stm32 9.1.0/armtools/bin/../lib/gcc/arm-atollic-eabi/6.3.1/../../../../arm-atollic-eabi/lib/armv7e-m/fpu/fpv5-d16\libc_nano.a(lib_a-mlock.o)
                0x08005038                __malloc_lock
 .text.__malloc_unlock
                0x0800503a        0x2 c:/program files (x86)/atollic/truestudio for stm32 9.1.0/armtools/bin/../lib/gcc/arm-atollic-eabi/6.3.1/../../../../arm-atollic-eabi/lib/armv7e-m/fpu/fpv5-d16\libc_nano.a(lib_a-mlock.o)
                0x0800503a                __malloc_unlock
 .text._sbrk    0x0800503c       0x1c c:/program files (x86)/atollic/truestudio for stm32 9.1.0/armtools/bin/../lib/gcc/arm-atollic-eabi/6.3.1/../../../../arm-atollic-eabi/lib/armv7e-m/fpu/fpv5-d16\libnosys.a(sbrk.o)
                0x0800503c                _sbrk
 *(.glue_7)
 .glue_7        0x08005058        0x0 linker stubs
 *(.glue_7t)
 .glue_7t       0x08005058        0x0 linker stubs
 *(.eh_frame)
 .eh_frame      0x08005058        0x0 c:/program files (x86)/atollic/truestudio for stm32 9.1.0/armtools/bin/../lib/gcc/arm-atollic-eabi/6.3.1/armv7e-m/fpu/fpv5-d16/crtbegin.o
 *(.init)
 .init          0x08005058        0x4 c:/program files (x86)/atollic/truestudio for stm32 9.1.0/armtools/bin/../lib/gcc/arm-atollic-eabi/6.3.1/armv7e-m/fpu/fpv5-d16/crti.o
                0x08005058                _init
 .init          0x0800505c        0x8 c:/program files (x86)/atollic/truestudio for stm32 9.1.0/armtools/bin/../lib/gcc/arm-atollic-eabi/6.3.1/armv7e-m/fpu/fpv5-d16/crtn.o
 *(.fini)
 .fini          0x08005064        0x4 c:/program files (x86)/atollic/truestudio for stm32 9.1.0/armtools/bin/../lib/gcc/arm-atollic-eabi/6.3.1/armv7e-m/fpu/fpv5-d16/crti.o
                0x08005064                _fini
 .fini          0x08005068        0x8 c:/program files (x86)/atollic/truestudio for stm32 9.1.0/armtools/bin/../lib/gcc/arm-atollic-eabi/6.3.1/armv7e-m/fpu/fpv5-d16/crtn.o
                0x08005070                . = ALIGN (0x4)
                0x08005070                _etext = .

.vfp11_veneer   0x08005070        0x0
 .vfp11_veneer  0x08005070        0x0 linker stubs

.v4_bx          0x08005070        0x0
 .v4_bx         0x08005070        0x0 linker stubs

.iplt           0x08005070        0x0
 .iplt          0x08005070        0x0 c:/program files (x86)/atollic/truestudio for stm32 9.1.0/armtools/bin/../lib/gcc/arm-atollic-eabi/6.3.1/armv7e-m/fpu/fpv5-d16/crtbegin.o

.rodata         0x08005070       0xb4
                0x08005070                . = ALIGN (0x4)
 *(.rodata)
 *(.rodata*)
 .rodata.CSWTCH.54
                0x08005070       0x29 Drivers\STM32H7xx_HAL_Driver\Src\stm32h7xx_hal_uart.o
 .rodata.CSWTCH.56
                0x08005099        0x6 Drivers\STM32H7xx_HAL_Driver\Src\stm32h7xx_hal_uart.o
 .rodata.CSWTCH.57
                0x0800509f        0x6 Drivers\STM32H7xx_HAL_Driver\Src\stm32h7xx_hal_uart.o
 *fill*         0x080050a5        0x1 
 .rodata.UARTPrescTable
                0x080050a6       0x18 Drivers\STM32H7xx_HAL_Driver\Src\stm32h7xx_hal_uart.o
 .rodata.D1CorePrescTable
                0x080050be       0x10 Src\system_stm32h7xx.o
                0x080050be                D1CorePrescTable
 .rodata.CSWTCH.39
                0x080050ce        0x4 Src\usbd_conf.o
 .rodata.USBD_FS_ConfigStrDescriptor.str1.1
                0x080050d2        0xb Src\usbd_desc.o
 .rodata.USBD_FS_InterfaceStrDescriptor.str1.1
                0x080050dd        0xe Src\usbd_desc.o
 .rodata.USBD_FS_ManufacturerStrDescriptor.str1.1
                0x080050eb       0x13 Src\usbd_desc.o
 .rodata.USBD_FS_ProductStrDescriptor.str1.1
                0x080050fe       0x16 Src\usbd_desc.o
 .rodata.USBD_FS_SerialStrDescriptor.str1.1
                0x08005114        0xd Src\usbd_desc.o
                0x08005124                . = ALIGN (0x4)
 *fill*         0x08005121        0x3 

.ARM.extab
 *(.ARM.extab* .gnu.linkonce.armextab.*)

.ARM            0x08005124        0x8
                0x08005124                __exidx_start = .
 *(.ARM.exidx*)
 .ARM.exidx     0x08005124        0x8 c:/program files (x86)/atollic/truestudio for stm32 9.1.0/armtools/bin/../lib/gcc/arm-atollic-eabi/6.3.1/armv7e-m/fpu/fpv5-d16\libgcc.a(_udivmoddi4.o)
                0x0800512c                __exidx_end = .

.rel.dyn        0x0800512c        0x0
 .rel.iplt      0x0800512c        0x0 c:/program files (x86)/atollic/truestudio for stm32 9.1.0/armtools/bin/../lib/gcc/arm-atollic-eabi/6.3.1/armv7e-m/fpu/fpv5-d16/crtbegin.o

.preinit_array  0x0800512c        0x0
                0x0800512c                PROVIDE (__preinit_array_start, .)
 *(.preinit_array*)
                0x0800512c                PROVIDE (__preinit_array_end, .)

.init_array     0x0800512c        0x4
                0x0800512c                PROVIDE (__init_array_start, .)
 *(SORT(.init_array.*))
 *(.init_array*)
 .init_array    0x0800512c        0x4 c:/program files (x86)/atollic/truestudio for stm32 9.1.0/armtools/bin/../lib/gcc/arm-atollic-eabi/6.3.1/armv7e-m/fpu/fpv5-d16/crtbegin.o
                0x08005130                PROVIDE (__init_array_end, .)

.fini_array     0x08005130        0x4
                [!provide]                PROVIDE (__fini_array_start, .)
 *(SORT(.fini_array.*))
 *(.fini_array*)
 .fini_array    0x08005130        0x4 c:/program files (x86)/atollic/truestudio for stm32 9.1.0/armtools/bin/../lib/gcc/arm-atollic-eabi/6.3.1/armv7e-m/fpu/fpv5-d16/crtbegin.o
                [!provide]                PROVIDE (__fini_array_end, .)
                0x08005134                _sidata = LOADADDR (.data)

.data           0x20000000      0x1c8 load address 0x08005134
                0x20000000                . = ALIGN (0x4)
                0x20000000                _sdata = .
 *(.data)
 *(.data*)
 .data.uwTickFreq
                0x20000000        0x1 Drivers\STM32H7xx_HAL_Driver\Src\stm32h7xx_hal.o
 *fill*         0x20000001        0x3 
 .data.uwTickPrio
                0x20000004        0x4 Drivers\STM32H7xx_HAL_Driver\Src\stm32h7xx_hal.o
 .data.USBD_CDC
                0x20000008       0x38 Middlewares\ST\STM32_USB_Device_Library\Class\CDC\Src\usbd_cdc.o
                0x20000008                USBD_CDC
 .data.USBD_CDC_CfgFSDesc
                0x20000040       0x43 Middlewares\ST\STM32_USB_Device_Library\Class\CDC\Src\usbd_cdc.o
                0x20000040                USBD_CDC_CfgFSDesc
 *fill*         0x20000083        0x1 
 .data.USBD_CDC_CfgHSDesc
                0x20000084       0x43 Middlewares\ST\STM32_USB_Device_Library\Class\CDC\Src\usbd_cdc.o
                0x20000084                USBD_CDC_CfgHSDesc
 *fill*         0x200000c7        0x1 
 .data.USBD_CDC_DeviceQualifierDesc
                0x200000c8        0xa Middlewares\ST\STM32_USB_Device_Library\Class\CDC\Src\usbd_cdc.o
 *fill*         0x200000d2        0x2 
 .data.USBD_CDC_OtherSpeedCfgDesc
                0x200000d4       0x43 Middlewares\ST\STM32_USB_Device_Library\Class\CDC\Src\usbd_cdc.o
                0x200000d4                USBD_CDC_OtherSpeedCfgDesc
 *fill*         0x20000117        0x1 
 .data.SystemCoreClock
                0x20000118        0x4 Src\system_stm32h7xx.o
                0x20000118                SystemCoreClock
 .data.SystemD2Clock
                0x2000011c        0x4 Src\system_stm32h7xx.o
                0x2000011c                SystemD2Clock
 .data.USBD_Interface_fops_FS
                0x20000120       0x10 Src\usbd_cdc_if.o
                0x20000120                USBD_Interface_fops_FS
 .data.FS_Desc  0x20000130       0x1c Src\usbd_desc.o
                0x20000130                FS_Desc
 .data.USBD_FS_DeviceDesc
                0x2000014c       0x12 Src\usbd_desc.o
                0x2000014c                USBD_FS_DeviceDesc
 *fill*         0x2000015e        0x2 
 .data.USBD_LangIDDesc
                0x20000160        0x4 Src\usbd_desc.o
                0x20000160                USBD_LangIDDesc
 .data._impure_ptr
                0x20000164        0x4 c:/program files (x86)/atollic/truestudio for stm32 9.1.0/armtools/bin/../lib/gcc/arm-atollic-eabi/6.3.1/../../../../arm-atollic-eabi/lib/armv7e-m/fpu/fpv5-d16\libc_nano.a(lib_a-impure.o)
                0x20000164                _impure_ptr
 .data.impure_data
                0x20000168       0x60 c:/program files (x86)/atollic/truestudio for stm32 9.1.0/armtools/bin/../lib/gcc/arm-atollic-eabi/6.3.1/../../../../arm-atollic-eabi/lib/armv7e-m/fpu/fpv5-d16\libc_nano.a(lib_a-impure.o)
                0x200001c8                . = ALIGN (0x4)
                0x200001c8                _edata = .

.igot.plt       0x200001c8        0x0 load address 0x080052fc
 .igot.plt      0x200001c8        0x0 c:/program files (x86)/atollic/truestudio for stm32 9.1.0/armtools/bin/../lib/gcc/arm-atollic-eabi/6.3.1/armv7e-m/fpu/fpv5-d16/crtbegin.o

.RxDecripSection
                0x200001c8       0x60 load address 0x080052fc
 .RxDecripSection
                0x200001c8       0x60 Src\eth.o
                0x200001c8                DMARxDscrTab

.TxDecripSection
                0x20000228       0x60 load address 0x0800535c
 .TxDecripSection
                0x20000228       0x60 Src\eth.o
                0x20000228                DMATxDscrTab
                0x20000288                . = ALIGN (0x4)

.bss            0x20000288     0x1974 load address 0x080053bc
                0x20000288                _sbss = .
                0x20000288                __bss_start__ = _sbss
 *(.bss)
 .bss           0x20000288       0x1c c:/program files (x86)/atollic/truestudio for stm32 9.1.0/armtools/bin/../lib/gcc/arm-atollic-eabi/6.3.1/armv7e-m/fpu/fpv5-d16/crtbegin.o
 *(.bss*)
 .bss.uwTick    0x200002a4        0x4 Drivers\STM32H7xx_HAL_Driver\Src\stm32h7xx_hal.o
 .bss.ifalt.11657
                0x200002a8        0x1 Middlewares\ST\STM32_USB_Device_Library\Class\CDC\Src\usbd_cdc.o
 .bss.cfgidx.11662
                0x200002a9        0x1 Middlewares\ST\STM32_USB_Device_Library\Core\Src\usbd_ctlreq.o
 *fill*         0x200002aa        0x2 
 .bss.__malloc_free_list
                0x200002ac        0x4 c:/program files (x86)/atollic/truestudio for stm32 9.1.0/armtools/bin/../lib/gcc/arm-atollic-eabi/6.3.1/../../../../arm-atollic-eabi/lib/armv7e-m/fpu/fpv5-d16\libc_nano.a(lib_a-nano-mallocr.o)
                0x200002ac                __malloc_free_list
 .bss.__malloc_sbrk_start
                0x200002b0        0x4 c:/program files (x86)/atollic/truestudio for stm32 9.1.0/armtools/bin/../lib/gcc/arm-atollic-eabi/6.3.1/../../../../arm-atollic-eabi/lib/armv7e-m/fpu/fpv5-d16\libc_nano.a(lib_a-nano-mallocr.o)
                0x200002b0                __malloc_sbrk_start
 .bss.heap_end.5239
                0x200002b4        0x4 c:/program files (x86)/atollic/truestudio for stm32 9.1.0/armtools/bin/../lib/gcc/arm-atollic-eabi/6.3.1/../../../../arm-atollic-eabi/lib/armv7e-m/fpu/fpv5-d16\libnosys.a(sbrk.o)
 *(COMMON)
 COMMON         0x200002b8       0x9c Src\eth.o
                0x200002b8                heth
                0x20000320                TxConfig
 COMMON         0x20000354       0x80 Src\usart.o
                0x20000354                huart3
 COMMON         0x200003d4      0x224 Src\usb_device.o
                0x200003d4                hUsbDeviceFS
 COMMON         0x200005f8     0x1000 Src\usbd_cdc_if.o
                0x200005f8                UserRxBufferFS
                0x20000df8                UserTxBufferFS
 COMMON         0x200015f8      0x400 Src\usbd_conf.o
                0x200015f8                hpcd_USB_OTG_FS
 COMMON         0x200019f8      0x200 Src\usbd_desc.o
                0x200019f8                USBD_StrDesc
 COMMON         0x20001bf8        0x4 c:/program files (x86)/atollic/truestudio for stm32 9.1.0/armtools/bin/../lib/gcc/arm-atollic-eabi/6.3.1/../../../../arm-atollic-eabi/lib/armv7e-m/fpu/fpv5-d16\libc_nano.a(lib_a-reent.o)
                0x20001bf8                errno
                0x20001bfc                . = ALIGN (0x4)
                0x20001bfc                _ebss = .
                0x20001bfc                __bss_end__ = _ebss

._user_heap_stack
                0x20001bfc      0x600 load address 0x080053bc
                0x20001bfc                . = ALIGN (0x4)
                0x20001bfc                PROVIDE (end, .)
                [!provide]                PROVIDE (_end, .)
                0x20001dfc                . = (. + _Min_Heap_Size)
 *fill*         0x20001bfc      0x200 
                0x200021fc                . = (. + _Min_Stack_Size)
 *fill*         0x20001dfc      0x400 
                0x200021fc                . = ALIGN (0x4)

/DISCARD/
 libc.a(*)
 libm.a(*)
 libgcc.a(*)

.ARM.attributes
                0x00000000       0x2e
 *(.ARM.attributes)
 .ARM.attributes
                0x00000000       0x20 c:/program files (x86)/atollic/truestudio for stm32 9.1.0/armtools/bin/../lib/gcc/arm-atollic-eabi/6.3.1/armv7e-m/fpu/fpv5-d16/crti.o
 .ARM.attributes
                0x00000020       0x32 c:/program files (x86)/atollic/truestudio for stm32 9.1.0/armtools/bin/../lib/gcc/arm-atollic-eabi/6.3.1/armv7e-m/fpu/fpv5-d16/crtbegin.o
 .ARM.attributes
                0x00000052       0x37 Drivers\STM32H7xx_HAL_Driver\Src\stm32h7xx_hal.o
 .ARM.attributes
                0x00000089       0x37 Drivers\STM32H7xx_HAL_Driver\Src\stm32h7xx_hal_cortex.o
 .ARM.attributes
                0x000000c0       0x37 Drivers\STM32H7xx_HAL_Driver\Src\stm32h7xx_hal_eth.o
 .ARM.attributes
                0x000000f7       0x37 Drivers\STM32H7xx_HAL_Driver\Src\stm32h7xx_hal_gpio.o
 .ARM.attributes
                0x0000012e       0x37 Drivers\STM32H7xx_HAL_Driver\Src\stm32h7xx_hal_pcd.o
 .ARM.attributes
                0x00000165       0x37 Drivers\STM32H7xx_HAL_Driver\Src\stm32h7xx_hal_pcd_ex.o
 .ARM.attributes
                0x0000019c       0x37 Drivers\STM32H7xx_HAL_Driver\Src\stm32h7xx_hal_pwr_ex.o
 .ARM.attributes
                0x000001d3       0x37 Drivers\STM32H7xx_HAL_Driver\Src\stm32h7xx_hal_rcc.o
 .ARM.attributes
                0x0000020a       0x37 Drivers\STM32H7xx_HAL_Driver\Src\stm32h7xx_hal_rcc_ex.o
 .ARM.attributes
                0x00000241       0x37 Drivers\STM32H7xx_HAL_Driver\Src\stm32h7xx_hal_uart.o
 .ARM.attributes
                0x00000278       0x37 Drivers\STM32H7xx_HAL_Driver\Src\stm32h7xx_ll_usb.o
 .ARM.attributes
                0x000002af       0x37 Middlewares\ST\STM32_USB_Device_Library\Class\CDC\Src\usbd_cdc.o
 .ARM.attributes
                0x000002e6       0x37 Middlewares\ST\STM32_USB_Device_Library\Core\Src\usbd_core.o
 .ARM.attributes
                0x0000031d       0x37 Middlewares\ST\STM32_USB_Device_Library\Core\Src\usbd_ctlreq.o
 .ARM.attributes
                0x00000354       0x37 Middlewares\ST\STM32_USB_Device_Library\Core\Src\usbd_ioreq.o
 .ARM.attributes
                0x0000038b       0x37 Src\eth.o
 .ARM.attributes
                0x000003c2       0x37 Src\gpio.o
 .ARM.attributes
                0x000003f9       0x37 Src\main.o
 .ARM.attributes
                0x00000430       0x37 Src\stm32h7xx_hal_msp.o
 .ARM.attributes
                0x00000467       0x37 Src\stm32h7xx_it.o
 .ARM.attributes
                0x0000049e       0x37 Src\system_stm32h7xx.o
 .ARM.attributes
                0x000004d5       0x37 Src\usart.o
 .ARM.attributes
                0x0000050c       0x37 Src\usb_device.o
 .ARM.attributes
                0x00000543       0x37 Src\usbd_cdc_if.o
 .ARM.attributes
                0x0000057a       0x37 Src\usbd_conf.o
 .ARM.attributes
                0x000005b1       0x37 Src\usbd_desc.o
 .ARM.attributes
                0x000005e8       0x21 startup\startup_stm32h743xx.o
 .ARM.attributes
                0x00000609       0x32 c:/program files (x86)/atollic/truestudio for stm32 9.1.0/armtools/bin/../lib/gcc/arm-atollic-eabi/6.3.1/../../../../arm-atollic-eabi/lib/armv7e-m/fpu/fpv5-d16\libc_nano.a(lib_a-init.o)
 .ARM.attributes
                0x0000063b       0x32 c:/program files (x86)/atollic/truestudio for stm32 9.1.0/armtools/bin/../lib/gcc/arm-atollic-eabi/6.3.1/../../../../arm-atollic-eabi/lib/armv7e-m/fpu/fpv5-d16\libc_nano.a(lib_a-malloc.o)
 .ARM.attributes
                0x0000066d       0x32 c:/program files (x86)/atollic/truestudio for stm32 9.1.0/armtools/bin/../lib/gcc/arm-atollic-eabi/6.3.1/../../../../arm-atollic-eabi/lib/armv7e-m/fpu/fpv5-d16\libc_nano.a(lib_a-memset.o)
 .ARM.attributes
                0x0000069f       0x32 c:/program files (x86)/atollic/truestudio for stm32 9.1.0/armtools/bin/../lib/gcc/arm-atollic-eabi/6.3.1/../../../../arm-atollic-eabi/lib/armv7e-m/fpu/fpv5-d16\libc_nano.a(lib_a-nano-freer.o)
 .ARM.attributes
                0x000006d1       0x32 c:/program files (x86)/atollic/truestudio for stm32 9.1.0/armtools/bin/../lib/gcc/arm-atollic-eabi/6.3.1/../../../../arm-atollic-eabi/lib/armv7e-m/fpu/fpv5-d16\libc_nano.a(lib_a-nano-mallocr.o)
 .ARM.attributes
                0x00000703       0x32 c:/program files (x86)/atollic/truestudio for stm32 9.1.0/armtools/bin/../lib/gcc/arm-atollic-eabi/6.3.1/../../../../arm-atollic-eabi/lib/armv7e-m/fpu/fpv5-d16\libc_nano.a(lib_a-sbrkr.o)
 .ARM.attributes
                0x00000735       0x32 c:/program files (x86)/atollic/truestudio for stm32 9.1.0/armtools/bin/../lib/gcc/arm-atollic-eabi/6.3.1/../../../../arm-atollic-eabi/lib/armv7e-m/fpu/fpv5-d16\libc_nano.a(lib_a-impure.o)
 .ARM.attributes
                0x00000767       0x32 c:/program files (x86)/atollic/truestudio for stm32 9.1.0/armtools/bin/../lib/gcc/arm-atollic-eabi/6.3.1/../../../../arm-atollic-eabi/lib/armv7e-m/fpu/fpv5-d16\libc_nano.a(lib_a-mlock.o)
 .ARM.attributes
                0x00000799       0x32 c:/program files (x86)/atollic/truestudio for stm32 9.1.0/armtools/bin/../lib/gcc/arm-atollic-eabi/6.3.1/../../../../arm-atollic-eabi/lib/armv7e-m/fpu/fpv5-d16\libc_nano.a(lib_a-reent.o)
 .ARM.attributes
                0x000007cb       0x20 c:/program files (x86)/atollic/truestudio for stm32 9.1.0/armtools/bin/../lib/gcc/arm-atollic-eabi/6.3.1/armv7e-m/fpu/fpv5-d16\libgcc.a(_aeabi_uldivmod.o)
 .ARM.attributes
                0x000007eb       0x32 c:/program files (x86)/atollic/truestudio for stm32 9.1.0/armtools/bin/../lib/gcc/arm-atollic-eabi/6.3.1/armv7e-m/fpu/fpv5-d16\libgcc.a(_udivmoddi4.o)
 .ARM.attributes
                0x0000081d       0x20 c:/program files (x86)/atollic/truestudio for stm32 9.1.0/armtools/bin/../lib/gcc/arm-atollic-eabi/6.3.1/armv7e-m/fpu/fpv5-d16\libgcc.a(_dvmd_tls.o)
 .ARM.attributes
                0x0000083d       0x32 c:/program files (x86)/atollic/truestudio for stm32 9.1.0/armtools/bin/../lib/gcc/arm-atollic-eabi/6.3.1/../../../../arm-atollic-eabi/lib/armv7e-m/fpu/fpv5-d16\libnosys.a(sbrk.o)
 .ARM.attributes
                0x0000086f       0x20 c:/program files (x86)/atollic/truestudio for stm32 9.1.0/armtools/bin/../lib/gcc/arm-atollic-eabi/6.3.1/armv7e-m/fpu/fpv5-d16/crtn.o
OUTPUT(USB_VCP_Train.elf elf32-littlearm)

.debug_info     0x00000000    0x281a7
 .debug_info    0x00000000     0x1d5b Drivers\STM32H7xx_HAL_Driver\Src\stm32h7xx_hal.o
 .debug_info    0x00001d5b     0x1abb Drivers\STM32H7xx_HAL_Driver\Src\stm32h7xx_hal_cortex.o
 .debug_info    0x00003816     0x307a Drivers\STM32H7xx_HAL_Driver\Src\stm32h7xx_hal_eth.o
 .debug_info    0x00006890     0x149e Drivers\STM32H7xx_HAL_Driver\Src\stm32h7xx_hal_gpio.o
 .debug_info    0x00007d2e     0x1e11 Drivers\STM32H7xx_HAL_Driver\Src\stm32h7xx_hal_pcd.o
 .debug_info    0x00009b3f     0x12a2 Drivers\STM32H7xx_HAL_Driver\Src\stm32h7xx_hal_pcd_ex.o
 .debug_info    0x0000ade1     0x16b0 Drivers\STM32H7xx_HAL_Driver\Src\stm32h7xx_hal_pwr_ex.o
 .debug_info    0x0000c491     0x1af2 Drivers\STM32H7xx_HAL_Driver\Src\stm32h7xx_hal_rcc.o
 .debug_info    0x0000df83     0x20cc Drivers\STM32H7xx_HAL_Driver\Src\stm32h7xx_hal_rcc_ex.o
 .debug_info    0x0001004f     0x2762 Drivers\STM32H7xx_HAL_Driver\Src\stm32h7xx_hal_uart.o
 .debug_info    0x000127b1     0x1fd7 Drivers\STM32H7xx_HAL_Driver\Src\stm32h7xx_ll_usb.o
 .debug_info    0x00014788     0x1520 Middlewares\ST\STM32_USB_Device_Library\Class\CDC\Src\usbd_cdc.o
 .debug_info    0x00015ca8     0x1490 Middlewares\ST\STM32_USB_Device_Library\Core\Src\usbd_core.o
 .debug_info    0x00017138     0x14c3 Middlewares\ST\STM32_USB_Device_Library\Core\Src\usbd_ctlreq.o
 .debug_info    0x000185fb      0xfef Middlewares\ST\STM32_USB_Device_Library\Core\Src\usbd_ioreq.o
 .debug_info    0x000195ea     0x1f37 Src\eth.o
 .debug_info    0x0001b521      0xfc5 Src\gpio.o
 .debug_info    0x0001c4e6     0x2329 Src\main.o
 .debug_info    0x0001e80f      0xd26 Src\stm32h7xx_hal_msp.o
 .debug_info    0x0001f535      0xecf Src\stm32h7xx_it.o
 .debug_info    0x00020404     0x1187 Src\system_stm32h7xx.o
 .debug_info    0x0002158b     0x15c5 Src\usart.o
 .debug_info    0x00022b50      0xeb9 Src\usb_device.o
 .debug_info    0x00023a09     0x10ba Src\usbd_cdc_if.o
 .debug_info    0x00024ac3     0x28b0 Src\usbd_conf.o
 .debug_info    0x00027373      0xda4 Src\usbd_desc.o
 .debug_info    0x00028117       0x90 startup\startup_stm32h743xx.o

.debug_abbrev   0x00000000     0x4ce1
 .debug_abbrev  0x00000000      0x395 Drivers\STM32H7xx_HAL_Driver\Src\stm32h7xx_hal.o
 .debug_abbrev  0x00000395      0x3c0 Drivers\STM32H7xx_HAL_Driver\Src\stm32h7xx_hal_cortex.o
 .debug_abbrev  0x00000755      0x3c0 Drivers\STM32H7xx_HAL_Driver\Src\stm32h7xx_hal_eth.o
 .debug_abbrev  0x00000b15      0x2b1 Drivers\STM32H7xx_HAL_Driver\Src\stm32h7xx_hal_gpio.o
 .debug_abbrev  0x00000dc6      0x3a8 Drivers\STM32H7xx_HAL_Driver\Src\stm32h7xx_hal_pcd.o
 .debug_abbrev  0x0000116e      0x311 Drivers\STM32H7xx_HAL_Driver\Src\stm32h7xx_hal_pcd_ex.o
 .debug_abbrev  0x0000147f      0x390 Drivers\STM32H7xx_HAL_Driver\Src\stm32h7xx_hal_pwr_ex.o
 .debug_abbrev  0x0000180f      0x384 Drivers\STM32H7xx_HAL_Driver\Src\stm32h7xx_hal_rcc.o
 .debug_abbrev  0x00001b93      0x3a7 Drivers\STM32H7xx_HAL_Driver\Src\stm32h7xx_hal_rcc_ex.o
 .debug_abbrev  0x00001f3a      0x405 Drivers\STM32H7xx_HAL_Driver\Src\stm32h7xx_hal_uart.o
 .debug_abbrev  0x0000233f      0x385 Drivers\STM32H7xx_HAL_Driver\Src\stm32h7xx_ll_usb.o
 .debug_abbrev  0x000026c4      0x2f7 Middlewares\ST\STM32_USB_Device_Library\Class\CDC\Src\usbd_cdc.o
 .debug_abbrev  0x000029bb      0x317 Middlewares\ST\STM32_USB_Device_Library\Core\Src\usbd_core.o
 .debug_abbrev  0x00002cd2      0x3b9 Middlewares\ST\STM32_USB_Device_Library\Core\Src\usbd_ctlreq.o
 .debug_abbrev  0x0000308b      0x1e9 Middlewares\ST\STM32_USB_Device_Library\Core\Src\usbd_ioreq.o
 .debug_abbrev  0x00003274      0x2b3 Src\eth.o
 .debug_abbrev  0x00003527      0x22f Src\gpio.o
 .debug_abbrev  0x00003756      0x28e Src\main.o
 .debug_abbrev  0x000039e4      0x1b9 Src\stm32h7xx_hal_msp.o
 .debug_abbrev  0x00003b9d      0x242 Src\stm32h7xx_it.o
 .debug_abbrev  0x00003ddf      0x239 Src\system_stm32h7xx.o
 .debug_abbrev  0x00004018      0x278 Src\usart.o
 .debug_abbrev  0x00004290      0x204 Src\usb_device.o
 .debug_abbrev  0x00004494      0x2ba Src\usbd_cdc_if.o
 .debug_abbrev  0x0000474e      0x2f7 Src\usbd_conf.o
 .debug_abbrev  0x00004a45      0x28a Src\usbd_desc.o
 .debug_abbrev  0x00004ccf       0x12 startup\startup_stm32h743xx.o

.debug_loc      0x00000000     0xb109
 .debug_loc     0x00000000      0x3ff Drivers\STM32H7xx_HAL_Driver\Src\stm32h7xx_hal.o
 .debug_loc     0x000003ff      0x56a Drivers\STM32H7xx_HAL_Driver\Src\stm32h7xx_hal_cortex.o
 .debug_loc     0x00000969     0x1bd7 Drivers\STM32H7xx_HAL_Driver\Src\stm32h7xx_hal_eth.o
 .debug_loc     0x00002540      0x388 Drivers\STM32H7xx_HAL_Driver\Src\stm32h7xx_hal_gpio.o
 .debug_loc     0x000028c8      0xba5 Drivers\STM32H7xx_HAL_Driver\Src\stm32h7xx_hal_pcd.o
 .debug_loc     0x0000346d      0x1d5 Drivers\STM32H7xx_HAL_Driver\Src\stm32h7xx_hal_pcd_ex.o
 .debug_loc     0x00003642      0x338 Drivers\STM32H7xx_HAL_Driver\Src\stm32h7xx_hal_pwr_ex.o
 .debug_loc     0x0000397a      0x512 Drivers\STM32H7xx_HAL_Driver\Src\stm32h7xx_hal_rcc.o
 .debug_loc     0x00003e8c      0xdf5 Drivers\STM32H7xx_HAL_Driver\Src\stm32h7xx_hal_rcc_ex.o
 .debug_loc     0x00004c81     0x2a73 Drivers\STM32H7xx_HAL_Driver\Src\stm32h7xx_hal_uart.o
 .debug_loc     0x000076f4     0x15c7 Drivers\STM32H7xx_HAL_Driver\Src\stm32h7xx_ll_usb.o
 .debug_loc     0x00008cbb      0x4cf Middlewares\ST\STM32_USB_Device_Library\Class\CDC\Src\usbd_cdc.o
 .debug_loc     0x0000918a      0x5f2 Middlewares\ST\STM32_USB_Device_Library\Core\Src\usbd_core.o
 .debug_loc     0x0000977c      0x7cd Middlewares\ST\STM32_USB_Device_Library\Core\Src\usbd_ctlreq.o
 .debug_loc     0x00009f49      0x23c Middlewares\ST\STM32_USB_Device_Library\Core\Src\usbd_ioreq.o
 .debug_loc     0x0000a185       0x58 Src\eth.o
 .debug_loc     0x0000a1dd      0x1fa Src\system_stm32h7xx.o
 .debug_loc     0x0000a3d7       0x58 Src\usart.o
 .debug_loc     0x0000a42f      0x10c Src\usbd_cdc_if.o
 .debug_loc     0x0000a53b      0x95b Src\usbd_conf.o
 .debug_loc     0x0000ae96      0x273 Src\usbd_desc.o

.debug_aranges  0x00000000      0xf70
 .debug_aranges
                0x00000000      0x198 Drivers\STM32H7xx_HAL_Driver\Src\stm32h7xx_hal.o
 .debug_aranges
                0x00000198       0xb0 Drivers\STM32H7xx_HAL_Driver\Src\stm32h7xx_hal_cortex.o
 .debug_aranges
                0x00000248      0x150 Drivers\STM32H7xx_HAL_Driver\Src\stm32h7xx_hal_eth.o
 .debug_aranges
                0x00000398       0x58 Drivers\STM32H7xx_HAL_Driver\Src\stm32h7xx_hal_gpio.o
 .debug_aranges
                0x000003f0       0xc0 Drivers\STM32H7xx_HAL_Driver\Src\stm32h7xx_hal_pcd.o
 .debug_aranges
                0x000004b0       0x58 Drivers\STM32H7xx_HAL_Driver\Src\stm32h7xx_hal_pcd_ex.o
 .debug_aranges
                0x00000508      0x120 Drivers\STM32H7xx_HAL_Driver\Src\stm32h7xx_hal_pwr_ex.o
 .debug_aranges
                0x00000628       0x80 Drivers\STM32H7xx_HAL_Driver\Src\stm32h7xx_hal_rcc.o
 .debug_aranges
                0x000006a8       0xd0 Drivers\STM32H7xx_HAL_Driver\Src\stm32h7xx_hal_rcc_ex.o
 .debug_aranges
                0x00000778      0x188 Drivers\STM32H7xx_HAL_Driver\Src\stm32h7xx_hal_uart.o
 .debug_aranges
                0x00000900      0x180 Drivers\STM32H7xx_HAL_Driver\Src\stm32h7xx_ll_usb.o
 .debug_aranges
                0x00000a80       0x90 Middlewares\ST\STM32_USB_Device_Library\Class\CDC\Src\usbd_cdc.o
 .debug_aranges
                0x00000b10       0xa8 Middlewares\ST\STM32_USB_Device_Library\Core\Src\usbd_core.o
 .debug_aranges
                0x00000bb8       0x50 Middlewares\ST\STM32_USB_Device_Library\Core\Src\usbd_ctlreq.o
 .debug_aranges
                0x00000c08       0x50 Middlewares\ST\STM32_USB_Device_Library\Core\Src\usbd_ioreq.o
 .debug_aranges
                0x00000c58       0x30 Src\eth.o
 .debug_aranges
                0x00000c88       0x20 Src\gpio.o
 .debug_aranges
                0x00000ca8       0x30 Src\main.o
 .debug_aranges
                0x00000cd8       0x20 Src\stm32h7xx_hal_msp.o
 .debug_aranges
                0x00000cf8       0x50 Src\stm32h7xx_it.o
 .debug_aranges
                0x00000d48       0x28 Src\system_stm32h7xx.o
 .debug_aranges
                0x00000d70       0x30 Src\usart.o
 .debug_aranges
                0x00000da0       0x20 Src\usb_device.o
 .debug_aranges
                0x00000dc0       0x40 Src\usbd_cdc_if.o
 .debug_aranges
                0x00000e00       0xf8 Src\usbd_conf.o
 .debug_aranges
                0x00000ef8       0x50 Src\usbd_desc.o
 .debug_aranges
                0x00000f48       0x28 startup\startup_stm32h743xx.o

.debug_ranges   0x00000000     0x13f8
 .debug_ranges  0x00000000      0x188 Drivers\STM32H7xx_HAL_Driver\Src\stm32h7xx_hal.o
 .debug_ranges  0x00000188      0x140 Drivers\STM32H7xx_HAL_Driver\Src\stm32h7xx_hal_cortex.o
 .debug_ranges  0x000002c8      0x1b8 Drivers\STM32H7xx_HAL_Driver\Src\stm32h7xx_hal_eth.o
 .debug_ranges  0x00000480       0x70 Drivers\STM32H7xx_HAL_Driver\Src\stm32h7xx_hal_gpio.o
 .debug_ranges  0x000004f0       0xc8 Drivers\STM32H7xx_HAL_Driver\Src\stm32h7xx_hal_pcd.o
 .debug_ranges  0x000005b8       0x48 Drivers\STM32H7xx_HAL_Driver\Src\stm32h7xx_hal_pcd_ex.o
 .debug_ranges  0x00000600      0x110 Drivers\STM32H7xx_HAL_Driver\Src\stm32h7xx_hal_pwr_ex.o
 .debug_ranges  0x00000710      0x208 Drivers\STM32H7xx_HAL_Driver\Src\stm32h7xx_hal_rcc.o
 .debug_ranges  0x00000918      0x270 Drivers\STM32H7xx_HAL_Driver\Src\stm32h7xx_hal_rcc_ex.o
 .debug_ranges  0x00000b88      0x190 Drivers\STM32H7xx_HAL_Driver\Src\stm32h7xx_hal_uart.o
 .debug_ranges  0x00000d18      0x188 Drivers\STM32H7xx_HAL_Driver\Src\stm32h7xx_ll_usb.o
 .debug_ranges  0x00000ea0       0x80 Middlewares\ST\STM32_USB_Device_Library\Class\CDC\Src\usbd_cdc.o
 .debug_ranges  0x00000f20       0x98 Middlewares\ST\STM32_USB_Device_Library\Core\Src\usbd_core.o
 .debug_ranges  0x00000fb8       0xc0 Middlewares\ST\STM32_USB_Device_Library\Core\Src\usbd_ctlreq.o
 .debug_ranges  0x00001078       0x40 Middlewares\ST\STM32_USB_Device_Library\Core\Src\usbd_ioreq.o
 .debug_ranges  0x000010b8       0x60 Src\eth.o
 .debug_ranges  0x00001118       0x48 Src\gpio.o
 .debug_ranges  0x00001160       0x20 Src\main.o
 .debug_ranges  0x00001180       0x28 Src\stm32h7xx_hal_msp.o
 .debug_ranges  0x000011a8       0x40 Src\stm32h7xx_it.o
 .debug_ranges  0x000011e8       0x30 Src\system_stm32h7xx.o
 .debug_ranges  0x00001218       0x38 Src\usart.o
 .debug_ranges  0x00001250       0x10 Src\usb_device.o
 .debug_ranges  0x00001260       0x30 Src\usbd_cdc_if.o
 .debug_ranges  0x00001290      0x108 Src\usbd_conf.o
 .debug_ranges  0x00001398       0x40 Src\usbd_desc.o
 .debug_ranges  0x000013d8       0x20 startup\startup_stm32h743xx.o

.debug_line     0x00000000     0x91c5
 .debug_line    0x00000000      0x696 Drivers\STM32H7xx_HAL_Driver\Src\stm32h7xx_hal.o
 .debug_line    0x00000696      0x520 Drivers\STM32H7xx_HAL_Driver\Src\stm32h7xx_hal_cortex.o
 .debug_line    0x00000bb6      0xafa Drivers\STM32H7xx_HAL_Driver\Src\stm32h7xx_hal_eth.o
 .debug_line    0x000016b0      0x4d0 Drivers\STM32H7xx_HAL_Driver\Src\stm32h7xx_hal_gpio.o
 .debug_line    0x00001b80      0x7c7 Drivers\STM32H7xx_HAL_Driver\Src\stm32h7xx_hal_pcd.o
 .debug_line    0x00002347      0x3f7 Drivers\STM32H7xx_HAL_Driver\Src\stm32h7xx_hal_pcd_ex.o
 .debug_line    0x0000273e      0x615 Drivers\STM32H7xx_HAL_Driver\Src\stm32h7xx_hal_pwr_ex.o
 .debug_line    0x00002d53      0x7e8 Drivers\STM32H7xx_HAL_Driver\Src\stm32h7xx_hal_rcc.o
 .debug_line    0x0000353b      0xa5c Drivers\STM32H7xx_HAL_Driver\Src\stm32h7xx_hal_rcc_ex.o
 .debug_line    0x00003f97      0xe2b Drivers\STM32H7xx_HAL_Driver\Src\stm32h7xx_hal_uart.o
 .debug_line    0x00004dc2      0x942 Drivers\STM32H7xx_HAL_Driver\Src\stm32h7xx_ll_usb.o
 .debug_line    0x00005704      0x539 Middlewares\ST\STM32_USB_Device_Library\Class\CDC\Src\usbd_cdc.o
 .debug_line    0x00005c3d      0x53a Middlewares\ST\STM32_USB_Device_Library\Core\Src\usbd_core.o
 .debug_line    0x00006177      0x4b3 Middlewares\ST\STM32_USB_Device_Library\Core\Src\usbd_ctlreq.o
 .debug_line    0x0000662a      0x3ca Middlewares\ST\STM32_USB_Device_Library\Core\Src\usbd_ioreq.o
 .debug_line    0x000069f4      0x36c Src\eth.o
 .debug_line    0x00006d60      0x2c7 Src\gpio.o
 .debug_line    0x00007027      0x3fb Src\main.o
 .debug_line    0x00007422      0x282 Src\stm32h7xx_hal_msp.o
 .debug_line    0x000076a4      0x332 Src\stm32h7xx_it.o
 .debug_line    0x000079d6      0x309 Src\system_stm32h7xx.o
 .debug_line    0x00007cdf      0x31e Src\usart.o
 .debug_line    0x00007ffd      0x3ad Src\usb_device.o
 .debug_line    0x000083aa      0x3c3 Src\usbd_cdc_if.o
 .debug_line    0x0000876d      0x631 Src\usbd_conf.o
 .debug_line    0x00008d9e      0x3a8 Src\usbd_desc.o
 .debug_line    0x00009146       0x7f startup\startup_stm32h743xx.o

.debug_str      0x00000000     0x7073
 .debug_str     0x00000000     0x1859 Drivers\STM32H7xx_HAL_Driver\Src\stm32h7xx_hal.o
                               0x1957 (size before relaxing)
 .debug_str     0x00001859      0x549 Drivers\STM32H7xx_HAL_Driver\Src\stm32h7xx_hal_cortex.o
                               0x14e2 (size before relaxing)
 .debug_str     0x00001da2     0x1417 Drivers\STM32H7xx_HAL_Driver\Src\stm32h7xx_hal_eth.o
                               0x1e5d (size before relaxing)
 .debug_str     0x000031b9      0x183 Drivers\STM32H7xx_HAL_Driver\Src\stm32h7xx_hal_gpio.o
                                0xb8d (size before relaxing)
 .debug_str     0x0000333c      0xaa0 Drivers\STM32H7xx_HAL_Driver\Src\stm32h7xx_hal_pcd.o
                               0x11b6 (size before relaxing)
 .debug_str     0x00003ddc      0x199 Drivers\STM32H7xx_HAL_Driver\Src\stm32h7xx_hal_pcd_ex.o
                                0xd52 (size before relaxing)
 .debug_str     0x00003f75      0x56d Drivers\STM32H7xx_HAL_Driver\Src\stm32h7xx_hal_pwr_ex.o
                                0xe8e (size before relaxing)
 .debug_str     0x000044e2      0x46b Drivers\STM32H7xx_HAL_Driver\Src\stm32h7xx_hal_rcc.o
                                0xe33 (size before relaxing)
 .debug_str     0x0000494d      0x8a4 Drivers\STM32H7xx_HAL_Driver\Src\stm32h7xx_hal_rcc_ex.o
                               0x126b (size before relaxing)
 .debug_str     0x000051f1      0xc71 Drivers\STM32H7xx_HAL_Driver\Src\stm32h7xx_hal_uart.o
                               0x1770 (size before relaxing)
 .debug_str     0x00005e62      0x3c4 Drivers\STM32H7xx_HAL_Driver\Src\stm32h7xx_ll_usb.o
                               0x1094 (size before relaxing)
 .debug_str     0x00006226      0x615 Middlewares\ST\STM32_USB_Device_Library\Class\CDC\Src\usbd_cdc.o
                                0xd5f (size before relaxing)
 .debug_str     0x0000683b      0x2a0 Middlewares\ST\STM32_USB_Device_Library\Core\Src\usbd_core.o
                                0xce9 (size before relaxing)
 .debug_str     0x00006adb      0x125 Middlewares\ST\STM32_USB_Device_Library\Core\Src\usbd_ctlreq.o
                                0xc03 (size before relaxing)
 .debug_str     0x00006c00       0x51 Middlewares\ST\STM32_USB_Device_Library\Core\Src\usbd_ioreq.o
                                0xb30 (size before relaxing)
 .debug_str     0x00006c51       0x5a Src\eth.o
                               0x12e0 (size before relaxing)
 .debug_str     0x00006cab       0x1b Src\gpio.o
                                0x95a (size before relaxing)
 .debug_str     0x00006cc6       0x63 Src\main.o
                               0x1a58 (size before relaxing)
 .debug_str     0x00006d29       0x1b Src\stm32h7xx_hal_msp.o
                                0x8af (size before relaxing)
 .debug_str     0x00006d44       0xc8 Src\stm32h7xx_it.o
                                0xafb (size before relaxing)
 .debug_str     0x00006e0c       0x3b Src\system_stm32h7xx.o
                                0xa14 (size before relaxing)
 .debug_str     0x00006e47       0x1a Src\usart.o
                                0xf63 (size before relaxing)
 .debug_str     0x00006e61       0x38 Src\usb_device.o
                                0xaec (size before relaxing)
 .debug_str     0x00006e99       0x7b Src\usbd_cdc_if.o
                                0xbc3 (size before relaxing)
 .debug_str     0x00006f14       0x51 Src\usbd_conf.o
                               0x1ed4 (size before relaxing)
 .debug_str     0x00006f65      0x10e Src\usbd_desc.o
                                0x8a4 (size before relaxing)

.comment        0x00000000       0x7c
 .comment       0x00000000       0x7c Drivers\STM32H7xx_HAL_Driver\Src\stm32h7xx_hal.o
                                 0x7d (size before relaxing)
 .comment       0x0000007c       0x7d Drivers\STM32H7xx_HAL_Driver\Src\stm32h7xx_hal_cortex.o
 .comment       0x0000007c       0x7d Drivers\STM32H7xx_HAL_Driver\Src\stm32h7xx_hal_eth.o
 .comment       0x0000007c       0x7d Drivers\STM32H7xx_HAL_Driver\Src\stm32h7xx_hal_gpio.o
 .comment       0x0000007c       0x7d Drivers\STM32H7xx_HAL_Driver\Src\stm32h7xx_hal_pcd.o
 .comment       0x0000007c       0x7d Drivers\STM32H7xx_HAL_Driver\Src\stm32h7xx_hal_pcd_ex.o
 .comment       0x0000007c       0x7d Drivers\STM32H7xx_HAL_Driver\Src\stm32h7xx_hal_pwr_ex.o
 .comment       0x0000007c       0x7d Drivers\STM32H7xx_HAL_Driver\Src\stm32h7xx_hal_rcc.o
 .comment       0x0000007c       0x7d Drivers\STM32H7xx_HAL_Driver\Src\stm32h7xx_hal_rcc_ex.o
 .comment       0x0000007c       0x7d Drivers\STM32H7xx_HAL_Driver\Src\stm32h7xx_hal_uart.o
 .comment       0x0000007c       0x7d Drivers\STM32H7xx_HAL_Driver\Src\stm32h7xx_ll_usb.o
 .comment       0x0000007c       0x7d Middlewares\ST\STM32_USB_Device_Library\Class\CDC\Src\usbd_cdc.o
 .comment       0x0000007c       0x7d Middlewares\ST\STM32_USB_Device_Library\Core\Src\usbd_core.o
 .comment       0x0000007c       0x7d Middlewares\ST\STM32_USB_Device_Library\Core\Src\usbd_ctlreq.o
 .comment       0x0000007c       0x7d Middlewares\ST\STM32_USB_Device_Library\Core\Src\usbd_ioreq.o
 .comment       0x0000007c       0x7d Src\eth.o
 .comment       0x0000007c       0x7d Src\gpio.o
 .comment       0x0000007c       0x7d Src\main.o
 .comment       0x0000007c       0x7d Src\stm32h7xx_hal_msp.o
 .comment       0x0000007c       0x7d Src\stm32h7xx_it.o
 .comment       0x0000007c       0x7d Src\system_stm32h7xx.o
 .comment       0x0000007c       0x7d Src\usart.o
 .comment       0x0000007c       0x7d Src\usb_device.o
 .comment       0x0000007c       0x7d Src\usbd_cdc_if.o
 .comment       0x0000007c       0x7d Src\usbd_conf.o
 .comment       0x0000007c       0x7d Src\usbd_desc.o

.debug_frame    0x00000000     0x2a7c
 .debug_frame   0x00000000      0x384 Drivers\STM32H7xx_HAL_Driver\Src\stm32h7xx_hal.o
 .debug_frame   0x00000384      0x168 Drivers\STM32H7xx_HAL_Driver\Src\stm32h7xx_hal_cortex.o
 .debug_frame   0x000004ec      0x438 Drivers\STM32H7xx_HAL_Driver\Src\stm32h7xx_hal_eth.o
 .debug_frame   0x00000924       0xd8 Drivers\STM32H7xx_HAL_Driver\Src\stm32h7xx_hal_gpio.o
 .debug_frame   0x000009fc      0x2c4 Drivers\STM32H7xx_HAL_Driver\Src\stm32h7xx_hal_pcd.o
 .debug_frame   0x00000cc0       0xb8 Drivers\STM32H7xx_HAL_Driver\Src\stm32h7xx_hal_pcd_ex.o
 .debug_frame   0x00000d78      0x2f4 Drivers\STM32H7xx_HAL_Driver\Src\stm32h7xx_hal_pwr_ex.o
 .debug_frame   0x0000106c      0x13c Drivers\STM32H7xx_HAL_Driver\Src\stm32h7xx_hal_rcc.o
 .debug_frame   0x000011a8      0x254 Drivers\STM32H7xx_HAL_Driver\Src\stm32h7xx_hal_rcc_ex.o
 .debug_frame   0x000013fc      0x524 Drivers\STM32H7xx_HAL_Driver\Src\stm32h7xx_hal_uart.o
 .debug_frame   0x00001920      0x478 Drivers\STM32H7xx_HAL_Driver\Src\stm32h7xx_ll_usb.o
 .debug_frame   0x00001d98      0x14c Middlewares\ST\STM32_USB_Device_Library\Class\CDC\Src\usbd_cdc.o
 .debug_frame   0x00001ee4      0x1c0 Middlewares\ST\STM32_USB_Device_Library\Core\Src\usbd_core.o
 .debug_frame   0x000020a4       0xcc Middlewares\ST\STM32_USB_Device_Library\Core\Src\usbd_ctlreq.o
 .debug_frame   0x00002170       0xb8 Middlewares\ST\STM32_USB_Device_Library\Core\Src\usbd_ioreq.o
 .debug_frame   0x00002228       0x70 Src\eth.o
 .debug_frame   0x00002298       0x34 Src\gpio.o
 .debug_frame   0x000022cc       0x5c Src\main.o
 .debug_frame   0x00002328       0x28 Src\stm32h7xx_hal_msp.o
 .debug_frame   0x00002350       0xb0 Src\stm32h7xx_it.o
 .debug_frame   0x00002400       0x44 Src\system_stm32h7xx.o
 .debug_frame   0x00002444       0x60 Src\usart.o
 .debug_frame   0x000024a4       0x2c Src\usb_device.o
 .debug_frame   0x000024d0       0x80 Src\usbd_cdc_if.o
 .debug_frame   0x00002550      0x26c Src\usbd_conf.o
 .debug_frame   0x000027bc       0xa8 Src\usbd_desc.o
 .debug_frame   0x00002864       0x2c c:/program files (x86)/atollic/truestudio for stm32 9.1.0/armtools/bin/../lib/gcc/arm-atollic-eabi/6.3.1/../../../../arm-atollic-eabi/lib/armv7e-m/fpu/fpv5-d16\libc_nano.a(lib_a-init.o)
 .debug_frame   0x00002890       0x30 c:/program files (x86)/atollic/truestudio for stm32 9.1.0/armtools/bin/../lib/gcc/arm-atollic-eabi/6.3.1/../../../../arm-atollic-eabi/lib/armv7e-m/fpu/fpv5-d16\libc_nano.a(lib_a-malloc.o)
 .debug_frame   0x000028c0       0x20 c:/program files (x86)/atollic/truestudio for stm32 9.1.0/armtools/bin/../lib/gcc/arm-atollic-eabi/6.3.1/../../../../arm-atollic-eabi/lib/armv7e-m/fpu/fpv5-d16\libc_nano.a(lib_a-memset.o)
 .debug_frame   0x000028e0       0x38 c:/program files (x86)/atollic/truestudio for stm32 9.1.0/armtools/bin/../lib/gcc/arm-atollic-eabi/6.3.1/../../../../arm-atollic-eabi/lib/armv7e-m/fpu/fpv5-d16\libc_nano.a(lib_a-nano-freer.o)
 .debug_frame   0x00002918       0x2c c:/program files (x86)/atollic/truestudio for stm32 9.1.0/armtools/bin/../lib/gcc/arm-atollic-eabi/6.3.1/../../../../arm-atollic-eabi/lib/armv7e-m/fpu/fpv5-d16\libc_nano.a(lib_a-nano-mallocr.o)
 .debug_frame   0x00002944       0x2c c:/program files (x86)/atollic/truestudio for stm32 9.1.0/armtools/bin/../lib/gcc/arm-atollic-eabi/6.3.1/../../../../arm-atollic-eabi/lib/armv7e-m/fpu/fpv5-d16\libc_nano.a(lib_a-sbrkr.o)
 .debug_frame   0x00002970       0x30 c:/program files (x86)/atollic/truestudio for stm32 9.1.0/armtools/bin/../lib/gcc/arm-atollic-eabi/6.3.1/../../../../arm-atollic-eabi/lib/armv7e-m/fpu/fpv5-d16\libc_nano.a(lib_a-mlock.o)
 .debug_frame   0x000029a0       0x5c c:/program files (x86)/atollic/truestudio for stm32 9.1.0/armtools/bin/../lib/gcc/arm-atollic-eabi/6.3.1/../../../../arm-atollic-eabi/lib/armv7e-m/fpu/fpv5-d16\libc_nano.a(lib_a-reent.o)
 .debug_frame   0x000029fc       0x2c c:/program files (x86)/atollic/truestudio for stm32 9.1.0/armtools/bin/../lib/gcc/arm-atollic-eabi/6.3.1/armv7e-m/fpu/fpv5-d16\libgcc.a(_aeabi_uldivmod.o)
 .debug_frame   0x00002a28       0x34 c:/program files (x86)/atollic/truestudio for stm32 9.1.0/armtools/bin/../lib/gcc/arm-atollic-eabi/6.3.1/armv7e-m/fpu/fpv5-d16\libgcc.a(_udivmoddi4.o)
 .debug_frame   0x00002a5c       0x20 c:/program files (x86)/atollic/truestudio for stm32 9.1.0/armtools/bin/../lib/gcc/arm-atollic-eabi/6.3.1/../../../../arm-atollic-eabi/lib/armv7e-m/fpu/fpv5-d16\libnosys.a(sbrk.o)
