Archive member included to satisfy reference by file (symbol)

c:/program files (x86)/atollic/truestudio for stm32 9.1.0/armtools/bin/../lib/gcc/arm-atollic-eabi/6.3.1/../../../../arm-atollic-eabi/lib/armv7e-m/fpu/fpv5-d16\libc_nano.a(lib_a-init.o)
                              startup\startup_stm32h743xx.o (__libc_init_array)
c:/program files (x86)/atollic/truestudio for stm32 9.1.0/armtools/bin/../lib/gcc/arm-atollic-eabi/6.3.1/../../../../arm-atollic-eabi/lib/armv7e-m/fpu/fpv5-d16\libc_nano.a(lib_a-memset.o)
                              Src\gpio.o (memset)
c:/program files (x86)/atollic/truestudio for stm32 9.1.0/armtools/bin/../lib/gcc/arm-atollic-eabi/6.3.1/armv7e-m/fpu/fpv5-d16\libgcc.a(_aeabi_uldivmod.o)
                              Drivers\STM32H7xx_HAL_Driver\Src\stm32h7xx_hal_uart.o (__aeabi_uldivmod)
c:/program files (x86)/atollic/truestudio for stm32 9.1.0/armtools/bin/../lib/gcc/arm-atollic-eabi/6.3.1/armv7e-m/fpu/fpv5-d16\libgcc.a(_udivmoddi4.o)
                              c:/program files (x86)/atollic/truestudio for stm32 9.1.0/armtools/bin/../lib/gcc/arm-atollic-eabi/6.3.1/armv7e-m/fpu/fpv5-d16\libgcc.a(_aeabi_uldivmod.o) (__udivmoddi4)
c:/program files (x86)/atollic/truestudio for stm32 9.1.0/armtools/bin/../lib/gcc/arm-atollic-eabi/6.3.1/armv7e-m/fpu/fpv5-d16\libgcc.a(_dvmd_tls.o)
                              c:/program files (x86)/atollic/truestudio for stm32 9.1.0/armtools/bin/../lib/gcc/arm-atollic-eabi/6.3.1/armv7e-m/fpu/fpv5-d16\libgcc.a(_aeabi_uldivmod.o) (__aeabi_ldiv0)

Allocating common symbols
Common symbol       size              file

huart3              0x80              Src\usart.o
hpcd_USB_OTG_FS     0x400             Src\usb_otg.o
pFlash              0x1c              Drivers\STM32H7xx_HAL_Driver\Src\stm32h7xx_hal_flash.o
htim7               0x40              Src\tim.o

Discarded input sections

 .text          0x00000000        0x0 c:/program files (x86)/atollic/truestudio for stm32 9.1.0/armtools/bin/../lib/gcc/arm-atollic-eabi/6.3.1/armv7e-m/fpu/fpv5-d16/crti.o
 .data          0x00000000        0x0 c:/program files (x86)/atollic/truestudio for stm32 9.1.0/armtools/bin/../lib/gcc/arm-atollic-eabi/6.3.1/armv7e-m/fpu/fpv5-d16/crti.o
 .bss           0x00000000        0x0 c:/program files (x86)/atollic/truestudio for stm32 9.1.0/armtools/bin/../lib/gcc/arm-atollic-eabi/6.3.1/armv7e-m/fpu/fpv5-d16/crti.o
 .data          0x00000000        0x4 c:/program files (x86)/atollic/truestudio for stm32 9.1.0/armtools/bin/../lib/gcc/arm-atollic-eabi/6.3.1/armv7e-m/fpu/fpv5-d16/crtbegin.o
 .text          0x00000000        0x0 Drivers\STM32H7xx_HAL_Driver\Src\stm32h7xx_hal.o
 .data          0x00000000        0x0 Drivers\STM32H7xx_HAL_Driver\Src\stm32h7xx_hal.o
 .bss           0x00000000        0x0 Drivers\STM32H7xx_HAL_Driver\Src\stm32h7xx_hal.o
 .text.HAL_MspInit
                0x00000000        0x2 Drivers\STM32H7xx_HAL_Driver\Src\stm32h7xx_hal.o
 .text.HAL_MspDeInit
                0x00000000        0x2 Drivers\STM32H7xx_HAL_Driver\Src\stm32h7xx_hal.o
 .text.HAL_DeInit
                0x00000000       0x5c Drivers\STM32H7xx_HAL_Driver\Src\stm32h7xx_hal.o
 .text.HAL_GetTickPrio
                0x00000000        0xc Drivers\STM32H7xx_HAL_Driver\Src\stm32h7xx_hal.o
 .text.HAL_SetTickFreq
                0x00000000       0x24 Drivers\STM32H7xx_HAL_Driver\Src\stm32h7xx_hal.o
 .text.HAL_GetTickFreq
                0x00000000        0xc Drivers\STM32H7xx_HAL_Driver\Src\stm32h7xx_hal.o
 .text.HAL_SuspendTick
                0x00000000       0x10 Drivers\STM32H7xx_HAL_Driver\Src\stm32h7xx_hal.o
 .text.HAL_ResumeTick
                0x00000000       0x10 Drivers\STM32H7xx_HAL_Driver\Src\stm32h7xx_hal.o
 .text.HAL_GetHalVersion
                0x00000000        0x8 Drivers\STM32H7xx_HAL_Driver\Src\stm32h7xx_hal.o
 .text.HAL_GetREVID
                0x00000000        0xc Drivers\STM32H7xx_HAL_Driver\Src\stm32h7xx_hal.o
 .text.HAL_GetDEVID
                0x00000000       0x10 Drivers\STM32H7xx_HAL_Driver\Src\stm32h7xx_hal.o
 .text.HAL_SYSCFG_VREFBUF_VoltageScalingConfig
                0x00000000       0x14 Drivers\STM32H7xx_HAL_Driver\Src\stm32h7xx_hal.o
 .text.HAL_SYSCFG_VREFBUF_HighImpedanceConfig
                0x00000000       0x14 Drivers\STM32H7xx_HAL_Driver\Src\stm32h7xx_hal.o
 .text.HAL_SYSCFG_VREFBUF_TrimmingConfig
                0x00000000       0x14 Drivers\STM32H7xx_HAL_Driver\Src\stm32h7xx_hal.o
 .text.HAL_SYSCFG_EnableVREFBUF
                0x00000000       0x30 Drivers\STM32H7xx_HAL_Driver\Src\stm32h7xx_hal.o
 .text.HAL_SYSCFG_DisableVREFBUF
                0x00000000       0x10 Drivers\STM32H7xx_HAL_Driver\Src\stm32h7xx_hal.o
 .text.HAL_SYSCFG_ETHInterfaceSelect
                0x00000000       0x14 Drivers\STM32H7xx_HAL_Driver\Src\stm32h7xx_hal.o
 .text.HAL_SYSCFG_AnalogSwitchConfig
                0x00000000       0x14 Drivers\STM32H7xx_HAL_Driver\Src\stm32h7xx_hal.o
 .text.HAL_SYSCFG_EnableBOOST
[...]
Memory Configuration

Name             Origin             Length             Attributes
DTCMRAM          0x20000000         0x00020000         xrw
RAM_D1           0x24000000         0x00080000         xrw
RAM_D2           0x30000000         0x00048000         xrw
RAM_D3           0x38000000         0x00010000         xrw
ITCMRAM          0x00000000         0x00010000         xrw
FLASH            0x08000000         0x00200000         xr
*default*        0x00000000         0xffffffff

Linker script and memory map

LOAD c:/program files (x86)/atollic/truestudio for stm32 9.1.0/armtools/bin/../lib/gcc/arm-atollic-eabi/6.3.1/armv7e-m/fpu/fpv5-d16/crti.o
LOAD c:/program files (x86)/atollic/truestudio for stm32 9.1.0/armtools/bin/../lib/gcc/arm-atollic-eabi/6.3.1/armv7e-m/fpu/fpv5-d16/crtbegin.o
LOAD Drivers\STM32H7xx_HAL_Driver\Src\stm32h7xx_hal.o
LOAD Drivers\STM32H7xx_HAL_Driver\Src\stm32h7xx_hal_cortex.o
LOAD Drivers\STM32H7xx_HAL_Driver\Src\stm32h7xx_hal_dma.o
LOAD Drivers\STM32H7xx_HAL_Driver\Src\stm32h7xx_hal_dma_ex.o
LOAD Drivers\STM32H7xx_HAL_Driver\Src\stm32h7xx_hal_flash.o
LOAD Drivers\STM32H7xx_HAL_Driver\Src\stm32h7xx_hal_flash_ex.o
LOAD Drivers\STM32H7xx_HAL_Driver\Src\stm32h7xx_hal_gpio.o
LOAD Drivers\STM32H7xx_HAL_Driver\Src\stm32h7xx_hal_hsem.o
LOAD Drivers\STM32H7xx_HAL_Driver\Src\stm32h7xx_hal_i2c.o
LOAD Drivers\STM32H7xx_HAL_Driver\Src\stm32h7xx_hal_i2c_ex.o
LOAD Drivers\STM32H7xx_HAL_Driver\Src\stm32h7xx_hal_mdma.o
LOAD Drivers\STM32H7xx_HAL_Driver\Src\stm32h7xx_hal_pcd.o
LOAD Drivers\STM32H7xx_HAL_Driver\Src\stm32h7xx_hal_pcd_ex.o
LOAD Drivers\STM32H7xx_HAL_Driver\Src\stm32h7xx_hal_pwr.o
LOAD Drivers\STM32H7xx_HAL_Driver\Src\stm32h7xx_hal_pwr_ex.o
LOAD Drivers\STM32H7xx_HAL_Driver\Src\stm32h7xx_hal_rcc.o
LOAD Drivers\STM32H7xx_HAL_Driver\Src\stm32h7xx_hal_rcc_ex.o
LOAD Drivers\STM32H7xx_HAL_Driver\Src\stm32h7xx_hal_tim.o
LOAD Drivers\STM32H7xx_HAL_Driver\Src\stm32h7xx_hal_tim_ex.o
LOAD Drivers\STM32H7xx_HAL_Driver\Src\stm32h7xx_hal_uart.o
LOAD Drivers\STM32H7xx_HAL_Driver\Src\stm32h7xx_hal_uart_ex.o
LOAD Drivers\STM32H7xx_HAL_Driver\Src\stm32h7xx_ll_usb.o
LOAD Src\gpio.o
LOAD Src\main.o
LOAD Src\stm32h7xx_hal_msp.o
LOAD Src\stm32h7xx_it.o
LOAD Src\system_stm32h7xx.o
LOAD Src\tim.o
LOAD Src\usart.o
LOAD Src\usb_otg.o
LOAD startup\startup_stm32h743xx.o
                0x00000080                malloc_getpagesize_P = 0x80
START GROUP
LOAD c:/program files (x86)/atollic/truestudio for stm32 9.1.0/armtools/bin/../lib/gcc/arm-atollic-eabi/6.3.1/../../../../arm-atollic-eabi/lib/armv7e-m/fpu/fpv5-d16\libc_nano.a
LOAD c:/program files (x86)/atollic/truestudio for stm32 9.1.0/armtools/bin/../lib/gcc/arm-atollic-eabi/6.3.1/../../../../arm-atollic-eabi/lib/armv7e-m/fpu/fpv5-d16\libm.a
END GROUP
START GROUP
LOAD c:/program files (x86)/atollic/truestudio for stm32 9.1.0/armtools/bin/../lib/gcc/arm-atollic-eabi/6.3.1/armv7e-m/fpu/fpv5-d16\libgcc.a
LOAD c:/program files (x86)/atollic/truestudio for stm32 9.1.0/armtools/bin/../lib/gcc/arm-atollic-eabi/6.3.1/../../../../arm-atollic-eabi/lib/armv7e-m/fpu/fpv5-d16\libc_nano.a
END GROUP
START GROUP
LOAD c:/program files (x86)/atollic/truestudio for stm32 9.1.0/armtools/bin/../lib/gcc/arm-atollic-eabi/6.3.1/armv7e-m/fpu/fpv5-d16\libgcc.a
LOAD c:/program files (x86)/atollic/truestudio for stm32 9.1.0/armtools/bin/../lib/gcc/arm-atollic-eabi/6.3.1/../../../../arm-atollic-eabi/lib/armv7e-m/fpu/fpv5-d16\libc_nano.a
LOAD c:/program files (x86)/atollic/truestudio for stm32 9.1.0/armtools/bin/../lib/gcc/arm-atollic-eabi/6.3.1/../../../../arm-atollic-eabi/lib/armv7e-m/fpu/fpv5-d16\libnosys.a
END GROUP
START GROUP
LOAD c:/program files (x86)/atollic/truestudio for stm32 9.1.0/armtools/bin/../lib/gcc/arm-atollic-eabi/6.3.1/armv7e-m/fpu/fpv5-d16\libgcc.a
LOAD c:/program files (x86)/atollic/truestudio for stm32 9.1.0/armtools/bin/../lib/gcc/arm-atollic-eabi/6.3.1/../../../../arm-atollic-eabi/lib/armv7e-m/fpu/fpv5-d16\libc_nano.a
LOAD c:/program files (x86)/atollic/truestudio for stm32 9.1.0/armtools/bin/../lib/gcc/arm-atollic-eabi/6.3.1/../../../../arm-atollic-eabi/lib/armv7e-m/fpu/fpv5-d16\libnosys.a
END GROUP
LOAD c:/program files (x86)/atollic/truestudio for stm32 9.1.0/armtools/bin/../lib/gcc/arm-atollic-eabi/6.3.1/armv7e-m/fpu/fpv5-d16/crtend.o
LOAD c:/program files (x86)/atollic/truestudio for stm32 9.1.0/armtools/bin/../lib/gcc/arm-atollic-eabi/6.3.1/armv7e-m/fpu/fpv5-d16/crtn.o
                0x20020000                _estack = 0x20020000
                0x00000200                _Min_Heap_Size = 0x200
                0x00000400                _Min_Stack_Size = 0x400

.isr_vector     0x08000000      0x298
                0x08000000                . = ALIGN (0x4)
 *(.isr_vector)
 .isr_vector    0x08000000      0x298 startup\startup_stm32h743xx.o
                0x08000000                g_pfnVectors
                0x08000298                . = ALIGN (0x4)

.text           0x08000298     0x330c
                0x08000298                . = ALIGN (0x4)
 *(.text)
 .text          0x08000298       0x40 c:/program files (x86)/atollic/truestudio for stm32 9.1.0/armtools/bin/../lib/gcc/arm-atollic-eabi/6.3.1/armv7e-m/fpu/fpv5-d16/crtbegin.o
 .text          0x080002d8       0x30 c:/program files (x86)/atollic/truestudio for stm32 9.1.0/armtools/bin/../lib/gcc/arm-atollic-eabi/6.3.1/armv7e-m/fpu/fpv5-d16\libgcc.a(_aeabi_uldivmod.o)
                0x080002d8                __aeabi_uldivmod
 .text          0x08000308      0x2dc c:/program files (x86)/atollic/truestudio for stm32 9.1.0/armtools/bin/../lib/gcc/arm-atollic-eabi/6.3.1/armv7e-m/fpu/fpv5-d16\libgcc.a(_udivmoddi4.o)
                0x08000308                __udivmoddi4
 .text          0x080005e4        0x4 c:/program files (x86)/atollic/truestudio for stm32 9.1.0/armtools/bin/../lib/gcc/arm-atollic-eabi/6.3.1/armv7e-m/fpu/fpv5-d16\libgcc.a(_dvmd_tls.o)
                0x080005e4                __aeabi_idiv0
                0x080005e4                __aeabi_ldiv0
 *(.text*)
 .text.HAL_InitTick
                0x080005e8       0x48 Drivers\STM32H7xx_HAL_Driver\Src\stm32h7xx_hal.o
                0x080005e8                HAL_InitTick
 .text.HAL_Init
                0x08000630       0x1e Drivers\STM32H7xx_HAL_Driver\Src\stm32h7xx_hal.o
                0x08000630                HAL_Init
 *fill*         0x0800064e        0x2 
 .text.HAL_IncTick
                0x08000650       0x18 Drivers\STM32H7xx_HAL_Driver\Src\stm32h7xx_hal.o
                0x08000650                HAL_IncTick
 .text.HAL_GetTick
                0x08000668        0xc Drivers\STM32H7xx_HAL_Driver\Src\stm32h7xx_hal.o
                0x08000668                HAL_GetTick
 .text.HAL_Delay
                0x08000674       0x24 Drivers\STM32H7xx_HAL_Driver\Src\stm32h7xx_hal.o
                0x08000674                HAL_Delay
 .text.HAL_NVIC_SetPriorityGrouping
                0x08000698       0x24 Drivers\STM32H7xx_HAL_Driver\Src\stm32h7xx_hal_cortex.o
                0x08000698                HAL_NVIC_SetPriorityGrouping
 .text.HAL_NVIC_SetPriority
                0x080006bc       0x70 Drivers\STM32H7xx_HAL_Driver\Src\stm32h7xx_hal_cortex.o
                0x080006bc                HAL_NVIC_SetPriority
 .text.HAL_NVIC_EnableIRQ
                0x0800072c       0x1c Drivers\STM32H7xx_HAL_Driver\Src\stm32h7xx_hal_cortex.o
                0x0800072c                HAL_NVIC_EnableIRQ
 .text.HAL_SYSTICK_Config
                0x08000748       0x2c Drivers\STM32H7xx_HAL_Driver\Src\stm32h7xx_hal_cortex.o
                0x08000748                HAL_SYSTICK_Config
 .text.HAL_DMA_Abort_IT
                0x08000774       0x8c Drivers\STM32H7xx_HAL_Driver\Src\stm32h7xx_hal_dma.o
                0x08000774                HAL_DMA_Abort_IT
 .text.HAL_GPIO_Init
                0x08000800      0x1d4 Drivers\STM32H7xx_HAL_Driver\Src\stm32h7xx_hal_gpio.o
                0x08000800                HAL_GPIO_Init
 .text.HAL_GPIO_WritePin
                0x080009d4        0xa Drivers\STM32H7xx_HAL_Driver\Src\stm32h7xx_hal_gpio.o
                0x080009d4                HAL_GPIO_WritePin
 .text.HAL_GPIO_TogglePin
                0x080009de        0x8 Drivers\STM32H7xx_HAL_Driver\Src\stm32h7xx_hal_gpio.o
                0x080009de                HAL_GPIO_TogglePin
 .text.HAL_PCD_Init
                0x080009e6       0xea Drivers\STM32H7xx_HAL_Driver\Src\stm32h7xx_hal_pcd.o
                0x080009e6                HAL_PCD_Init
 .text.HAL_PCDEx_ActivateLPM
                0x08000ad0       0x26 Drivers\STM32H7xx_HAL_Driver\Src\stm32h7xx_hal_pcd_ex.o
                0x08000ad0                HAL_PCDEx_ActivateLPM
 .text.HAL_PCDEx_ActivateBCD
                0x08000af6       0x1c Drivers\STM32H7xx_HAL_Driver\Src\stm32h7xx_hal_pcd_ex.o
                0x08000af6                HAL_PCDEx_ActivateBCD
 *fill*         0x08000b12        0x2 
 .text.HAL_RCC_OscConfig
                0x08000b14      0x494 Drivers\STM32H7xx_HAL_Driver\Src\stm32h7xx_hal_rcc.o
                0x08000b14                HAL_RCC_OscConfig
 .text.HAL_RCC_GetSysClockFreq
                0x08000fa8      0x138 Drivers\STM32H7xx_HAL_Driver\Src\stm32h7xx_hal_rcc.o
                0x08000fa8                HAL_RCC_GetSysClockFreq
 .text.HAL_RCC_ClockConfig
                0x080010e0      0x1b4 Drivers\STM32H7xx_HAL_Driver\Src\stm32h7xx_hal_rcc.o
                0x080010e0                HAL_RCC_ClockConfig
 .text.HAL_RCC_GetHCLKFreq
                0x08001294       0x34 Drivers\STM32H7xx_HAL_Driver\Src\stm32h7xx_hal_rcc.o
                0x08001294                HAL_RCC_GetHCLKFreq
 .text.HAL_RCC_GetPCLK1Freq
                0x080012c8       0x2c Drivers\STM32H7xx_HAL_Driver\Src\stm32h7xx_hal_rcc.o
                0x080012c8                HAL_RCC_GetPCLK1Freq
 .text.HAL_RCC_GetPCLK2Freq
                0x080012f4       0x2c Drivers\STM32H7xx_HAL_Driver\Src\stm32h7xx_hal_rcc.o
                0x080012f4                HAL_RCC_GetPCLK2Freq
 .text.RCCEx_PLL2_Config
                0x08001320       0xcc Drivers\STM32H7xx_HAL_Driver\Src\stm32h7xx_hal_rcc_ex.o
 .text.RCCEx_PLL3_Config
                0x080013ec       0xcc Drivers\STM32H7xx_HAL_Driver\Src\stm32h7xx_hal_rcc_ex.o
 .text.HAL_RCCEx_PeriphCLKConfig
                0x080014b8      0x8e0 Drivers\STM32H7xx_HAL_Driver\Src\stm32h7xx_hal_rcc_ex.o
                0x080014b8                HAL_RCCEx_PeriphCLKConfig
 .text.HAL_RCCEx_GetD3PCLK1Freq
                0x08001d98       0x2c Drivers\STM32H7xx_HAL_Driver\Src\stm32h7xx_hal_rcc_ex.o
                0x08001d98                HAL_RCCEx_GetD3PCLK1Freq
 .text.HAL_RCCEx_GetPLL2ClockFreq
                0x08001dc4      0x140 Drivers\STM32H7xx_HAL_Driver\Src\stm32h7xx_hal_rcc_ex.o
                0x08001dc4                HAL_RCCEx_GetPLL2ClockFreq
 .text.HAL_RCCEx_GetPLL3ClockFreq
                0x08001f04      0x140 Drivers\STM32H7xx_HAL_Driver\Src\stm32h7xx_hal_rcc_ex.o
                0x08001f04                HAL_RCCEx_GetPLL3ClockFreq
 .text.HAL_RCCEx_GetD1SysClockFreq
                0x08002044       0x34 Drivers\STM32H7xx_HAL_Driver\Src\stm32h7xx_hal_rcc_ex.o
                0x08002044                HAL_RCCEx_GetD1SysClockFreq
 .text.HAL_TIM_Base_Start_IT
                0x08002078       0x18 Drivers\STM32H7xx_HAL_Driver\Src\stm32h7xx_hal_tim.o
                0x08002078                HAL_TIM_Base_Start_IT
 .text.HAL_TIM_OC_DelayElapsedCallback
                0x08002090        0x2 Drivers\STM32H7xx_HAL_Driver\Src\stm32h7xx_hal_tim.o
                0x08002090                HAL_TIM_OC_DelayElapsedCallback
 .text.HAL_TIM_IC_CaptureCallback
                0x08002092        0x2 Drivers\STM32H7xx_HAL_Driver\Src\stm32h7xx_hal_tim.o
                0x08002092                HAL_TIM_IC_CaptureCallback
 .text.HAL_TIM_PWM_PulseFinishedCallback
                0x08002094        0x2 Drivers\STM32H7xx_HAL_Driver\Src\stm32h7xx_hal_tim.o
                0x08002094                HAL_TIM_PWM_PulseFinishedCallback
 .text.HAL_TIM_TriggerCallback
                0x08002096        0x2 Drivers\STM32H7xx_HAL_Driver\Src\stm32h7xx_hal_tim.o
                0x08002096                HAL_TIM_TriggerCallback
 .text.HAL_TIM_IRQHandler
                0x08002098      0x160 Drivers\STM32H7xx_HAL_Driver\Src\stm32h7xx_hal_tim.o
                0x08002098                HAL_TIM_IRQHandler
 .text.TIM_Base_SetConfig
                0x080021f8       0xd0 Drivers\STM32H7xx_HAL_Driver\Src\stm32h7xx_hal_tim.o
                0x080021f8                TIM_Base_SetConfig
 .text.HAL_TIM_Base_Init
                0x080022c8       0x34 Drivers\STM32H7xx_HAL_Driver\Src\stm32h7xx_hal_tim.o
                0x080022c8                HAL_TIM_Base_Init
 .text.HAL_TIMEx_MasterConfigSynchronization
                0x080022fc       0x4c Drivers\STM32H7xx_HAL_Driver\Src\stm32h7xx_hal_tim_ex.o
                0x080022fc                HAL_TIMEx_MasterConfigSynchronization
 .text.HAL_TIMEx_CommutationCallback
                0x08002348        0x2 Drivers\STM32H7xx_HAL_Driver\Src\stm32h7xx_hal_tim_ex.o
                0x08002348                HAL_TIMEx_CommutationCallback
 .text.HAL_TIMEx_BreakCallback
                0x0800234a        0x2 Drivers\STM32H7xx_HAL_Driver\Src\stm32h7xx_hal_tim_ex.o
                0x0800234a                HAL_TIMEx_BreakCallback
 .text.UART_EndRxTransfer
                0x0800234c       0x1a Drivers\STM32H7xx_HAL_Driver\Src\stm32h7xx_hal_uart.o
 .text.HAL_UART_TxCpltCallback
                0x08002366        0x2 Drivers\STM32H7xx_HAL_Driver\Src\stm32h7xx_hal_uart.o
                0x08002366                HAL_UART_TxCpltCallback
 .text.HAL_UART_RxCpltCallback
                0x08002368        0x2 Drivers\STM32H7xx_HAL_Driver\Src\stm32h7xx_hal_uart.o
                0x08002368                HAL_UART_RxCpltCallback
 .text.UART_Receive_IT
                0x0800236a       0x6e Drivers\STM32H7xx_HAL_Driver\Src\stm32h7xx_hal_uart.o
 .text.HAL_UART_ErrorCallback
                0x080023d8        0x2 Drivers\STM32H7xx_HAL_Driver\Src\stm32h7xx_hal_uart.o
                0x080023d8                HAL_UART_ErrorCallback
 *fill*         0x080023da        0x2 
 .text.HAL_UART_IRQHandler
                0x080023dc      0x1b4 Drivers\STM32H7xx_HAL_Driver\Src\stm32h7xx_hal_uart.o
                0x080023dc                HAL_UART_IRQHandler
 .text.UART_DMAAbortOnError
                0x08002590       0x14 Drivers\STM32H7xx_HAL_Driver\Src\stm32h7xx_hal_uart.o
 .text.UART_SetConfig
                0x080025a4      0x554 Drivers\STM32H7xx_HAL_Driver\Src\stm32h7xx_hal_uart.o
                0x080025a4                UART_SetConfig
 .text.UART_AdvFeatureConfig
                0x08002af8       0xaa Drivers\STM32H7xx_HAL_Driver\Src\stm32h7xx_hal_uart.o
                0x08002af8                UART_AdvFeatureConfig
 .text.UART_WaitOnFlagUntilTimeout
                0x08002ba2       0x62 Drivers\STM32H7xx_HAL_Driver\Src\stm32h7xx_hal_uart.o
                0x08002ba2                UART_WaitOnFlagUntilTimeout
 .text.UART_CheckIdleState
                0x08002c04       0x64 Drivers\STM32H7xx_HAL_Driver\Src\stm32h7xx_hal_uart.o
                0x08002c04                UART_CheckIdleState
 .text.HAL_UART_Init
                0x08002c68       0x64 Drivers\STM32H7xx_HAL_Driver\Src\stm32h7xx_hal_uart.o
                0x08002c68                HAL_UART_Init
 .text.HAL_UARTEx_WakeupCallback
                0x08002ccc        0x2 Drivers\STM32H7xx_HAL_Driver\Src\stm32h7xx_hal_uart_ex.o
                0x08002ccc                HAL_UARTEx_WakeupCallback
 .text.USB_CoreInit
                0x08002cce       0x76 Drivers\STM32H7xx_HAL_Driver\Src\stm32h7xx_ll_usb.o
                0x08002cce                USB_CoreInit
 .text.USB_DisableGlobalInt
                0x08002d44        0xc Drivers\STM32H7xx_HAL_Driver\Src\stm32h7xx_ll_usb.o
                0x08002d44                USB_DisableGlobalInt
 .text.USB_SetCurrentMode
                0x08002d50       0x2e Drivers\STM32H7xx_HAL_Driver\Src\stm32h7xx_ll_usb.o
                0x08002d50                USB_SetCurrentMode
 *fill*         0x08002d7e        0x2 
 .text.USB_DevInit
                0x08002d80      0x14c Drivers\STM32H7xx_HAL_Driver\Src\stm32h7xx_ll_usb.o
                0x08002d80                USB_DevInit
 .text.USB_FlushTxFifo
                0x08002ecc       0x24 Drivers\STM32H7xx_HAL_Driver\Src\stm32h7xx_ll_usb.o
                0x08002ecc                USB_FlushTxFifo
 .text.USB_FlushRxFifo
                0x08002ef0       0x20 Drivers\STM32H7xx_HAL_Driver\Src\stm32h7xx_ll_usb.o
                0x08002ef0                USB_FlushRxFifo
 .text.USB_SetDevSpeed
                0x08002f10        0xe Drivers\STM32H7xx_HAL_Driver\Src\stm32h7xx_ll_usb.o
                0x08002f10                USB_SetDevSpeed
 .text.USB_DevDisconnect
                0x08002f1e       0x18 Drivers\STM32H7xx_HAL_Driver\Src\stm32h7xx_ll_usb.o
                0x08002f1e                USB_DevDisconnect
 *fill*         0x08002f36        0x2 
 .text.USB_CoreReset
                0x08002f38       0x30 Drivers\STM32H7xx_HAL_Driver\Src\stm32h7xx_ll_usb.o
 .text.MX_GPIO_Init
                0x08002f68      0x1b8 Src\gpio.o
                0x08002f68                MX_GPIO_Init
 .text.SystemClock_Config
                0x08003120       0xb4 Src\main.o
                0x08003120                SystemClock_Config
 .text.startup.main
                0x080031d4       0x48 Src\main.o
                0x080031d4                main
 .text.HAL_TIM_PeriodElapsedCallback
                0x0800321c       0x1c Src\main.o
                0x0800321c                HAL_TIM_PeriodElapsedCallback
 .text.Error_Handler
                0x08003238        0x2 Src\main.o
                0x08003238                Error_Handler
 *fill*         0x0800323a        0x2 
 .text.HAL_MspInit
                0x0800323c       0x24 Src\stm32h7xx_hal_msp.o
                0x0800323c                HAL_MspInit
 .text.NMI_Handler
                0x08003260        0x2 Src\stm32h7xx_it.o
                0x08003260                NMI_Handler
 .text.HardFault_Handler
                0x08003262        0x2 Src\stm32h7xx_it.o
                0x08003262                HardFault_Handler
 .text.MemManage_Handler
                0x08003264        0x2 Src\stm32h7xx_it.o
                0x08003264                MemManage_Handler
 .text.BusFault_Handler
                0x08003266        0x2 Src\stm32h7xx_it.o
                0x08003266                BusFault_Handler
 .text.UsageFault_Handler
                0x08003268        0x2 Src\stm32h7xx_it.o
                0x08003268                UsageFault_Handler
 .text.SVC_Handler
                0x0800326a        0x2 Src\stm32h7xx_it.o
                0x0800326a                SVC_Handler
 .text.DebugMon_Handler
                0x0800326c        0x2 Src\stm32h7xx_it.o
                0x0800326c                DebugMon_Handler
 .text.PendSV_Handler
                0x0800326e        0x2 Src\stm32h7xx_it.o
                0x0800326e                PendSV_Handler
 .text.SysTick_Handler
                0x08003270        0x4 Src\stm32h7xx_it.o
                0x08003270                SysTick_Handler
 .text.USART3_IRQHandler
                0x08003274        0xc Src\stm32h7xx_it.o
                0x08003274                USART3_IRQHandler
 .text.TIM7_IRQHandler
                0x08003280        0xc Src\stm32h7xx_it.o
                0x08003280                TIM7_IRQHandler
 .text.SystemInit
                0x0800328c       0x64 Src\system_stm32h7xx.o
                0x0800328c                SystemInit
 .text.MX_TIM7_Init
                0x080032f0       0x48 Src\tim.o
                0x080032f0                MX_TIM7_Init
 .text.HAL_TIM_Base_MspInit
                0x08003338       0x30 Src\tim.o
                0x08003338                HAL_TIM_Base_MspInit
 .text.MX_USART3_UART_Init
                0x08003368       0x44 Src\usart.o
                0x08003368                MX_USART3_UART_Init
 .text.HAL_UART_MspInit
                0x080033ac       0x70 Src\usart.o
                0x080033ac                HAL_UART_MspInit
 .text.MX_USB_OTG_FS_PCD_Init
                0x0800341c       0x40 Src\usb_otg.o
                0x0800341c                MX_USB_OTG_FS_PCD_Init
 .text.HAL_PCD_MspInit
                0x0800345c       0x84 Src\usb_otg.o
                0x0800345c                HAL_PCD_MspInit
 .text.Reset_Handler
                0x080034e0       0x50 startup\startup_stm32h743xx.o
                0x080034e0                Reset_Handler
 .text.Default_Handler
                0x08003530        0x2 startup\startup_stm32h743xx.o
                0x08003530                RTC_Alarm_IRQHandler
                0x08003530                EXTI2_IRQHandler
                0x08003530                TIM8_CC_IRQHandler
                0x08003530                HRTIM1_Master_IRQHandler
                0x08003530                UART8_IRQHandler
                0x08003530                SPI4_IRQHandler
                0x08003530                TIM1_CC_IRQHandler
                0x08003530                BDMA_Channel6_IRQHandler
                0x08003530                DMA2_Stream5_IRQHandler
                0x08003530                HRTIM1_FLT_IRQHandler
                0x08003530                JPEG_IRQHandler
                0x08003530                DMA1_Stream5_IRQHandler
                0x08003530                BDMA_Channel1_IRQHandler
                0x08003530                HRTIM1_TIMD_IRQHandler
                0x08003530                TAMP_STAMP_IRQHandler
                0x08003530                EXTI3_IRQHandler
                0x08003530                LPTIM4_IRQHandler
                0x08003530                TIM8_TRG_COM_TIM14_IRQHandler
                0x08003530                LPTIM2_IRQHandler
                0x08003530                DFSDM1_FLT1_IRQHandler
                0x08003530                DMAMUX2_OVR_IRQHandler
                0x08003530                TIM8_UP_TIM13_IRQHandler
                0x08003530                I2C3_ER_IRQHandler
                0x08003530                DFSDM1_FLT2_IRQHandler
                0x08003530                MDMA_IRQHandler
                0x08003530                LPTIM3_IRQHandler
                0x08003530                HSEM1_IRQHandler
                0x08003530                EXTI0_IRQHandler
                0x08003530                I2C2_EV_IRQHandler
                0x08003530                DMA1_Stream2_IRQHandler
                0x08003530                FPU_IRQHandler
                0x08003530                OTG_HS_WKUP_IRQHandler
                0x08003530                FDCAN1_IT1_IRQHandler
                0x08003530                LTDC_ER_IRQHandler
                0x08003530                DMA2_Stream2_IRQHandler
                0x08003530                HRTIM1_TIME_IRQHandler
                0x08003530                SPI1_IRQHandler
                0x08003530                TIM6_DAC_IRQHandler
                0x08003530                DCMI_IRQHandler
                0x08003530                HRTIM1_TIMC_IRQHandler
                0x08003530                DMA2_Stream3_IRQHandler
                0x08003530                SAI2_IRQHandler
                0x08003530                DFSDM1_FLT3_IRQHandler
                0x08003530                USART6_IRQHandler
                0x08003530                TIM17_IRQHandler
                0x08003530                BDMA_Channel7_IRQHandler
                0x08003530                LPTIM5_IRQHandler
                0x08003530                UART5_IRQHandler
                0x08003530                ADC3_IRQHandler
                0x08003530                DMA2_Stream0_IRQHandler
                0x08003530                TIM4_IRQHandler
                0x08003530                BDMA_Channel2_IRQHandler
                0x08003530                QUADSPI_IRQHandler
                0x08003530                I2C1_EV_IRQHandler
                0x08003530                DMA1_Stream6_IRQHandler
                0x08003530                DMAMUX1_OVR_IRQHandler
                0x08003530                DMA1_Stream1_IRQHandler
                0x08003530                TIM16_IRQHandler
                0x08003530                UART4_IRQHandler
                0x08003530                BDMA_Channel5_IRQHandler
                0x08003530                TIM3_IRQHandler
                0x08003530                RCC_IRQHandler
                0x08003530                TIM8_BRK_TIM12_IRQHandler
                0x08003530                TIM1_TRG_COM_IRQHandler
                0x08003530                Default_Handler
                0x08003530                CEC_IRQHandler
                0x08003530                EXTI15_10_IRQHandler
                0x08003530                BDMA_Channel0_IRQHandler
                0x08003530                ADC_IRQHandler
                0x08003530                DMA1_Stream7_IRQHandler
                0x08003530                HRTIM1_TIMA_IRQHandler
                0x08003530                SPI5_IRQHandler
                0x08003530                SDMMC1_IRQHandler
                0x08003530                TIM5_IRQHandler
                0x08003530                DMA2_Stream7_IRQHandler
                0x08003530                TIM15_IRQHandler
                0x08003530                PVD_AVD_IRQHandler
                0x08003530                I2C3_EV_IRQHandler
                0x08003530                EXTI9_5_IRQHandler
                0x08003530                RTC_WKUP_IRQHandler
                0x08003530                LTDC_IRQHandler
                0x08003530                SAI3_IRQHandler
                0x08003530                ETH_WKUP_IRQHandler
                0x08003530                SPDIF_RX_IRQHandler
                0x08003530                SPI2_IRQHandler
                0x08003530                OTG_HS_EP1_IN_IRQHandler
                0x08003530                DMA1_Stream0_IRQHandler
                0x08003530                CRS_IRQHandler
                0x08003530                EXTI4_IRQHandler
                0x08003530                RNG_IRQHandler
                0x08003530                HRTIM1_TIMB_IRQHandler
                0x08003530                FDCAN2_IT1_IRQHandler
                0x08003530                ETH_IRQHandler
                0x08003530                TIM1_UP_IRQHandler
                0x08003530                BDMA_Channel4_IRQHandler
                0x08003530                OTG_HS_EP1_OUT_IRQHandler
                0x08003530                WWDG_IRQHandler
                0x08003530                SPI6_IRQHandler
                0x08003530                MDIOS_IRQHandler
                0x08003530                I2C4_EV_IRQHandler
                0x08003530                FDCAN2_IT0_IRQHandler
                0x08003530                LPUART1_IRQHandler
                0x08003530                FDCAN1_IT0_IRQHandler
                0x08003530                TIM2_IRQHandler
                0x08003530                OTG_FS_WKUP_IRQHandler
                0x08003530                OTG_HS_IRQHandler
                0x08003530                DMA2D_IRQHandler
                0x08003530                TIM1_BRK_IRQHandler
                0x08003530                EXTI1_IRQHandler
                0x08003530                SDMMC2_IRQHandler
                0x08003530                OTG_FS_EP1_OUT_IRQHandler
                0x08003530                BDMA_Channel3_IRQHandler
                0x08003530                UART7_IRQHandler
                0x08003530                MDIOS_WKUP_IRQHandler
                0x08003530                USART2_IRQHandler
                0x08003530                DFSDM1_FLT0_IRQHandler
                0x08003530                SAI4_IRQHandler
                0x08003530                I2C2_ER_IRQHandler
                0x08003530                DMA2_Stream1_IRQHandler
                0x08003530                FLASH_IRQHandler
                0x08003530                DMA2_Stream4_IRQHandler
                0x08003530                USART1_IRQHandler
                0x08003530                OTG_FS_IRQHandler
                0x08003530                SPI3_IRQHandler
                0x08003530                WAKEUP_PIN_IRQHandler
                0x08003530                DMA1_Stream4_IRQHandler
                0x08003530                OTG_FS_EP1_IN_IRQHandler
                0x08003530                I2C1_ER_IRQHandler
                0x08003530                FMC_IRQHandler
                0x08003530                FDCAN_CAL_IRQHandler
                0x08003530                SWPMI1_IRQHandler
                0x08003530                COMP1_IRQHandler
                0x08003530                LPTIM1_IRQHandler
                0x08003530                I2C4_ER_IRQHandler
                0x08003530                DMA2_Stream6_IRQHandler
                0x08003530                SAI1_IRQHandler
                0x08003530                DMA1_Stream3_IRQHandler
 *fill*         0x08003532        0x2 
 .text.__libc_init_array
                0x08003534       0x48 c:/program files (x86)/atollic/truestudio for stm32 9.1.0/armtools/bin/../lib/gcc/arm-atollic-eabi/6.3.1/../../../../arm-atollic-eabi/lib/armv7e-m/fpu/fpv5-d16\libc_nano.a(lib_a-init.o)
                0x08003534                __libc_init_array
 .text.memset   0x0800357c       0x10 c:/program files (x86)/atollic/truestudio for stm32 9.1.0/armtools/bin/../lib/gcc/arm-atollic-eabi/6.3.1/../../../../arm-atollic-eabi/lib/armv7e-m/fpu/fpv5-d16\libc_nano.a(lib_a-memset.o)
                0x0800357c                memset
 *(.glue_7)
 .glue_7        0x0800358c        0x0 linker stubs
 *(.glue_7t)
 .glue_7t       0x0800358c        0x0 linker stubs
 *(.eh_frame)
 .eh_frame      0x0800358c        0x0 c:/program files (x86)/atollic/truestudio for stm32 9.1.0/armtools/bin/../lib/gcc/arm-atollic-eabi/6.3.1/armv7e-m/fpu/fpv5-d16/crtbegin.o
 *(.init)
 .init          0x0800358c        0x4 c:/program files (x86)/atollic/truestudio for stm32 9.1.0/armtools/bin/../lib/gcc/arm-atollic-eabi/6.3.1/armv7e-m/fpu/fpv5-d16/crti.o
                0x0800358c                _init
 .init          0x08003590        0x8 c:/program files (x86)/atollic/truestudio for stm32 9.1.0/armtools/bin/../lib/gcc/arm-atollic-eabi/6.3.1/armv7e-m/fpu/fpv5-d16/crtn.o
 *(.fini)
 .fini          0x08003598        0x4 c:/program files (x86)/atollic/truestudio for stm32 9.1.0/armtools/bin/../lib/gcc/arm-atollic-eabi/6.3.1/armv7e-m/fpu/fpv5-d16/crti.o
                0x08003598                _fini
 .fini          0x0800359c        0x8 c:/program files (x86)/atollic/truestudio for stm32 9.1.0/armtools/bin/../lib/gcc/arm-atollic-eabi/6.3.1/armv7e-m/fpu/fpv5-d16/crtn.o
                0x080035a4                . = ALIGN (0x4)
                0x080035a4                _etext = .

.vfp11_veneer   0x080035a4        0x0
 .vfp11_veneer  0x080035a4        0x0 linker stubs

.v4_bx          0x080035a4        0x0
 .v4_bx         0x080035a4        0x0 linker stubs

.iplt           0x080035a4        0x0
 .iplt          0x080035a4        0x0 c:/program files (x86)/atollic/truestudio for stm32 9.1.0/armtools/bin/../lib/gcc/arm-atollic-eabi/6.3.1/armv7e-m/fpu/fpv5-d16/crtbegin.o

.rodata         0x080035a4       0x60
                0x080035a4                . = ALIGN (0x4)
 *(.rodata)
 *(.rodata*)
 .rodata.CSWTCH.54
                0x080035a4       0x29 Drivers\STM32H7xx_HAL_Driver\Src\stm32h7xx_hal_uart.o
 .rodata.CSWTCH.56
                0x080035cd        0x6 Drivers\STM32H7xx_HAL_Driver\Src\stm32h7xx_hal_uart.o
 .rodata.CSWTCH.57
                0x080035d3        0x6 Drivers\STM32H7xx_HAL_Driver\Src\stm32h7xx_hal_uart.o
 *fill*         0x080035d9        0x1 
 .rodata.UARTPrescTable
                0x080035da       0x18 Drivers\STM32H7xx_HAL_Driver\Src\stm32h7xx_hal_uart.o
 .rodata.D1CorePrescTable
                0x080035f2       0x10 Src\system_stm32h7xx.o
                0x080035f2                D1CorePrescTable
                0x08003604                . = ALIGN (0x4)
 *fill*         0x08003602        0x2 

.ARM.extab
 *(.ARM.extab* .gnu.linkonce.armextab.*)

.ARM            0x08003604        0x8
                0x08003604                __exidx_start = .
 *(.ARM.exidx*)
 .ARM.exidx     0x08003604        0x8 c:/program files (x86)/atollic/truestudio for stm32 9.1.0/armtools/bin/../lib/gcc/arm-atollic-eabi/6.3.1/armv7e-m/fpu/fpv5-d16\libgcc.a(_udivmoddi4.o)
                0x0800360c                __exidx_end = .

.rel.dyn        0x0800360c        0x0
 .rel.iplt      0x0800360c        0x0 c:/program files (x86)/atollic/truestudio for stm32 9.1.0/armtools/bin/../lib/gcc/arm-atollic-eabi/6.3.1/armv7e-m/fpu/fpv5-d16/crtbegin.o

.preinit_array  0x0800360c        0x0
                0x0800360c                PROVIDE (__preinit_array_start, .)
 *(.preinit_array*)
                0x0800360c                PROVIDE (__preinit_array_end, .)

.init_array     0x0800360c        0x4
                0x0800360c                PROVIDE (__init_array_start, .)
 *(SORT(.init_array.*))
 *(.init_array*)
 .init_array    0x0800360c        0x4 c:/program files (x86)/atollic/truestudio for stm32 9.1.0/armtools/bin/../lib/gcc/arm-atollic-eabi/6.3.1/armv7e-m/fpu/fpv5-d16/crtbegin.o
                0x08003610                PROVIDE (__init_array_end, .)

.fini_array     0x08003610        0x4
                [!provide]                PROVIDE (__fini_array_start, .)
 *(SORT(.fini_array.*))
 *(.fini_array*)
 .fini_array    0x08003610        0x4 c:/program files (x86)/atollic/truestudio for stm32 9.1.0/armtools/bin/../lib/gcc/arm-atollic-eabi/6.3.1/armv7e-m/fpu/fpv5-d16/crtbegin.o
                [!provide]                PROVIDE (__fini_array_end, .)
                0x08003614                _sidata = LOADADDR (.data)

.data           0x20000000       0x10 load address 0x08003614
                0x20000000                . = ALIGN (0x4)
                0x20000000                _sdata = .
 *(.data)
 *(.data*)
 .data.uwTickFreq
                0x20000000        0x1 Drivers\STM32H7xx_HAL_Driver\Src\stm32h7xx_hal.o
 *fill*         0x20000001        0x3 
 .data.uwTickPrio
                0x20000004        0x4 Drivers\STM32H7xx_HAL_Driver\Src\stm32h7xx_hal.o
 .data.SystemCoreClock
                0x20000008        0x4 Src\system_stm32h7xx.o
                0x20000008                SystemCoreClock
 .data.SystemD2Clock
                0x2000000c        0x4 Src\system_stm32h7xx.o
                0x2000000c                SystemD2Clock
                0x20000010                . = ALIGN (0x4)
                0x20000010                _edata = .

.igot.plt       0x20000010        0x0 load address 0x08003624
 .igot.plt      0x20000010        0x0 c:/program files (x86)/atollic/truestudio for stm32 9.1.0/armtools/bin/../lib/gcc/arm-atollic-eabi/6.3.1/armv7e-m/fpu/fpv5-d16/crtbegin.o
                0x20000010                . = ALIGN (0x4)

.bss            0x20000010      0x4e0 load address 0x08003624
                0x20000010                _sbss = .
                0x20000010                __bss_start__ = _sbss
 *(.bss)
 .bss           0x20000010       0x1c c:/program files (x86)/atollic/truestudio for stm32 9.1.0/armtools/bin/../lib/gcc/arm-atollic-eabi/6.3.1/armv7e-m/fpu/fpv5-d16/crtbegin.o
 *(.bss*)
 .bss.uwTick    0x2000002c        0x4 Drivers\STM32H7xx_HAL_Driver\Src\stm32h7xx_hal.o
 *(COMMON)
 COMMON         0x20000030       0x40 Src\tim.o
                0x20000030                htim7
 COMMON         0x20000070       0x80 Src\usart.o
                0x20000070                huart3
 COMMON         0x200000f0      0x400 Src\usb_otg.o
                0x200000f0                hpcd_USB_OTG_FS
                0x200004f0                . = ALIGN (0x4)
                0x200004f0                _ebss = .
                0x200004f0                __bss_end__ = _ebss

._user_heap_stack
                0x200004f0      0x600 load address 0x08003624
                0x200004f0                . = ALIGN (0x4)
                [!provide]                PROVIDE (end, .)
                [!provide]                PROVIDE (_end, .)
                0x200006f0                . = (. + _Min_Heap_Size)
 *fill*         0x200004f0      0x200 
                0x20000af0                . = (. + _Min_Stack_Size)
 *fill*         0x200006f0      0x400 
                0x20000af0                . = ALIGN (0x4)

/DISCARD/
 libc.a(*)
 libm.a(*)
 libgcc.a(*)

.ARM.attributes
                0x00000000       0x2e
 *(.ARM.attributes)
 .ARM.attributes
                0x00000000       0x20 c:/program files (x86)/atollic/truestudio for stm32 9.1.0/armtools/bin/../lib/gcc/arm-atollic-eabi/6.3.1/armv7e-m/fpu/fpv5-d16/crti.o
 .ARM.attributes
                0x00000020       0x32 c:/program files (x86)/atollic/truestudio for stm32 9.1.0/armtools/bin/../lib/gcc/arm-atollic-eabi/6.3.1/armv7e-m/fpu/fpv5-d16/crtbegin.o
 .ARM.attributes
                0x00000052       0x37 Drivers\STM32H7xx_HAL_Driver\Src\stm32h7xx_hal.o
 .ARM.attributes
                0x00000089       0x37 Drivers\STM32H7xx_HAL_Driver\Src\stm32h7xx_hal_cortex.o
 .ARM.attributes
                0x000000c0       0x37 Drivers\STM32H7xx_HAL_Driver\Src\stm32h7xx_hal_dma.o
 .ARM.attributes
                0x000000f7       0x37 Drivers\STM32H7xx_HAL_Driver\Src\stm32h7xx_hal_gpio.o
 .ARM.attributes
                0x0000012e       0x37 Drivers\STM32H7xx_HAL_Driver\Src\stm32h7xx_hal_pcd.o
 .ARM.attributes
                0x00000165       0x37 Drivers\STM32H7xx_HAL_Driver\Src\stm32h7xx_hal_pcd_ex.o
 .ARM.attributes
                0x0000019c       0x37 Drivers\STM32H7xx_HAL_Driver\Src\stm32h7xx_hal_rcc.o
 .ARM.attributes
                0x000001d3       0x37 Drivers\STM32H7xx_HAL_Driver\Src\stm32h7xx_hal_rcc_ex.o
 .ARM.attributes
                0x0000020a       0x37 Drivers\STM32H7xx_HAL_Driver\Src\stm32h7xx_hal_tim.o
 .ARM.attributes
                0x00000241       0x37 Drivers\STM32H7xx_HAL_Driver\Src\stm32h7xx_hal_tim_ex.o
 .ARM.attributes
                0x00000278       0x37 Drivers\STM32H7xx_HAL_Driver\Src\stm32h7xx_hal_uart.o
 .ARM.attributes
                0x000002af       0x37 Drivers\STM32H7xx_HAL_Driver\Src\stm32h7xx_hal_uart_ex.o
 .ARM.attributes
                0x000002e6       0x37 Drivers\STM32H7xx_HAL_Driver\Src\stm32h7xx_ll_usb.o
 .ARM.attributes
                0x0000031d       0x37 Src\gpio.o
 .ARM.attributes
                0x00000354       0x37 Src\main.o
 .ARM.attributes
                0x0000038b       0x37 Src\stm32h7xx_hal_msp.o
 .ARM.attributes
                0x000003c2       0x37 Src\stm32h7xx_it.o
 .ARM.attributes
                0x000003f9       0x37 Src\system_stm32h7xx.o
 .ARM.attributes
                0x00000430       0x37 Src\tim.o
 .ARM.attributes
                0x00000467       0x37 Src\usart.o
 .ARM.attributes
                0x0000049e       0x37 Src\usb_otg.o
 .ARM.attributes
                0x000004d5       0x21 startup\startup_stm32h743xx.o
 .ARM.attributes
                0x000004f6       0x32 c:/program files (x86)/atollic/truestudio for stm32 9.1.0/armtools/bin/../lib/gcc/arm-atollic-eabi/6.3.1/../../../../arm-atollic-eabi/lib/armv7e-m/fpu/fpv5-d16\libc_nano.a(lib_a-init.o)
 .ARM.attributes
                0x00000528       0x32 c:/program files (x86)/atollic/truestudio for stm32 9.1.0/armtools/bin/../lib/gcc/arm-atollic-eabi/6.3.1/../../../../arm-atollic-eabi/lib/armv7e-m/fpu/fpv5-d16\libc_nano.a(lib_a-memset.o)
 .ARM.attributes
                0x0000055a       0x20 c:/program files (x86)/atollic/truestudio for stm32 9.1.0/armtools/bin/../lib/gcc/arm-atollic-eabi/6.3.1/armv7e-m/fpu/fpv5-d16\libgcc.a(_aeabi_uldivmod.o)
 .ARM.attributes
                0x0000057a       0x32 c:/program files (x86)/atollic/truestudio for stm32 9.1.0/armtools/bin/../lib/gcc/arm-atollic-eabi/6.3.1/armv7e-m/fpu/fpv5-d16\libgcc.a(_udivmoddi4.o)
 .ARM.attributes
                0x000005ac       0x20 c:/program files (x86)/atollic/truestudio for stm32 9.1.0/armtools/bin/../lib/gcc/arm-atollic-eabi/6.3.1/armv7e-m/fpu/fpv5-d16\libgcc.a(_dvmd_tls.o)
 .ARM.attributes
                0x000005cc       0x20 c:/program files (x86)/atollic/truestudio for stm32 9.1.0/armtools/bin/../lib/gcc/arm-atollic-eabi/6.3.1/armv7e-m/fpu/fpv5-d16/crtn.o
OUTPUT(Timer_interrupt_01.elf elf32-littlearm)

.debug_info     0x00000000    0x22f02
 .debug_info    0x00000000     0x1d5b Drivers\STM32H7xx_HAL_Driver\Src\stm32h7xx_hal.o
 .debug_info    0x00001d5b     0x1abb Drivers\STM32H7xx_HAL_Driver\Src\stm32h7xx_hal_cortex.o
 .debug_info    0x00003816     0x1510 Drivers\STM32H7xx_HAL_Driver\Src\stm32h7xx_hal_dma.o
 .debug_info    0x00004d26     0x149e Drivers\STM32H7xx_HAL_Driver\Src\stm32h7xx_hal_gpio.o
 .debug_info    0x000061c4     0x1e11 Drivers\STM32H7xx_HAL_Driver\Src\stm32h7xx_hal_pcd.o
 .debug_info    0x00007fd5     0x12a2 Drivers\STM32H7xx_HAL_Driver\Src\stm32h7xx_hal_pcd_ex.o
 .debug_info    0x00009277     0x1af2 Drivers\STM32H7xx_HAL_Driver\Src\stm32h7xx_hal_rcc.o
 .debug_info    0x0000ad69     0x20cc Drivers\STM32H7xx_HAL_Driver\Src\stm32h7xx_hal_rcc_ex.o
 .debug_info    0x0000ce35     0x3d93 Drivers\STM32H7xx_HAL_Driver\Src\stm32h7xx_hal_tim.o
 .debug_info    0x00010bc8     0x1d12 Drivers\STM32H7xx_HAL_Driver\Src\stm32h7xx_hal_tim_ex.o
 .debug_info    0x000128da     0x2762 Drivers\STM32H7xx_HAL_Driver\Src\stm32h7xx_hal_uart.o
 .debug_info    0x0001503c     0x12c6 Drivers\STM32H7xx_HAL_Driver\Src\stm32h7xx_hal_uart_ex.o
 .debug_info    0x00016302     0x1fd7 Drivers\STM32H7xx_HAL_Driver\Src\stm32h7xx_ll_usb.o
 .debug_info    0x000182d9     0x1069 Src\gpio.o
 .debug_info    0x00019342     0x230d Src\main.o
 .debug_info    0x0001b64f      0xd26 Src\stm32h7xx_hal_msp.o
 .debug_info    0x0001c375     0x13c3 Src\stm32h7xx_it.o
 .debug_info    0x0001d738     0x1187 Src\system_stm32h7xx.o
 .debug_info    0x0001e8bf     0x17fa Src\tim.o
 .debug_info    0x000200b9     0x1964 Src\usart.o
 .debug_info    0x00021a1d     0x144e Src\usb_otg.o
 .debug_info    0x00022e6b       0x97 startup\startup_stm32h743xx.o

.debug_abbrev   0x00000000     0x3ee5
 .debug_abbrev  0x00000000      0x395 Drivers\STM32H7xx_HAL_Driver\Src\stm32h7xx_hal.o
 .debug_abbrev  0x00000395      0x3c0 Drivers\STM32H7xx_HAL_Driver\Src\stm32h7xx_hal_cortex.o
 .debug_abbrev  0x00000755      0x335 Drivers\STM32H7xx_HAL_Driver\Src\stm32h7xx_hal_dma.o
 .debug_abbrev  0x00000a8a      0x2b1 Drivers\STM32H7xx_HAL_Driver\Src\stm32h7xx_hal_gpio.o
 .debug_abbrev  0x00000d3b      0x3a8 Drivers\STM32H7xx_HAL_Driver\Src\stm32h7xx_hal_pcd.o
 .debug_abbrev  0x000010e3      0x311 Drivers\STM32H7xx_HAL_Driver\Src\stm32h7xx_hal_pcd_ex.o
 .debug_abbrev  0x000013f4      0x384 Drivers\STM32H7xx_HAL_Driver\Src\stm32h7xx_hal_rcc.o
 .debug_abbrev  0x00001778      0x3a7 Drivers\STM32H7xx_HAL_Driver\Src\stm32h7xx_hal_rcc_ex.o
 .debug_abbrev  0x00001b1f      0x3ba Drivers\STM32H7xx_HAL_Driver\Src\stm32h7xx_hal_tim.o
 .debug_abbrev  0x00001ed9      0x31c Drivers\STM32H7xx_HAL_Driver\Src\stm32h7xx_hal_tim_ex.o
 .debug_abbrev  0x000021f5      0x405 Drivers\STM32H7xx_HAL_Driver\Src\stm32h7xx_hal_uart.o
 .debug_abbrev  0x000025fa      0x2c0 Drivers\STM32H7xx_HAL_Driver\Src\stm32h7xx_hal_uart_ex.o
 .debug_abbrev  0x000028ba      0x385 Drivers\STM32H7xx_HAL_Driver\Src\stm32h7xx_ll_usb.o
 .debug_abbrev  0x00002c3f      0x22f Src\gpio.o
 .debug_abbrev  0x00002e6e      0x2e1 Src\main.o
 .debug_abbrev  0x0000314f      0x1b9 Src\stm32h7xx_hal_msp.o
 .debug_abbrev  0x00003308      0x224 Src\stm32h7xx_it.o
 .debug_abbrev  0x0000352c      0x239 Src\system_stm32h7xx.o
 .debug_abbrev  0x00003765      0x279 Src\tim.o
 .debug_abbrev  0x000039de      0x281 Src\usart.o
 .debug_abbrev  0x00003c5f      0x274 Src\usb_otg.o
 .debug_abbrev  0x00003ed3       0x12 startup\startup_stm32h743xx.o

.debug_loc      0x00000000     0xbdca
 .debug_loc     0x00000000      0x3ff Drivers\STM32H7xx_HAL_Driver\Src\stm32h7xx_hal.o
 .debug_loc     0x000003ff      0x56a Drivers\STM32H7xx_HAL_Driver\Src\stm32h7xx_hal_cortex.o
 .debug_loc     0x00000969      0xa72 Drivers\STM32H7xx_HAL_Driver\Src\stm32h7xx_hal_dma.o
 .debug_loc     0x000013db      0x388 Drivers\STM32H7xx_HAL_Driver\Src\stm32h7xx_hal_gpio.o
 .debug_loc     0x00001763      0xba5 Drivers\STM32H7xx_HAL_Driver\Src\stm32h7xx_hal_pcd.o
 .debug_loc     0x00002308      0x1d5 Drivers\STM32H7xx_HAL_Driver\Src\stm32h7xx_hal_pcd_ex.o
 .debug_loc     0x000024dd      0x512 Drivers\STM32H7xx_HAL_Driver\Src\stm32h7xx_hal_rcc.o
 .debug_loc     0x000029ef      0xdf5 Drivers\STM32H7xx_HAL_Driver\Src\stm32h7xx_hal_rcc_ex.o
 .debug_loc     0x000037e4     0x321b Drivers\STM32H7xx_HAL_Driver\Src\stm32h7xx_hal_tim.o
 .debug_loc     0x000069ff      0xd57 Drivers\STM32H7xx_HAL_Driver\Src\stm32h7xx_hal_tim_ex.o
 .debug_loc     0x00007756     0x2a73 Drivers\STM32H7xx_HAL_Driver\Src\stm32h7xx_hal_uart.o
 .debug_loc     0x0000a1c9      0x338 Drivers\STM32H7xx_HAL_Driver\Src\stm32h7xx_hal_uart_ex.o
 .debug_loc     0x0000a501     0x15c7 Drivers\STM32H7xx_HAL_Driver\Src\stm32h7xx_ll_usb.o
 .debug_loc     0x0000bac8       0x2c Src\main.o
 .debug_loc     0x0000baf4      0x1fa Src\system_stm32h7xx.o
 .debug_loc     0x0000bcee       0x2c Src\tim.o
 .debug_loc     0x0000bd1a       0x58 Src\usart.o
 .debug_loc     0x0000bd72       0x58 Src\usb_otg.o

.debug_aranges  0x00000000      0xe10
 .debug_aranges
                0x00000000      0x198 Drivers\STM32H7xx_HAL_Driver\Src\stm32h7xx_hal.o
 .debug_aranges
                0x00000198       0xb0 Drivers\STM32H7xx_HAL_Driver\Src\stm32h7xx_hal_cortex.o
 .debug_aranges
                0x00000248       0x98 Drivers\STM32H7xx_HAL_Driver\Src\stm32h7xx_hal_dma.o
 .debug_aranges
                0x000002e0       0x58 Drivers\STM32H7xx_HAL_Driver\Src\stm32h7xx_hal_gpio.o
 .debug_aranges
                0x00000338       0xc0 Drivers\STM32H7xx_HAL_Driver\Src\stm32h7xx_hal_pcd.o
 .debug_aranges
                0x000003f8       0x58 Drivers\STM32H7xx_HAL_Driver\Src\stm32h7xx_hal_pcd_ex.o
 .debug_aranges
                0x00000450       0x80 Drivers\STM32H7xx_HAL_Driver\Src\stm32h7xx_hal_rcc.o
 .debug_aranges
                0x000004d0       0xd0 Drivers\STM32H7xx_HAL_Driver\Src\stm32h7xx_hal_rcc_ex.o
 .debug_aranges
                0x000005a0      0x268 Drivers\STM32H7xx_HAL_Driver\Src\stm32h7xx_hal_tim.o
 .debug_aranges
                0x00000808      0x108 Drivers\STM32H7xx_HAL_Driver\Src\stm32h7xx_hal_tim_ex.o
 .debug_aranges
                0x00000910      0x188 Drivers\STM32H7xx_HAL_Driver\Src\stm32h7xx_hal_uart.o
 .debug_aranges
                0x00000a98       0x48 Drivers\STM32H7xx_HAL_Driver\Src\stm32h7xx_hal_uart_ex.o
 .debug_aranges
                0x00000ae0      0x180 Drivers\STM32H7xx_HAL_Driver\Src\stm32h7xx_ll_usb.o
 .debug_aranges
                0x00000c60       0x20 Src\gpio.o
 .debug_aranges
                0x00000c80       0x38 Src\main.o
 .debug_aranges
                0x00000cb8       0x20 Src\stm32h7xx_hal_msp.o
 .debug_aranges
                0x00000cd8       0x58 Src\stm32h7xx_it.o
 .debug_aranges
                0x00000d30       0x28 Src\system_stm32h7xx.o
 .debug_aranges
                0x00000d58       0x30 Src\tim.o
 .debug_aranges
                0x00000d88       0x30 Src\usart.o
 .debug_aranges
                0x00000db8       0x30 Src\usb_otg.o
 .debug_aranges
                0x00000de8       0x28 startup\startup_stm32h743xx.o

.debug_ranges   0x00000000     0x1290
 .debug_ranges  0x00000000      0x188 Drivers\STM32H7xx_HAL_Driver\Src\stm32h7xx_hal.o
 .debug_ranges  0x00000188      0x140 Drivers\STM32H7xx_HAL_Driver\Src\stm32h7xx_hal_cortex.o
 .debug_ranges  0x000002c8       0xa8 Drivers\STM32H7xx_HAL_Driver\Src\stm32h7xx_hal_dma.o
 .debug_ranges  0x00000370       0x70 Drivers\STM32H7xx_HAL_Driver\Src\stm32h7xx_hal_gpio.o
 .debug_ranges  0x000003e0       0xc8 Drivers\STM32H7xx_HAL_Driver\Src\stm32h7xx_hal_pcd.o
 .debug_ranges  0x000004a8       0x48 Drivers\STM32H7xx_HAL_Driver\Src\stm32h7xx_hal_pcd_ex.o
 .debug_ranges  0x000004f0      0x208 Drivers\STM32H7xx_HAL_Driver\Src\stm32h7xx_hal_rcc.o
 .debug_ranges  0x000006f8      0x270 Drivers\STM32H7xx_HAL_Driver\Src\stm32h7xx_hal_rcc_ex.o
 .debug_ranges  0x00000968      0x318 Drivers\STM32H7xx_HAL_Driver\Src\stm32h7xx_hal_tim.o
 .debug_ranges  0x00000c80       0xf8 Drivers\STM32H7xx_HAL_Driver\Src\stm32h7xx_hal_tim_ex.o
 .debug_ranges  0x00000d78      0x190 Drivers\STM32H7xx_HAL_Driver\Src\stm32h7xx_hal_uart.o
 .debug_ranges  0x00000f08       0x38 Drivers\STM32H7xx_HAL_Driver\Src\stm32h7xx_hal_uart_ex.o
 .debug_ranges  0x00000f40      0x188 Drivers\STM32H7xx_HAL_Driver\Src\stm32h7xx_ll_usb.o
 .debug_ranges  0x000010c8       0x50 Src\gpio.o
 .debug_ranges  0x00001118       0x28 Src\main.o
 .debug_ranges  0x00001140       0x28 Src\stm32h7xx_hal_msp.o
 .debug_ranges  0x00001168       0x48 Src\stm32h7xx_it.o
 .debug_ranges  0x000011b0       0x30 Src\system_stm32h7xx.o
 .debug_ranges  0x000011e0       0x20 Src\tim.o
 .debug_ranges  0x00001200       0x38 Src\usart.o
 .debug_ranges  0x00001238       0x38 Src\usb_otg.o
 .debug_ranges  0x00001270       0x20 startup\startup_stm32h743xx.o

.debug_line     0x00000000     0x888c
 .debug_line    0x00000000      0x696 Drivers\STM32H7xx_HAL_Driver\Src\stm32h7xx_hal.o
 .debug_line    0x00000696      0x520 Drivers\STM32H7xx_HAL_Driver\Src\stm32h7xx_hal_cortex.o
 .debug_line    0x00000bb6      0x787 Drivers\STM32H7xx_HAL_Driver\Src\stm32h7xx_hal_dma.o
 .debug_line    0x0000133d      0x4d0 Drivers\STM32H7xx_HAL_Driver\Src\stm32h7xx_hal_gpio.o
 .debug_line    0x0000180d      0x7c7 Drivers\STM32H7xx_HAL_Driver\Src\stm32h7xx_hal_pcd.o
 .debug_line    0x00001fd4      0x3f7 Drivers\STM32H7xx_HAL_Driver\Src\stm32h7xx_hal_pcd_ex.o
 .debug_line    0x000023cb      0x7e8 Drivers\STM32H7xx_HAL_Driver\Src\stm32h7xx_hal_rcc.o
 .debug_line    0x00002bb3      0xa5c Drivers\STM32H7xx_HAL_Driver\Src\stm32h7xx_hal_rcc_ex.o
 .debug_line    0x0000360f     0x1474 Drivers\STM32H7xx_HAL_Driver\Src\stm32h7xx_hal_tim.o
 .debug_line    0x00004a83      0x862 Drivers\STM32H7xx_HAL_Driver\Src\stm32h7xx_hal_tim_ex.o
 .debug_line    0x000052e5      0xe2b Drivers\STM32H7xx_HAL_Driver\Src\stm32h7xx_hal_uart.o
 .debug_line    0x00006110      0x41f Drivers\STM32H7xx_HAL_Driver\Src\stm32h7xx_hal_uart_ex.o
 .debug_line    0x0000652f      0x942 Drivers\STM32H7xx_HAL_Driver\Src\stm32h7xx_ll_usb.o
 .debug_line    0x00006e71      0x2fa Src\gpio.o
 .debug_line    0x0000716b      0x40c Src\main.o
 .debug_line    0x00007577      0x282 Src\stm32h7xx_hal_msp.o
 .debug_line    0x000077f9      0x344 Src\stm32h7xx_it.o
 .debug_line    0x00007b3d      0x309 Src\system_stm32h7xx.o
 .debug_line    0x00007e46      0x33d Src\tim.o
 .debug_line    0x00008183      0x33b Src\usart.o
 .debug_line    0x000084be      0x34f Src\usb_otg.o
 .debug_line    0x0000880d       0x7f startup\startup_stm32h743xx.o

.debug_str      0x00000000     0x665c
 .debug_str     0x00000000     0x1874 Drivers\STM32H7xx_HAL_Driver\Src\stm32h7xx_hal.o
                               0x195e (size before relaxing)
 .debug_str     0x00001874      0x553 Drivers\STM32H7xx_HAL_Driver\Src\stm32h7xx_hal_cortex.o
                               0x14e9 (size before relaxing)
 .debug_str     0x00001dc7      0x6ba Drivers\STM32H7xx_HAL_Driver\Src\stm32h7xx_hal_dma.o
                                0xddc (size before relaxing)
 .debug_str     0x00002481      0x18f Drivers\STM32H7xx_HAL_Driver\Src\stm32h7xx_hal_gpio.o
                                0xb94 (size before relaxing)
 .debug_str     0x00002610      0xabf Drivers\STM32H7xx_HAL_Driver\Src\stm32h7xx_hal_pcd.o
                               0x11bd (size before relaxing)
 .debug_str     0x000030cf      0x199 Drivers\STM32H7xx_HAL_Driver\Src\stm32h7xx_hal_pcd_ex.o
                                0xd59 (size before relaxing)
 .debug_str     0x00003268      0x49d Drivers\STM32H7xx_HAL_Driver\Src\stm32h7xx_hal_rcc.o
                                0xe3a (size before relaxing)
 .debug_str     0x00003705      0x89a Drivers\STM32H7xx_HAL_Driver\Src\stm32h7xx_hal_rcc_ex.o
                               0x1272 (size before relaxing)
 .debug_str     0x00003f9f      0xf88 Drivers\STM32H7xx_HAL_Driver\Src\stm32h7xx_hal_tim.o
                               0x19ed (size before relaxing)
 .debug_str     0x00004f27      0x63b Drivers\STM32H7xx_HAL_Driver\Src\stm32h7xx_hal_tim_ex.o
                               0x13f2 (size before relaxing)
 .debug_str     0x00005562      0x9b0 Drivers\STM32H7xx_HAL_Driver\Src\stm32h7xx_hal_uart.o
                               0x1777 (size before relaxing)
 .debug_str     0x00005f12      0x146 Drivers\STM32H7xx_HAL_Driver\Src\stm32h7xx_hal_uart_ex.o
                                0xe78 (size before relaxing)
 .debug_str     0x00006058      0x3c9 Drivers\STM32H7xx_HAL_Driver\Src\stm32h7xx_ll_usb.o
                               0x109b (size before relaxing)
 .debug_str     0x00006421       0x22 Src\gpio.o
                                0x961 (size before relaxing)
 .debug_str     0x00006443       0xaa Src\main.o
                               0x20ea (size before relaxing)
 .debug_str     0x000064ed       0x1b Src\stm32h7xx_hal_msp.o
                                0x8b6 (size before relaxing)
 .debug_str     0x00006508       0xc8 Src\stm32h7xx_it.o
                                0xf9c (size before relaxing)
 .debug_str     0x000065d0       0x3b Src\system_stm32h7xx.o
                                0xa1b (size before relaxing)
 .debug_str     0x0000660b       0x1c Src\tim.o
                               0x1730 (size before relaxing)
 .debug_str     0x00006627       0x1a Src\usart.o
                               0x1792 (size before relaxing)
 .debug_str     0x00006641       0x1b Src\usb_otg.o
                                0xd90 (size before relaxing)

.comment        0x00000000       0x7c
 .comment       0x00000000       0x7c Drivers\STM32H7xx_HAL_Driver\Src\stm32h7xx_hal.o
                                 0x7d (size before relaxing)
 .comment       0x0000007c       0x7d Drivers\STM32H7xx_HAL_Driver\Src\stm32h7xx_hal_cortex.o
 .comment       0x0000007c       0x7d Drivers\STM32H7xx_HAL_Driver\Src\stm32h7xx_hal_dma.o
 .comment       0x0000007c       0x7d Drivers\STM32H7xx_HAL_Driver\Src\stm32h7xx_hal_gpio.o
 .comment       0x0000007c       0x7d Drivers\STM32H7xx_HAL_Driver\Src\stm32h7xx_hal_pcd.o
 .comment       0x0000007c       0x7d Drivers\STM32H7xx_HAL_Driver\Src\stm32h7xx_hal_pcd_ex.o
 .comment       0x0000007c       0x7d Drivers\STM32H7xx_HAL_Driver\Src\stm32h7xx_hal_rcc.o
 .comment       0x0000007c       0x7d Drivers\STM32H7xx_HAL_Driver\Src\stm32h7xx_hal_rcc_ex.o
 .comment       0x0000007c       0x7d Drivers\STM32H7xx_HAL_Driver\Src\stm32h7xx_hal_tim.o
 .comment       0x0000007c       0x7d Drivers\STM32H7xx_HAL_Driver\Src\stm32h7xx_hal_tim_ex.o
 .comment       0x0000007c       0x7d Drivers\STM32H7xx_HAL_Driver\Src\stm32h7xx_hal_uart.o
 .comment       0x0000007c       0x7d Drivers\STM32H7xx_HAL_Driver\Src\stm32h7xx_hal_uart_ex.o
 .comment       0x0000007c       0x7d Drivers\STM32H7xx_HAL_Driver\Src\stm32h7xx_ll_usb.o
 .comment       0x0000007c       0x7d Src\gpio.o
 .comment       0x0000007c       0x7d Src\main.o
 .comment       0x0000007c       0x7d Src\stm32h7xx_hal_msp.o
 .comment       0x0000007c       0x7d Src\stm32h7xx_it.o
 .comment       0x0000007c       0x7d Src\system_stm32h7xx.o
 .comment       0x0000007c       0x7d Src\tim.o
 .comment       0x0000007c       0x7d Src\usart.o
 .comment       0x0000007c       0x7d Src\usb_otg.o

.debug_frame    0x00000000     0x2888
 .debug_frame   0x00000000      0x384 Drivers\STM32H7xx_HAL_Driver\Src\stm32h7xx_hal.o
 .debug_frame   0x00000384      0x168 Drivers\STM32H7xx_HAL_Driver\Src\stm32h7xx_hal_cortex.o
 .debug_frame   0x000004ec      0x1a8 Drivers\STM32H7xx_HAL_Driver\Src\stm32h7xx_hal_dma.o
 .debug_frame   0x00000694       0xd8 Drivers\STM32H7xx_HAL_Driver\Src\stm32h7xx_hal_gpio.o
 .debug_frame   0x0000076c      0x2c4 Drivers\STM32H7xx_HAL_Driver\Src\stm32h7xx_hal_pcd.o
 .debug_frame   0x00000a30       0xb8 Drivers\STM32H7xx_HAL_Driver\Src\stm32h7xx_hal_pcd_ex.o
 .debug_frame   0x00000ae8      0x13c Drivers\STM32H7xx_HAL_Driver\Src\stm32h7xx_hal_rcc.o
 .debug_frame   0x00000c24      0x254 Drivers\STM32H7xx_HAL_Driver\Src\stm32h7xx_hal_rcc_ex.o
 .debug_frame   0x00000e78      0x8ac Drivers\STM32H7xx_HAL_Driver\Src\stm32h7xx_hal_tim.o
 .debug_frame   0x00001724      0x388 Drivers\STM32H7xx_HAL_Driver\Src\stm32h7xx_hal_tim_ex.o
 .debug_frame   0x00001aac      0x524 Drivers\STM32H7xx_HAL_Driver\Src\stm32h7xx_hal_uart.o
 .debug_frame   0x00001fd0       0x9c Drivers\STM32H7xx_HAL_Driver\Src\stm32h7xx_hal_uart_ex.o
 .debug_frame   0x0000206c      0x478 Drivers\STM32H7xx_HAL_Driver\Src\stm32h7xx_ll_usb.o
 .debug_frame   0x000024e4       0x3c Src\gpio.o
 .debug_frame   0x00002520       0x6c Src\main.o
 .debug_frame   0x0000258c       0x28 Src\stm32h7xx_hal_msp.o
 .debug_frame   0x000025b4       0xc0 Src\stm32h7xx_it.o
 .debug_frame   0x00002674       0x44 Src\system_stm32h7xx.o
 .debug_frame   0x000026b8       0x54 Src\tim.o
 .debug_frame   0x0000270c       0x70 Src\usart.o
 .debug_frame   0x0000277c       0x60 Src\usb_otg.o
 .debug_frame   0x000027dc       0x2c c:/program files (x86)/atollic/truestudio for stm32 9.1.0/armtools/bin/../lib/gcc/arm-atollic-eabi/6.3.1/../../../../arm-atollic-eabi/lib/armv7e-m/fpu/fpv5-d16\libc_nano.a(lib_a-init.o)
 .debug_frame   0x00002808       0x20 c:/program files (x86)/atollic/truestudio for stm32 9.1.0/armtools/bin/../lib/gcc/arm-atollic-eabi/6.3.1/../../../../arm-atollic-eabi/lib/armv7e-m/fpu/fpv5-d16\libc_nano.a(lib_a-memset.o)
 .debug_frame   0x00002828       0x2c c:/program files (x86)/atollic/truestudio for stm32 9.1.0/armtools/bin/../lib/gcc/arm-atollic-eabi/6.3.1/armv7e-m/fpu/fpv5-d16\libgcc.a(_aeabi_uldivmod.o)
 .debug_frame   0x00002854       0x34 c:/program files (x86)/atollic/truestudio for stm32 9.1.0/armtools/bin/../lib/gcc/arm-atollic-eabi/6.3.1/armv7e-m/fpu/fpv5-d16\libgcc.a(_udivmoddi4.o)
