Archive member included to satisfy reference by file (symbol)

c:/program files (x86)/atollic/truestudio for stm32 9.1.0/armtools/bin/../lib/gcc/arm-atollic-eabi/6.3.1/../../../../arm-atollic-eabi/lib/armv7e-m/fpu/fpv5-d16\libc_nano.a(lib_a-init.o)
                              startup\startup_stm32h743xx.o (__libc_init_array)
c:/program files (x86)/atollic/truestudio for stm32 9.1.0/armtools/bin/../lib/gcc/arm-atollic-eabi/6.3.1/../../../../arm-atollic-eabi/lib/armv7e-m/fpu/fpv5-d16\libc_nano.a(lib_a-memset.o)
                              Src\gpio.o (memset)
c:/program files (x86)/atollic/truestudio for stm32 9.1.0/armtools/bin/../lib/gcc/arm-atollic-eabi/6.3.1/armv7e-m/fpu/fpv5-d16\libgcc.a(_aeabi_uldivmod.o)
                              Drivers\STM32H7xx_HAL_Driver\Src\stm32h7xx_hal_uart.o (__aeabi_uldivmod)
c:/program files (x86)/atollic/truestudio for stm32 9.1.0/armtools/bin/../lib/gcc/arm-atollic-eabi/6.3.1/armv7e-m/fpu/fpv5-d16\libgcc.a(_udivmoddi4.o)
                              c:/program files (x86)/atollic/truestudio for stm32 9.1.0/armtools/bin/../lib/gcc/arm-atollic-eabi/6.3.1/armv7e-m/fpu/fpv5-d16\libgcc.a(_aeabi_uldivmod.o) (__udivmoddi4)
c:/program files (x86)/atollic/truestudio for stm32 9.1.0/armtools/bin/../lib/gcc/arm-atollic-eabi/6.3.1/armv7e-m/fpu/fpv5-d16\libgcc.a(_dvmd_tls.o)
                              c:/program files (x86)/atollic/truestudio for stm32 9.1.0/armtools/bin/../lib/gcc/arm-atollic-eabi/6.3.1/armv7e-m/fpu/fpv5-d16\libgcc.a(_aeabi_uldivmod.o) (__aeabi_ldiv0)

Allocating common symbols
Common symbol       size              file

huart3              0x80              Src\usart.o
hpcd_USB_OTG_FS     0x400             Src\usb_otg.o
pFlash              0x1c              Drivers\STM32H7xx_HAL_Driver\Src\stm32h7xx_hal_flash.o

Discarded input sections

 .text          0x00000000        0x0 c:/program files (x86)/atollic/truestudio for stm32 9.1.0/armtools/bin/../lib/gcc/arm-atollic-eabi/6.3.1/armv7e-m/fpu/fpv5-d16/crti.o
 .data          0x00000000        0x0 c:/program files (x86)/atollic/truestudio for stm32 9.1.0/armtools/bin/../lib/gcc/arm-atollic-eabi/6.3.1/armv7e-m/fpu/fpv5-d16/crti.o
 .bss           0x00000000        0x0 c:/program files (x86)/atollic/truestudio for stm32 9.1.0/armtools/bin/../lib/gcc/arm-atollic-eabi/6.3.1/armv7e-m/fpu/fpv5-d16/crti.o
 .data          0x00000000        0x4 c:/program files (x86)/atollic/truestudio for stm32 9.1.0/armtools/bin/../lib/gcc/arm-atollic-eabi/6.3.1/armv7e-m/fpu/fpv5-d16/crtbegin.o
 .text          0x00000000        0x0 Drivers\STM32H7xx_HAL_Driver\Src\stm32h7xx_hal.o
 .data          0x00000000        0x0 Drivers\STM32H7xx_HAL_Driver\Src\stm32h7xx_hal.o
 .bss           0x00000000        0x0 Drivers\STM32H7xx_HAL_Driver\Src\stm32h7xx_hal.o
 .text.HAL_MspInit
                0x00000000        0x2 Drivers\STM32H7xx_HAL_Driver\Src\stm32h7xx_hal.o
 .text.HAL_MspDeInit
                0x00000000        0x2 Drivers\STM32H7xx_HAL_Driver\Src\stm32h7xx_hal.o
 .text.HAL_DeInit
                0x00000000       0x5c Drivers\STM32H7xx_HAL_Driver\Src\stm32h7xx_hal.o
 .text.HAL_GetTickPrio
                0x00000000        0xc Drivers\STM32H7xx_HAL_Driver\Src\stm32h7xx_hal.o
 .text.HAL_SetTickFreq
                0x00000000       0x24 Drivers\STM32H7xx_HAL_Driver\Src\stm32h7xx_hal.o
 .text.HAL_GetTickFreq
                0x00000000        0xc Drivers\STM32H7xx_HAL_Driver\Src\stm32h7xx_hal.o
 .text.HAL_SuspendTick
                0x00000000       0x10 Drivers\STM32H7xx_HAL_Driver\Src\stm32h7xx_hal.o
 .text.HAL_ResumeTick
                0x00000000       0x10 Drivers\STM32H7xx_HAL_Driver\Src\stm32h7xx_hal.o
 .text.HAL_GetHalVersion
                0x00000000        0x8 Drivers\STM32H7xx_HAL_Driver\Src\stm32h7xx_hal.o
 .text.HAL_GetREVID
                0x00000000        0xc Drivers\STM32H7xx_HAL_Driver\Src\stm32h7xx_hal.o
 .text.HAL_GetDEVID
                0x00000000       0x10 Drivers\STM32H7xx_HAL_Driver\Src\stm32h7xx_hal.o
 .text.HAL_SYSCFG_VREFBUF_VoltageScalingConfig
                0x00000000       0x14 Drivers\STM32H7xx_HAL_Driver\Src\stm32h7xx_hal.o
 .text.HAL_SYSCFG_VREFBUF_HighImpedanceConfig
                0x00000000       0x14 Drivers\STM32H7xx_HAL_Driver\Src\stm32h7xx_hal.o
 .text.HAL_SYSCFG_VREFBUF_TrimmingConfig
                0x00000000       0x14 Drivers\STM32H7xx_HAL_Driver\Src\stm32h7xx_hal.o
 .text.HAL_SYSCFG_EnableVREFBUF
                0x00000000       0x30 Drivers\STM32H7xx_HAL_Driver\Src\stm32h7xx_hal.o
 .text.HAL_SYSCFG_DisableVREFBUF
                0x00000000       0x10 Drivers\STM32H7xx_HAL_Driver\Src\stm32h7xx_hal.o
 .text.HAL_SYSCFG_ETHInterfaceSelect
                0x00000000       0x14 Drivers\STM32H7xx_HAL_Driver\Src\stm32h7xx_hal.o
 .text.HAL_SYSCFG_AnalogSwitchConfig
                0x00000000       0x14 Drivers\STM32H7xx_HAL_Driver\Src\stm32h7xx_hal.o
 .text.HAL_SYSCFG_EnableBOOST
                0x00000000       0x10 Drivers\STM32H7xx_HAL_Driver\Src\stm32h7xx_hal.o
 .text.HAL_SYSCFG_DisableBOOST
[...]
Memory Configuration

Name             Origin             Length             Attributes
DTCMRAM          0x20000000         0x00020000         xrw
RAM_D1           0x24000000         0x00080000         xrw
RAM_D2           0x30000000         0x00048000         xrw
RAM_D3           0x38000000         0x00010000         xrw
ITCMRAM          0x00000000         0x00010000         xrw
FLASH            0x08000000         0x00200000         xr
*default*        0x00000000         0xffffffff

Linker script and memory map

LOAD c:/program files (x86)/atollic/truestudio for stm32 9.1.0/armtools/bin/../lib/gcc/arm-atollic-eabi/6.3.1/armv7e-m/fpu/fpv5-d16/crti.o
LOAD c:/program files (x86)/atollic/truestudio for stm32 9.1.0/armtools/bin/../lib/gcc/arm-atollic-eabi/6.3.1/armv7e-m/fpu/fpv5-d16/crtbegin.o
LOAD Drivers\STM32H7xx_HAL_Driver\Src\stm32h7xx_hal.o
LOAD Drivers\STM32H7xx_HAL_Driver\Src\stm32h7xx_hal_cortex.o
LOAD Drivers\STM32H7xx_HAL_Driver\Src\stm32h7xx_hal_dma.o
LOAD Drivers\STM32H7xx_HAL_Driver\Src\stm32h7xx_hal_dma_ex.o
LOAD Drivers\STM32H7xx_HAL_Driver\Src\stm32h7xx_hal_eth.o
LOAD Drivers\STM32H7xx_HAL_Driver\Src\stm32h7xx_hal_eth_ex.o
LOAD Drivers\STM32H7xx_HAL_Driver\Src\stm32h7xx_hal_flash.o
LOAD Drivers\STM32H7xx_HAL_Driver\Src\stm32h7xx_hal_flash_ex.o
LOAD Drivers\STM32H7xx_HAL_Driver\Src\stm32h7xx_hal_gpio.o
LOAD Drivers\STM32H7xx_HAL_Driver\Src\stm32h7xx_hal_hsem.o
LOAD Drivers\STM32H7xx_HAL_Driver\Src\stm32h7xx_hal_i2c.o
LOAD Drivers\STM32H7xx_HAL_Driver\Src\stm32h7xx_hal_i2c_ex.o
LOAD Drivers\STM32H7xx_HAL_Driver\Src\stm32h7xx_hal_mdma.o
LOAD Drivers\STM32H7xx_HAL_Driver\Src\stm32h7xx_hal_pcd.o
LOAD Drivers\STM32H7xx_HAL_Driver\Src\stm32h7xx_hal_pcd_ex.o
LOAD Drivers\STM32H7xx_HAL_Driver\Src\stm32h7xx_hal_pwr.o
LOAD Drivers\STM32H7xx_HAL_Driver\Src\stm32h7xx_hal_pwr_ex.o
LOAD Drivers\STM32H7xx_HAL_Driver\Src\stm32h7xx_hal_rcc.o
LOAD Drivers\STM32H7xx_HAL_Driver\Src\stm32h7xx_hal_rcc_ex.o
LOAD Drivers\STM32H7xx_HAL_Driver\Src\stm32h7xx_hal_tim.o
LOAD Drivers\STM32H7xx_HAL_Driver\Src\stm32h7xx_hal_tim_ex.o
LOAD Drivers\STM32H7xx_HAL_Driver\Src\stm32h7xx_hal_uart.o
LOAD Drivers\STM32H7xx_HAL_Driver\Src\stm32h7xx_hal_uart_ex.o
LOAD Drivers\STM32H7xx_HAL_Driver\Src\stm32h7xx_ll_usb.o
LOAD Src\gpio.o
LOAD Src\main.o
LOAD Src\stm32h7xx_hal_msp.o
LOAD Src\stm32h7xx_it.o
LOAD Src\system_stm32h7xx.o
LOAD Src\usart.o
LOAD Src\usb_otg.o
LOAD startup\startup_stm32h743xx.o
                0x00000080                malloc_getpagesize_P = 0x80
START GROUP
LOAD c:/program files (x86)/atollic/truestudio for stm32 9.1.0/armtools/bin/../lib/gcc/arm-atollic-eabi/6.3.1/../../../../arm-atollic-eabi/lib/armv7e-m/fpu/fpv5-d16\libc_nano.a
LOAD c:/program files (x86)/atollic/truestudio for stm32 9.1.0/armtools/bin/../lib/gcc/arm-atollic-eabi/6.3.1/../../../../arm-atollic-eabi/lib/armv7e-m/fpu/fpv5-d16\libm.a
END GROUP
START GROUP
LOAD c:/program files (x86)/atollic/truestudio for stm32 9.1.0/armtools/bin/../lib/gcc/arm-atollic-eabi/6.3.1/armv7e-m/fpu/fpv5-d16\libgcc.a
LOAD c:/program files (x86)/atollic/truestudio for stm32 9.1.0/armtools/bin/../lib/gcc/arm-atollic-eabi/6.3.1/../../../../arm-atollic-eabi/lib/armv7e-m/fpu/fpv5-d16\libc_nano.a
END GROUP
START GROUP
LOAD c:/program files (x86)/atollic/truestudio for stm32 9.1.0/armtools/bin/../lib/gcc/arm-atollic-eabi/6.3.1/armv7e-m/fpu/fpv5-d16\libgcc.a
LOAD c:/program files (x86)/atollic/truestudio for stm32 9.1.0/armtools/bin/../lib/gcc/arm-atollic-eabi/6.3.1/../../../../arm-atollic-eabi/lib/armv7e-m/fpu/fpv5-d16\libc_nano.a
LOAD c:/program files (x86)/atollic/truestudio for stm32 9.1.0/armtools/bin/../lib/gcc/arm-atollic-eabi/6.3.1/../../../../arm-atollic-eabi/lib/armv7e-m/fpu/fpv5-d16\libnosys.a
END GROUP
START GROUP
LOAD c:/program files (x86)/atollic/truestudio for stm32 9.1.0/armtools/bin/../lib/gcc/arm-atollic-eabi/6.3.1/armv7e-m/fpu/fpv5-d16\libgcc.a
LOAD c:/program files (x86)/atollic/truestudio for stm32 9.1.0/armtools/bin/../lib/gcc/arm-atollic-eabi/6.3.1/../../../../arm-atollic-eabi/lib/armv7e-m/fpu/fpv5-d16\libc_nano.a
LOAD c:/program files (x86)/atollic/truestudio for stm32 9.1.0/armtools/bin/../lib/gcc/arm-atollic-eabi/6.3.1/../../../../arm-atollic-eabi/lib/armv7e-m/fpu/fpv5-d16\libnosys.a
END GROUP
LOAD c:/program files (x86)/atollic/truestudio for stm32 9.1.0/armtools/bin/../lib/gcc/arm-atollic-eabi/6.3.1/armv7e-m/fpu/fpv5-d16/crtend.o
LOAD c:/program files (x86)/atollic/truestudio for stm32 9.1.0/armtools/bin/../lib/gcc/arm-atollic-eabi/6.3.1/armv7e-m/fpu/fpv5-d16/crtn.o
                0x20020000                _estack = 0x20020000
                0x00000200                _Min_Heap_Size = 0x200
                0x00000400                _Min_Stack_Size = 0x400

.isr_vector     0x08000000      0x298
                0x08000000                . = ALIGN (0x4)
 *(.isr_vector)
 .isr_vector    0x08000000      0x298 startup\startup_stm32h743xx.o
                0x08000000                g_pfnVectors
                0x08000298                . = ALIGN (0x4)

.text           0x08000298     0x2bfc
                0x08000298                . = ALIGN (0x4)
 *(.text)
 .text          0x08000298       0x40 c:/program files (x86)/atollic/truestudio for stm32 9.1.0/armtools/bin/../lib/gcc/arm-atollic-eabi/6.3.1/armv7e-m/fpu/fpv5-d16/crtbegin.o
 .text          0x080002d8       0x30 c:/program files (x86)/atollic/truestudio for stm32 9.1.0/armtools/bin/../lib/gcc/arm-atollic-eabi/6.3.1/armv7e-m/fpu/fpv5-d16\libgcc.a(_aeabi_uldivmod.o)
                0x080002d8                __aeabi_uldivmod
 .text          0x08000308      0x2dc c:/program files (x86)/atollic/truestudio for stm32 9.1.0/armtools/bin/../lib/gcc/arm-atollic-eabi/6.3.1/armv7e-m/fpu/fpv5-d16\libgcc.a(_udivmoddi4.o)
                0x08000308                __udivmoddi4
 .text          0x080005e4        0x4 c:/program files (x86)/atollic/truestudio for stm32 9.1.0/armtools/bin/../lib/gcc/arm-atollic-eabi/6.3.1/armv7e-m/fpu/fpv5-d16\libgcc.a(_dvmd_tls.o)
                0x080005e4                __aeabi_idiv0
                0x080005e4                __aeabi_ldiv0
 *(.text*)
 .text.HAL_InitTick
                0x080005e8       0x48 Drivers\STM32H7xx_HAL_Driver\Src\stm32h7xx_hal.o
                0x080005e8                HAL_InitTick
 .text.HAL_Init
                0x08000630       0x1e Drivers\STM32H7xx_HAL_Driver\Src\stm32h7xx_hal.o
                0x08000630                HAL_Init
 *fill*         0x0800064e        0x2 
 .text.HAL_IncTick
                0x08000650       0x18 Drivers\STM32H7xx_HAL_Driver\Src\stm32h7xx_hal.o
                0x08000650                HAL_IncTick
 .text.HAL_GetTick
                0x08000668        0xc Drivers\STM32H7xx_HAL_Driver\Src\stm32h7xx_hal.o
                0x08000668                HAL_GetTick
 .text.HAL_Delay
                0x08000674       0x24 Drivers\STM32H7xx_HAL_Driver\Src\stm32h7xx_hal.o
                0x08000674                HAL_Delay
 .text.HAL_NVIC_SetPriorityGrouping
                0x08000698       0x24 Drivers\STM32H7xx_HAL_Driver\Src\stm32h7xx_hal_cortex.o
                0x08000698                HAL_NVIC_SetPriorityGrouping
 .text.HAL_NVIC_SetPriority
                0x080006bc       0x70 Drivers\STM32H7xx_HAL_Driver\Src\stm32h7xx_hal_cortex.o
                0x080006bc                HAL_NVIC_SetPriority
 .text.HAL_SYSTICK_Config
                0x0800072c       0x2c Drivers\STM32H7xx_HAL_Driver\Src\stm32h7xx_hal_cortex.o
                0x0800072c                HAL_SYSTICK_Config
 .text.HAL_GPIO_Init
                0x08000758      0x1d4 Drivers\STM32H7xx_HAL_Driver\Src\stm32h7xx_hal_gpio.o
                0x08000758                HAL_GPIO_Init
 .text.HAL_GPIO_WritePin
                0x0800092c        0xa Drivers\STM32H7xx_HAL_Driver\Src\stm32h7xx_hal_gpio.o
                0x0800092c                HAL_GPIO_WritePin
 .text.HAL_PCD_Init
                0x08000936       0xea Drivers\STM32H7xx_HAL_Driver\Src\stm32h7xx_hal_pcd.o
                0x08000936                HAL_PCD_Init
 .text.HAL_PCDEx_ActivateLPM
                0x08000a20       0x26 Drivers\STM32H7xx_HAL_Driver\Src\stm32h7xx_hal_pcd_ex.o
                0x08000a20                HAL_PCDEx_ActivateLPM
 .text.HAL_PCDEx_ActivateBCD
                0x08000a46       0x1c Drivers\STM32H7xx_HAL_Driver\Src\stm32h7xx_hal_pcd_ex.o
                0x08000a46                HAL_PCDEx_ActivateBCD
 *fill*         0x08000a62        0x2 
 .text.HAL_RCC_OscConfig
                0x08000a64      0x494 Drivers\STM32H7xx_HAL_Driver\Src\stm32h7xx_hal_rcc.o
                0x08000a64                HAL_RCC_OscConfig
 .text.HAL_RCC_GetSysClockFreq
                0x08000ef8      0x138 Drivers\STM32H7xx_HAL_Driver\Src\stm32h7xx_hal_rcc.o
                0x08000ef8                HAL_RCC_GetSysClockFreq
 .text.HAL_RCC_ClockConfig
                0x08001030      0x1b4 Drivers\STM32H7xx_HAL_Driver\Src\stm32h7xx_hal_rcc.o
                0x08001030                HAL_RCC_ClockConfig
 .text.HAL_RCC_GetHCLKFreq
                0x080011e4       0x34 Drivers\STM32H7xx_HAL_Driver\Src\stm32h7xx_hal_rcc.o
                0x080011e4                HAL_RCC_GetHCLKFreq
 .text.HAL_RCC_GetPCLK1Freq
                0x08001218       0x2c Drivers\STM32H7xx_HAL_Driver\Src\stm32h7xx_hal_rcc.o
                0x08001218                HAL_RCC_GetPCLK1Freq
 .text.HAL_RCC_GetPCLK2Freq
                0x08001244       0x2c Drivers\STM32H7xx_HAL_Driver\Src\stm32h7xx_hal_rcc.o
                0x08001244                HAL_RCC_GetPCLK2Freq
 .text.RCCEx_PLL2_Config
                0x08001270       0xcc Drivers\STM32H7xx_HAL_Driver\Src\stm32h7xx_hal_rcc_ex.o
 .text.RCCEx_PLL3_Config
                0x0800133c       0xcc Drivers\STM32H7xx_HAL_Driver\Src\stm32h7xx_hal_rcc_ex.o
 .text.HAL_RCCEx_PeriphCLKConfig
                0x08001408      0x8e0 Drivers\STM32H7xx_HAL_Driver\Src\stm32h7xx_hal_rcc_ex.o
                0x08001408                HAL_RCCEx_PeriphCLKConfig
 .text.HAL_RCCEx_GetD3PCLK1Freq
                0x08001ce8       0x2c Drivers\STM32H7xx_HAL_Driver\Src\stm32h7xx_hal_rcc_ex.o
                0x08001ce8                HAL_RCCEx_GetD3PCLK1Freq
 .text.HAL_RCCEx_GetPLL2ClockFreq
                0x08001d14      0x140 Drivers\STM32H7xx_HAL_Driver\Src\stm32h7xx_hal_rcc_ex.o
                0x08001d14                HAL_RCCEx_GetPLL2ClockFreq
 .text.HAL_RCCEx_GetPLL3ClockFreq
                0x08001e54      0x140 Drivers\STM32H7xx_HAL_Driver\Src\stm32h7xx_hal_rcc_ex.o
                0x08001e54                HAL_RCCEx_GetPLL3ClockFreq
 .text.HAL_RCCEx_GetD1SysClockFreq
                0x08001f94       0x34 Drivers\STM32H7xx_HAL_Driver\Src\stm32h7xx_hal_rcc_ex.o
                0x08001f94                HAL_RCCEx_GetD1SysClockFreq
 .text.UART_SetConfig
                0x08001fc8      0x554 Drivers\STM32H7xx_HAL_Driver\Src\stm32h7xx_hal_uart.o
                0x08001fc8                UART_SetConfig
 .text.UART_AdvFeatureConfig
                0x0800251c       0xaa Drivers\STM32H7xx_HAL_Driver\Src\stm32h7xx_hal_uart.o
                0x0800251c                UART_AdvFeatureConfig
 .text.UART_WaitOnFlagUntilTimeout
                0x080025c6       0x62 Drivers\STM32H7xx_HAL_Driver\Src\stm32h7xx_hal_uart.o
                0x080025c6                UART_WaitOnFlagUntilTimeout
 .text.UART_CheckIdleState
                0x08002628       0x64 Drivers\STM32H7xx_HAL_Driver\Src\stm32h7xx_hal_uart.o
                0x08002628                UART_CheckIdleState
 .text.HAL_UART_Init
                0x0800268c       0x64 Drivers\STM32H7xx_HAL_Driver\Src\stm32h7xx_hal_uart.o
                0x0800268c                HAL_UART_Init
 .text.USB_CoreInit
                0x080026f0       0x76 Drivers\STM32H7xx_HAL_Driver\Src\stm32h7xx_ll_usb.o
                0x080026f0                USB_CoreInit
 .text.USB_DisableGlobalInt
                0x08002766        0xc Drivers\STM32H7xx_HAL_Driver\Src\stm32h7xx_ll_usb.o
                0x08002766                USB_DisableGlobalInt
 .text.USB_SetCurrentMode
                0x08002772       0x2e Drivers\STM32H7xx_HAL_Driver\Src\stm32h7xx_ll_usb.o
                0x08002772                USB_SetCurrentMode
 .text.USB_DevInit
                0x080027a0      0x14c Drivers\STM32H7xx_HAL_Driver\Src\stm32h7xx_ll_usb.o
                0x080027a0                USB_DevInit
 .text.USB_FlushTxFifo
                0x080028ec       0x24 Drivers\STM32H7xx_HAL_Driver\Src\stm32h7xx_ll_usb.o
                0x080028ec                USB_FlushTxFifo
 .text.USB_FlushRxFifo
                0x08002910       0x20 Drivers\STM32H7xx_HAL_Driver\Src\stm32h7xx_ll_usb.o
                0x08002910                USB_FlushRxFifo
 .text.USB_SetDevSpeed
                0x08002930        0xe Drivers\STM32H7xx_HAL_Driver\Src\stm32h7xx_ll_usb.o
                0x08002930                USB_SetDevSpeed
 .text.USB_DevDisconnect
                0x0800293e       0x18 Drivers\STM32H7xx_HAL_Driver\Src\stm32h7xx_ll_usb.o
                0x0800293e                USB_DevDisconnect
 *fill*         0x08002956        0x2 
 .text.USB_CoreReset
                0x08002958       0x30 Drivers\STM32H7xx_HAL_Driver\Src\stm32h7xx_ll_usb.o
 .text.MX_GPIO_Init
                0x08002988      0x120 Src\gpio.o
                0x08002988                MX_GPIO_Init
 .text.SystemClock_Config
                0x08002aa8       0xb4 Src\main.o
                0x08002aa8                SystemClock_Config
 .text.startup.main
                0x08002b5c       0x5c Src\main.o
                0x08002b5c                main
 .text.Error_Handler
                0x08002bb8        0x2 Src\main.o
                0x08002bb8                Error_Handler
 *fill*         0x08002bba        0x2 
 .text.HAL_MspInit
                0x08002bbc       0x24 Src\stm32h7xx_hal_msp.o
                0x08002bbc                HAL_MspInit
 .text.NMI_Handler
                0x08002be0        0x2 Src\stm32h7xx_it.o
                0x08002be0                NMI_Handler
 .text.HardFault_Handler
                0x08002be2        0x2 Src\stm32h7xx_it.o
                0x08002be2                HardFault_Handler
 .text.MemManage_Handler
                0x08002be4        0x2 Src\stm32h7xx_it.o
                0x08002be4                MemManage_Handler
 .text.BusFault_Handler
                0x08002be6        0x2 Src\stm32h7xx_it.o
                0x08002be6                BusFault_Handler
 .text.UsageFault_Handler
                0x08002be8        0x2 Src\stm32h7xx_it.o
                0x08002be8                UsageFault_Handler
 .text.SVC_Handler
                0x08002bea        0x2 Src\stm32h7xx_it.o
                0x08002bea                SVC_Handler
 .text.DebugMon_Handler
                0x08002bec        0x2 Src\stm32h7xx_it.o
                0x08002bec                DebugMon_Handler
 .text.PendSV_Handler
                0x08002bee        0x2 Src\stm32h7xx_it.o
                0x08002bee                PendSV_Handler
 .text.SysTick_Handler
                0x08002bf0        0x4 Src\stm32h7xx_it.o
                0x08002bf0                SysTick_Handler
 .text.SystemInit
                0x08002bf4       0x64 Src\system_stm32h7xx.o
                0x08002bf4                SystemInit
 .text.MX_USART3_UART_Init
                0x08002c58       0x44 Src\usart.o
                0x08002c58                MX_USART3_UART_Init
 .text.HAL_UART_MspInit
                0x08002c9c       0x70 Src\usart.o
                0x08002c9c                HAL_UART_MspInit
 .text.MX_USB_OTG_FS_PCD_Init
                0x08002d0c       0x40 Src\usb_otg.o
                0x08002d0c                MX_USB_OTG_FS_PCD_Init
 .text.HAL_PCD_MspInit
                0x08002d4c       0x84 Src\usb_otg.o
                0x08002d4c                HAL_PCD_MspInit
 .text.Reset_Handler
                0x08002dd0       0x50 startup\startup_stm32h743xx.o
                0x08002dd0                Reset_Handler
 .text.Default_Handler
                0x08002e20        0x2 startup\startup_stm32h743xx.o
                0x08002e20                RTC_Alarm_IRQHandler
                0x08002e20                EXTI2_IRQHandler
                0x08002e20                TIM8_CC_IRQHandler
                0x08002e20                HRTIM1_Master_IRQHandler
                0x08002e20                UART8_IRQHandler
                0x08002e20                SPI4_IRQHandler
                0x08002e20                TIM1_CC_IRQHandler
                0x08002e20                BDMA_Channel6_IRQHandler
                0x08002e20                DMA2_Stream5_IRQHandler
                0x08002e20                HRTIM1_FLT_IRQHandler
                0x08002e20                JPEG_IRQHandler
                0x08002e20                DMA1_Stream5_IRQHandler
                0x08002e20                BDMA_Channel1_IRQHandler
                0x08002e20                HRTIM1_TIMD_IRQHandler
                0x08002e20                TAMP_STAMP_IRQHandler
                0x08002e20                EXTI3_IRQHandler
                0x08002e20                LPTIM4_IRQHandler
                0x08002e20                TIM8_TRG_COM_TIM14_IRQHandler
                0x08002e20                LPTIM2_IRQHandler
                0x08002e20                DFSDM1_FLT1_IRQHandler
                0x08002e20                DMAMUX2_OVR_IRQHandler
                0x08002e20                TIM8_UP_TIM13_IRQHandler
                0x08002e20                I2C3_ER_IRQHandler
                0x08002e20                DFSDM1_FLT2_IRQHandler
                0x08002e20                MDMA_IRQHandler
                0x08002e20                LPTIM3_IRQHandler
                0x08002e20                HSEM1_IRQHandler
                0x08002e20                EXTI0_IRQHandler
                0x08002e20                I2C2_EV_IRQHandler
                0x08002e20                DMA1_Stream2_IRQHandler
                0x08002e20                FPU_IRQHandler
                0x08002e20                OTG_HS_WKUP_IRQHandler
                0x08002e20                FDCAN1_IT1_IRQHandler
                0x08002e20                LTDC_ER_IRQHandler
                0x08002e20                DMA2_Stream2_IRQHandler
                0x08002e20                HRTIM1_TIME_IRQHandler
                0x08002e20                SPI1_IRQHandler
                0x08002e20                TIM6_DAC_IRQHandler
                0x08002e20                DCMI_IRQHandler
                0x08002e20                HRTIM1_TIMC_IRQHandler
                0x08002e20                DMA2_Stream3_IRQHandler
                0x08002e20                SAI2_IRQHandler
                0x08002e20                DFSDM1_FLT3_IRQHandler
                0x08002e20                USART6_IRQHandler
                0x08002e20                TIM17_IRQHandler
                0x08002e20                USART3_IRQHandler
                0x08002e20                BDMA_Channel7_IRQHandler
                0x08002e20                LPTIM5_IRQHandler
                0x08002e20                UART5_IRQHandler
                0x08002e20                ADC3_IRQHandler
                0x08002e20                DMA2_Stream0_IRQHandler
                0x08002e20                TIM4_IRQHandler
                0x08002e20                BDMA_Channel2_IRQHandler
                0x08002e20                QUADSPI_IRQHandler
                0x08002e20                I2C1_EV_IRQHandler
                0x08002e20                DMA1_Stream6_IRQHandler
                0x08002e20                DMAMUX1_OVR_IRQHandler
                0x08002e20                DMA1_Stream1_IRQHandler
                0x08002e20                TIM16_IRQHandler
                0x08002e20                UART4_IRQHandler
                0x08002e20                BDMA_Channel5_IRQHandler
                0x08002e20                TIM3_IRQHandler
                0x08002e20                RCC_IRQHandler
                0x08002e20                TIM8_BRK_TIM12_IRQHandler
                0x08002e20                TIM1_TRG_COM_IRQHandler
                0x08002e20                Default_Handler
                0x08002e20                CEC_IRQHandler
                0x08002e20                EXTI15_10_IRQHandler
                0x08002e20                BDMA_Channel0_IRQHandler
                0x08002e20                ADC_IRQHandler
                0x08002e20                DMA1_Stream7_IRQHandler
                0x08002e20                HRTIM1_TIMA_IRQHandler
                0x08002e20                SPI5_IRQHandler
                0x08002e20                TIM7_IRQHandler
                0x08002e20                SDMMC1_IRQHandler
                0x08002e20                TIM5_IRQHandler
                0x08002e20                DMA2_Stream7_IRQHandler
                0x08002e20                TIM15_IRQHandler
                0x08002e20                PVD_AVD_IRQHandler
                0x08002e20                I2C3_EV_IRQHandler
                0x08002e20                EXTI9_5_IRQHandler
                0x08002e20                RTC_WKUP_IRQHandler
                0x08002e20                LTDC_IRQHandler
                0x08002e20                SAI3_IRQHandler
                0x08002e20                ETH_WKUP_IRQHandler
                0x08002e20                SPDIF_RX_IRQHandler
                0x08002e20                SPI2_IRQHandler
                0x08002e20                OTG_HS_EP1_IN_IRQHandler
                0x08002e20                DMA1_Stream0_IRQHandler
                0x08002e20                CRS_IRQHandler
                0x08002e20                EXTI4_IRQHandler
                0x08002e20                RNG_IRQHandler
                0x08002e20                HRTIM1_TIMB_IRQHandler
                0x08002e20                FDCAN2_IT1_IRQHandler
                0x08002e20                ETH_IRQHandler
                0x08002e20                TIM1_UP_IRQHandler
                0x08002e20                BDMA_Channel4_IRQHandler
                0x08002e20                OTG_HS_EP1_OUT_IRQHandler
                0x08002e20                WWDG_IRQHandler
                0x08002e20                SPI6_IRQHandler
                0x08002e20                MDIOS_IRQHandler
                0x08002e20                I2C4_EV_IRQHandler
                0x08002e20                FDCAN2_IT0_IRQHandler
                0x08002e20                LPUART1_IRQHandler
                0x08002e20                FDCAN1_IT0_IRQHandler
                0x08002e20                TIM2_IRQHandler
                0x08002e20                OTG_FS_WKUP_IRQHandler
                0x08002e20                OTG_HS_IRQHandler
                0x08002e20                DMA2D_IRQHandler
                0x08002e20                TIM1_BRK_IRQHandler
                0x08002e20                EXTI1_IRQHandler
                0x08002e20                SDMMC2_IRQHandler
                0x08002e20                OTG_FS_EP1_OUT_IRQHandler
                0x08002e20                BDMA_Channel3_IRQHandler
                0x08002e20                UART7_IRQHandler
                0x08002e20                MDIOS_WKUP_IRQHandler
                0x08002e20                USART2_IRQHandler
                0x08002e20                DFSDM1_FLT0_IRQHandler
                0x08002e20                SAI4_IRQHandler
                0x08002e20                I2C2_ER_IRQHandler
                0x08002e20                DMA2_Stream1_IRQHandler
                0x08002e20                FLASH_IRQHandler
                0x08002e20                DMA2_Stream4_IRQHandler
                0x08002e20                USART1_IRQHandler
                0x08002e20                OTG_FS_IRQHandler
                0x08002e20                SPI3_IRQHandler
                0x08002e20                WAKEUP_PIN_IRQHandler
                0x08002e20                DMA1_Stream4_IRQHandler
                0x08002e20                OTG_FS_EP1_IN_IRQHandler
                0x08002e20                I2C1_ER_IRQHandler
                0x08002e20                FMC_IRQHandler
                0x08002e20                FDCAN_CAL_IRQHandler
                0x08002e20                SWPMI1_IRQHandler
                0x08002e20                COMP1_IRQHandler
                0x08002e20                LPTIM1_IRQHandler
                0x08002e20                I2C4_ER_IRQHandler
                0x08002e20                DMA2_Stream6_IRQHandler
                0x08002e20                SAI1_IRQHandler
                0x08002e20                DMA1_Stream3_IRQHandler
 *fill*         0x08002e22        0x2 
 .text.__libc_init_array
                0x08002e24       0x48 c:/program files (x86)/atollic/truestudio for stm32 9.1.0/armtools/bin/../lib/gcc/arm-atollic-eabi/6.3.1/../../../../arm-atollic-eabi/lib/armv7e-m/fpu/fpv5-d16\libc_nano.a(lib_a-init.o)
                0x08002e24                __libc_init_array
 .text.memset   0x08002e6c       0x10 c:/program files (x86)/atollic/truestudio for stm32 9.1.0/armtools/bin/../lib/gcc/arm-atollic-eabi/6.3.1/../../../../arm-atollic-eabi/lib/armv7e-m/fpu/fpv5-d16\libc_nano.a(lib_a-memset.o)
                0x08002e6c                memset
 *(.glue_7)
 .glue_7        0x08002e7c        0x0 linker stubs
 *(.glue_7t)
 .glue_7t       0x08002e7c        0x0 linker stubs
 *(.eh_frame)
 .eh_frame      0x08002e7c        0x0 c:/program files (x86)/atollic/truestudio for stm32 9.1.0/armtools/bin/../lib/gcc/arm-atollic-eabi/6.3.1/armv7e-m/fpu/fpv5-d16/crtbegin.o
 *(.init)
 .init          0x08002e7c        0x4 c:/program files (x86)/atollic/truestudio for stm32 9.1.0/armtools/bin/../lib/gcc/arm-atollic-eabi/6.3.1/armv7e-m/fpu/fpv5-d16/crti.o
                0x08002e7c                _init
 .init          0x08002e80        0x8 c:/program files (x86)/atollic/truestudio for stm32 9.1.0/armtools/bin/../lib/gcc/arm-atollic-eabi/6.3.1/armv7e-m/fpu/fpv5-d16/crtn.o
 *(.fini)
 .fini          0x08002e88        0x4 c:/program files (x86)/atollic/truestudio for stm32 9.1.0/armtools/bin/../lib/gcc/arm-atollic-eabi/6.3.1/armv7e-m/fpu/fpv5-d16/crti.o
                0x08002e88                _fini
 .fini          0x08002e8c        0x8 c:/program files (x86)/atollic/truestudio for stm32 9.1.0/armtools/bin/../lib/gcc/arm-atollic-eabi/6.3.1/armv7e-m/fpu/fpv5-d16/crtn.o
                0x08002e94                . = ALIGN (0x4)
                0x08002e94                _etext = .

.vfp11_veneer   0x08002e94        0x0
 .vfp11_veneer  0x08002e94        0x0 linker stubs

.v4_bx          0x08002e94        0x0
 .v4_bx         0x08002e94        0x0 linker stubs

.iplt           0x08002e94        0x0
 .iplt          0x08002e94        0x0 c:/program files (x86)/atollic/truestudio for stm32 9.1.0/armtools/bin/../lib/gcc/arm-atollic-eabi/6.3.1/armv7e-m/fpu/fpv5-d16/crtbegin.o

.rodata         0x08002e94       0x60
                0x08002e94                . = ALIGN (0x4)
 *(.rodata)
 *(.rodata*)
 .rodata.CSWTCH.54
                0x08002e94       0x29 Drivers\STM32H7xx_HAL_Driver\Src\stm32h7xx_hal_uart.o
 .rodata.CSWTCH.56
                0x08002ebd        0x6 Drivers\STM32H7xx_HAL_Driver\Src\stm32h7xx_hal_uart.o
 .rodata.CSWTCH.57
                0x08002ec3        0x6 Drivers\STM32H7xx_HAL_Driver\Src\stm32h7xx_hal_uart.o
 *fill*         0x08002ec9        0x1 
 .rodata.UARTPrescTable
                0x08002eca       0x18 Drivers\STM32H7xx_HAL_Driver\Src\stm32h7xx_hal_uart.o
 .rodata.D1CorePrescTable
                0x08002ee2       0x10 Src\system_stm32h7xx.o
                0x08002ee2                D1CorePrescTable
                0x08002ef4                . = ALIGN (0x4)
 *fill*         0x08002ef2        0x2 

.ARM.extab
 *(.ARM.extab* .gnu.linkonce.armextab.*)

.ARM            0x08002ef4        0x8
                0x08002ef4                __exidx_start = .
 *(.ARM.exidx*)
 .ARM.exidx     0x08002ef4        0x8 c:/program files (x86)/atollic/truestudio for stm32 9.1.0/armtools/bin/../lib/gcc/arm-atollic-eabi/6.3.1/armv7e-m/fpu/fpv5-d16\libgcc.a(_udivmoddi4.o)
                0x08002efc                __exidx_end = .

.rel.dyn        0x08002efc        0x0
 .rel.iplt      0x08002efc        0x0 c:/program files (x86)/atollic/truestudio for stm32 9.1.0/armtools/bin/../lib/gcc/arm-atollic-eabi/6.3.1/armv7e-m/fpu/fpv5-d16/crtbegin.o

.preinit_array  0x08002efc        0x0
                0x08002efc                PROVIDE (__preinit_array_start, .)
 *(.preinit_array*)
                0x08002efc                PROVIDE (__preinit_array_end, .)

.init_array     0x08002efc        0x4
                0x08002efc                PROVIDE (__init_array_start, .)
 *(SORT(.init_array.*))
 *(.init_array*)
 .init_array    0x08002efc        0x4 c:/program files (x86)/atollic/truestudio for stm32 9.1.0/armtools/bin/../lib/gcc/arm-atollic-eabi/6.3.1/armv7e-m/fpu/fpv5-d16/crtbegin.o
                0x08002f00                PROVIDE (__init_array_end, .)

.fini_array     0x08002f00        0x4
                [!provide]                PROVIDE (__fini_array_start, .)
 *(SORT(.fini_array.*))
 *(.fini_array*)
 .fini_array    0x08002f00        0x4 c:/program files (x86)/atollic/truestudio for stm32 9.1.0/armtools/bin/../lib/gcc/arm-atollic-eabi/6.3.1/armv7e-m/fpu/fpv5-d16/crtbegin.o
                [!provide]                PROVIDE (__fini_array_end, .)
                0x08002f04                _sidata = LOADADDR (.data)

.data           0x20000000       0x10 load address 0x08002f04
                0x20000000                . = ALIGN (0x4)
                0x20000000                _sdata = .
 *(.data)
 *(.data*)
 .data.uwTickFreq
                0x20000000        0x1 Drivers\STM32H7xx_HAL_Driver\Src\stm32h7xx_hal.o
 *fill*         0x20000001        0x3 
 .data.uwTickPrio
                0x20000004        0x4 Drivers\STM32H7xx_HAL_Driver\Src\stm32h7xx_hal.o
 .data.SystemCoreClock
                0x20000008        0x4 Src\system_stm32h7xx.o
                0x20000008                SystemCoreClock
 .data.SystemD2Clock
                0x2000000c        0x4 Src\system_stm32h7xx.o
                0x2000000c                SystemD2Clock
                0x20000010                . = ALIGN (0x4)
                0x20000010                _edata = .

.igot.plt       0x20000010        0x0 load address 0x08002f14
 .igot.plt      0x20000010        0x0 c:/program files (x86)/atollic/truestudio for stm32 9.1.0/armtools/bin/../lib/gcc/arm-atollic-eabi/6.3.1/armv7e-m/fpu/fpv5-d16/crtbegin.o
                0x20000010                . = ALIGN (0x4)

.bss            0x20000010      0x4a0 load address 0x08002f14
                0x20000010                _sbss = .
                0x20000010                __bss_start__ = _sbss
 *(.bss)
 .bss           0x20000010       0x1c c:/program files (x86)/atollic/truestudio for stm32 9.1.0/armtools/bin/../lib/gcc/arm-atollic-eabi/6.3.1/armv7e-m/fpu/fpv5-d16/crtbegin.o
 *(.bss*)
 .bss.uwTick    0x2000002c        0x4 Drivers\STM32H7xx_HAL_Driver\Src\stm32h7xx_hal.o
 *(COMMON)
 COMMON         0x20000030       0x80 Src\usart.o
                0x20000030                huart3
 COMMON         0x200000b0      0x400 Src\usb_otg.o
                0x200000b0                hpcd_USB_OTG_FS
                0x200004b0                . = ALIGN (0x4)
                0x200004b0                _ebss = .
                0x200004b0                __bss_end__ = _ebss

._user_heap_stack
                0x200004b0      0x600 load address 0x08002f14
                0x200004b0                . = ALIGN (0x4)
                [!provide]                PROVIDE (end, .)
                [!provide]                PROVIDE (_end, .)
                0x200006b0                . = (. + _Min_Heap_Size)
 *fill*         0x200004b0      0x200 
                0x20000ab0                . = (. + _Min_Stack_Size)
 *fill*         0x200006b0      0x400 
                0x20000ab0                . = ALIGN (0x4)

/DISCARD/
 libc.a(*)
 libm.a(*)
 libgcc.a(*)

.ARM.attributes
                0x00000000       0x2e
 *(.ARM.attributes)
 .ARM.attributes
                0x00000000       0x20 c:/program files (x86)/atollic/truestudio for stm32 9.1.0/armtools/bin/../lib/gcc/arm-atollic-eabi/6.3.1/armv7e-m/fpu/fpv5-d16/crti.o
 .ARM.attributes
                0x00000020       0x32 c:/program files (x86)/atollic/truestudio for stm32 9.1.0/armtools/bin/../lib/gcc/arm-atollic-eabi/6.3.1/armv7e-m/fpu/fpv5-d16/crtbegin.o
 .ARM.attributes
                0x00000052       0x37 Drivers\STM32H7xx_HAL_Driver\Src\stm32h7xx_hal.o
 .ARM.attributes
                0x00000089       0x37 Drivers\STM32H7xx_HAL_Driver\Src\stm32h7xx_hal_cortex.o
 .ARM.attributes
                0x000000c0       0x37 Drivers\STM32H7xx_HAL_Driver\Src\stm32h7xx_hal_gpio.o
 .ARM.attributes
                0x000000f7       0x37 Drivers\STM32H7xx_HAL_Driver\Src\stm32h7xx_hal_pcd.o
 .ARM.attributes
                0x0000012e       0x37 Drivers\STM32H7xx_HAL_Driver\Src\stm32h7xx_hal_pcd_ex.o
 .ARM.attributes
                0x00000165       0x37 Drivers\STM32H7xx_HAL_Driver\Src\stm32h7xx_hal_rcc.o
 .ARM.attributes
                0x0000019c       0x37 Drivers\STM32H7xx_HAL_Driver\Src\stm32h7xx_hal_rcc_ex.o
 .ARM.attributes
                0x000001d3       0x37 Drivers\STM32H7xx_HAL_Driver\Src\stm32h7xx_hal_uart.o
 .ARM.attributes
                0x0000020a       0x37 Drivers\STM32H7xx_HAL_Driver\Src\stm32h7xx_ll_usb.o
 .ARM.attributes
                0x00000241       0x37 Src\gpio.o
 .ARM.attributes
                0x00000278       0x37 Src\main.o
 .ARM.attributes
                0x000002af       0x37 Src\stm32h7xx_hal_msp.o
 .ARM.attributes
                0x000002e6       0x37 Src\stm32h7xx_it.o
 .ARM.attributes
                0x0000031d       0x37 Src\system_stm32h7xx.o
 .ARM.attributes
                0x00000354       0x37 Src\usart.o
 .ARM.attributes
                0x0000038b       0x37 Src\usb_otg.o
 .ARM.attributes
                0x000003c2       0x21 startup\startup_stm32h743xx.o
 .ARM.attributes
                0x000003e3       0x32 c:/program files (x86)/atollic/truestudio for stm32 9.1.0/armtools/bin/../lib/gcc/arm-atollic-eabi/6.3.1/../../../../arm-atollic-eabi/lib/armv7e-m/fpu/fpv5-d16\libc_nano.a(lib_a-init.o)
 .ARM.attributes
                0x00000415       0x32 c:/program files (x86)/atollic/truestudio for stm32 9.1.0/armtools/bin/../lib/gcc/arm-atollic-eabi/6.3.1/../../../../arm-atollic-eabi/lib/armv7e-m/fpu/fpv5-d16\libc_nano.a(lib_a-memset.o)
 .ARM.attributes
                0x00000447       0x20 c:/program files (x86)/atollic/truestudio for stm32 9.1.0/armtools/bin/../lib/gcc/arm-atollic-eabi/6.3.1/armv7e-m/fpu/fpv5-d16\libgcc.a(_aeabi_uldivmod.o)
 .ARM.attributes
                0x00000467       0x32 c:/program files (x86)/atollic/truestudio for stm32 9.1.0/armtools/bin/../lib/gcc/arm-atollic-eabi/6.3.1/armv7e-m/fpu/fpv5-d16\libgcc.a(_udivmoddi4.o)
 .ARM.attributes
                0x00000499       0x20 c:/program files (x86)/atollic/truestudio for stm32 9.1.0/armtools/bin/../lib/gcc/arm-atollic-eabi/6.3.1/armv7e-m/fpu/fpv5-d16\libgcc.a(_dvmd_tls.o)
 .ARM.attributes
                0x000004b9       0x20 c:/program files (x86)/atollic/truestudio for stm32 9.1.0/armtools/bin/../lib/gcc/arm-atollic-eabi/6.3.1/armv7e-m/fpu/fpv5-d16/crtn.o
OUTPUT(GPIO_Control_01.elf elf32-littlearm)

.debug_info     0x00000000    0x17fbe
 .debug_info    0x00000000     0x1d5b Drivers\STM32H7xx_HAL_Driver\Src\stm32h7xx_hal.o
 .debug_info    0x00001d5b     0x1abb Drivers\STM32H7xx_HAL_Driver\Src\stm32h7xx_hal_cortex.o
 .debug_info    0x00003816     0x149e Drivers\STM32H7xx_HAL_Driver\Src\stm32h7xx_hal_gpio.o
 .debug_info    0x00004cb4     0x1e11 Drivers\STM32H7xx_HAL_Driver\Src\stm32h7xx_hal_pcd.o
 .debug_info    0x00006ac5     0x12a2 Drivers\STM32H7xx_HAL_Driver\Src\stm32h7xx_hal_pcd_ex.o
 .debug_info    0x00007d67     0x1af2 Drivers\STM32H7xx_HAL_Driver\Src\stm32h7xx_hal_rcc.o
 .debug_info    0x00009859     0x20cc Drivers\STM32H7xx_HAL_Driver\Src\stm32h7xx_hal_rcc_ex.o
 .debug_info    0x0000b925     0x2762 Drivers\STM32H7xx_HAL_Driver\Src\stm32h7xx_hal_uart.o
 .debug_info    0x0000e087     0x1fd7 Drivers\STM32H7xx_HAL_Driver\Src\stm32h7xx_ll_usb.o
 .debug_info    0x0001005e      0xfc5 Src\gpio.o
 .debug_info    0x00011023     0x1c3f Src\main.o
 .debug_info    0x00012c62      0xd26 Src\stm32h7xx_hal_msp.o
 .debug_info    0x00013988      0xa0a Src\stm32h7xx_it.o
 .debug_info    0x00014392     0x1187 Src\system_stm32h7xx.o
 .debug_info    0x00015519     0x15c5 Src\usart.o
 .debug_info    0x00016ade     0x144e Src\usb_otg.o
 .debug_info    0x00017f2c       0x92 startup\startup_stm32h743xx.o

.debug_abbrev   0x00000000     0x2f0f
 .debug_abbrev  0x00000000      0x395 Drivers\STM32H7xx_HAL_Driver\Src\stm32h7xx_hal.o
 .debug_abbrev  0x00000395      0x3c0 Drivers\STM32H7xx_HAL_Driver\Src\stm32h7xx_hal_cortex.o
 .debug_abbrev  0x00000755      0x2b1 Drivers\STM32H7xx_HAL_Driver\Src\stm32h7xx_hal_gpio.o
 .debug_abbrev  0x00000a06      0x3a8 Drivers\STM32H7xx_HAL_Driver\Src\stm32h7xx_hal_pcd.o
 .debug_abbrev  0x00000dae      0x311 Drivers\STM32H7xx_HAL_Driver\Src\stm32h7xx_hal_pcd_ex.o
 .debug_abbrev  0x000010bf      0x384 Drivers\STM32H7xx_HAL_Driver\Src\stm32h7xx_hal_rcc.o
 .debug_abbrev  0x00001443      0x3a7 Drivers\STM32H7xx_HAL_Driver\Src\stm32h7xx_hal_rcc_ex.o
 .debug_abbrev  0x000017ea      0x405 Drivers\STM32H7xx_HAL_Driver\Src\stm32h7xx_hal_uart.o
 .debug_abbrev  0x00001bef      0x385 Drivers\STM32H7xx_HAL_Driver\Src\stm32h7xx_ll_usb.o
 .debug_abbrev  0x00001f74      0x22f Src\gpio.o
 .debug_abbrev  0x000021a3      0x28c Src\main.o
 .debug_abbrev  0x0000242f      0x1b9 Src\stm32h7xx_hal_msp.o
 .debug_abbrev  0x000025e8      0x1f0 Src\stm32h7xx_it.o
 .debug_abbrev  0x000027d8      0x239 Src\system_stm32h7xx.o
 .debug_abbrev  0x00002a11      0x278 Src\usart.o
 .debug_abbrev  0x00002c89      0x274 Src\usb_otg.o
 .debug_abbrev  0x00002efd       0x12 startup\startup_stm32h743xx.o

.debug_loc      0x00000000     0x7056
 .debug_loc     0x00000000      0x3ff Drivers\STM32H7xx_HAL_Driver\Src\stm32h7xx_hal.o
 .debug_loc     0x000003ff      0x56a Drivers\STM32H7xx_HAL_Driver\Src\stm32h7xx_hal_cortex.o
 .debug_loc     0x00000969      0x388 Drivers\STM32H7xx_HAL_Driver\Src\stm32h7xx_hal_gpio.o
 .debug_loc     0x00000cf1      0xba5 Drivers\STM32H7xx_HAL_Driver\Src\stm32h7xx_hal_pcd.o
 .debug_loc     0x00001896      0x1d5 Drivers\STM32H7xx_HAL_Driver\Src\stm32h7xx_hal_pcd_ex.o
 .debug_loc     0x00001a6b      0x512 Drivers\STM32H7xx_HAL_Driver\Src\stm32h7xx_hal_rcc.o
 .debug_loc     0x00001f7d      0xdf5 Drivers\STM32H7xx_HAL_Driver\Src\stm32h7xx_hal_rcc_ex.o
 .debug_loc     0x00002d72     0x2a73 Drivers\STM32H7xx_HAL_Driver\Src\stm32h7xx_hal_uart.o
 .debug_loc     0x000057e5     0x15c7 Drivers\STM32H7xx_HAL_Driver\Src\stm32h7xx_ll_usb.o
 .debug_loc     0x00006dac      0x1fa Src\system_stm32h7xx.o
 .debug_loc     0x00006fa6       0x58 Src\usart.o
 .debug_loc     0x00006ffe       0x58 Src\usb_otg.o

.debug_aranges  0x00000000      0x978
 .debug_aranges
                0x00000000      0x198 Drivers\STM32H7xx_HAL_Driver\Src\stm32h7xx_hal.o
 .debug_aranges
                0x00000198       0xb0 Drivers\STM32H7xx_HAL_Driver\Src\stm32h7xx_hal_cortex.o
 .debug_aranges
                0x00000248       0x58 Drivers\STM32H7xx_HAL_Driver\Src\stm32h7xx_hal_gpio.o
 .debug_aranges
                0x000002a0       0xc0 Drivers\STM32H7xx_HAL_Driver\Src\stm32h7xx_hal_pcd.o
 .debug_aranges
                0x00000360       0x58 Drivers\STM32H7xx_HAL_Driver\Src\stm32h7xx_hal_pcd_ex.o
 .debug_aranges
                0x000003b8       0x80 Drivers\STM32H7xx_HAL_Driver\Src\stm32h7xx_hal_rcc.o
 .debug_aranges
                0x00000438       0xd0 Drivers\STM32H7xx_HAL_Driver\Src\stm32h7xx_hal_rcc_ex.o
 .debug_aranges
                0x00000508      0x188 Drivers\STM32H7xx_HAL_Driver\Src\stm32h7xx_hal_uart.o
 .debug_aranges
                0x00000690      0x180 Drivers\STM32H7xx_HAL_Driver\Src\stm32h7xx_ll_usb.o
 .debug_aranges
                0x00000810       0x20 Src\gpio.o
 .debug_aranges
                0x00000830       0x30 Src\main.o
 .debug_aranges
                0x00000860       0x20 Src\stm32h7xx_hal_msp.o
 .debug_aranges
                0x00000880       0x48 Src\stm32h7xx_it.o
 .debug_aranges
                0x000008c8       0x28 Src\system_stm32h7xx.o
 .debug_aranges
                0x000008f0       0x30 Src\usart.o
 .debug_aranges
                0x00000920       0x30 Src\usb_otg.o
 .debug_aranges
                0x00000950       0x28 startup\startup_stm32h743xx.o

.debug_ranges   0x00000000      0xd60
 .debug_ranges  0x00000000      0x188 Drivers\STM32H7xx_HAL_Driver\Src\stm32h7xx_hal.o
 .debug_ranges  0x00000188      0x140 Drivers\STM32H7xx_HAL_Driver\Src\stm32h7xx_hal_cortex.o
 .debug_ranges  0x000002c8       0x70 Drivers\STM32H7xx_HAL_Driver\Src\stm32h7xx_hal_gpio.o
 .debug_ranges  0x00000338       0xc8 Drivers\STM32H7xx_HAL_Driver\Src\stm32h7xx_hal_pcd.o
 .debug_ranges  0x00000400       0x48 Drivers\STM32H7xx_HAL_Driver\Src\stm32h7xx_hal_pcd_ex.o
 .debug_ranges  0x00000448      0x208 Drivers\STM32H7xx_HAL_Driver\Src\stm32h7xx_hal_rcc.o
 .debug_ranges  0x00000650      0x270 Drivers\STM32H7xx_HAL_Driver\Src\stm32h7xx_hal_rcc_ex.o
 .debug_ranges  0x000008c0      0x190 Drivers\STM32H7xx_HAL_Driver\Src\stm32h7xx_hal_uart.o
 .debug_ranges  0x00000a50      0x188 Drivers\STM32H7xx_HAL_Driver\Src\stm32h7xx_ll_usb.o
 .debug_ranges  0x00000bd8       0x48 Src\gpio.o
 .debug_ranges  0x00000c20       0x20 Src\main.o
 .debug_ranges  0x00000c40       0x28 Src\stm32h7xx_hal_msp.o
 .debug_ranges  0x00000c68       0x38 Src\stm32h7xx_it.o
 .debug_ranges  0x00000ca0       0x30 Src\system_stm32h7xx.o
 .debug_ranges  0x00000cd0       0x38 Src\usart.o
 .debug_ranges  0x00000d08       0x38 Src\usb_otg.o
 .debug_ranges  0x00000d40       0x20 startup\startup_stm32h743xx.o

.debug_line     0x00000000     0x5bd8
 .debug_line    0x00000000      0x696 Drivers\STM32H7xx_HAL_Driver\Src\stm32h7xx_hal.o
 .debug_line    0x00000696      0x520 Drivers\STM32H7xx_HAL_Driver\Src\stm32h7xx_hal_cortex.o
 .debug_line    0x00000bb6      0x4d0 Drivers\STM32H7xx_HAL_Driver\Src\stm32h7xx_hal_gpio.o
 .debug_line    0x00001086      0x7c7 Drivers\STM32H7xx_HAL_Driver\Src\stm32h7xx_hal_pcd.o
 .debug_line    0x0000184d      0x3f7 Drivers\STM32H7xx_HAL_Driver\Src\stm32h7xx_hal_pcd_ex.o
 .debug_line    0x00001c44      0x7e8 Drivers\STM32H7xx_HAL_Driver\Src\stm32h7xx_hal_rcc.o
 .debug_line    0x0000242c      0xa5c Drivers\STM32H7xx_HAL_Driver\Src\stm32h7xx_hal_rcc_ex.o
 .debug_line    0x00002e88      0xe2b Drivers\STM32H7xx_HAL_Driver\Src\stm32h7xx_hal_uart.o
 .debug_line    0x00003cb3      0x942 Drivers\STM32H7xx_HAL_Driver\Src\stm32h7xx_ll_usb.o
 .debug_line    0x000045f5      0x2c6 Src\gpio.o
 .debug_line    0x000048bb      0x3da Src\main.o
 .debug_line    0x00004c95      0x282 Src\stm32h7xx_hal_msp.o
 .debug_line    0x00004f17      0x2cc Src\stm32h7xx_it.o
 .debug_line    0x000051e3      0x309 Src\system_stm32h7xx.o
 .debug_line    0x000054ec      0x31e Src\usart.o
 .debug_line    0x0000580a      0x34f Src\usb_otg.o
 .debug_line    0x00005b59       0x7f startup\startup_stm32h743xx.o

.debug_str      0x00000000     0x4b61
 .debug_str     0x00000000     0x186f Drivers\STM32H7xx_HAL_Driver\Src\stm32h7xx_hal.o
                               0x1959 (size before relaxing)
 .debug_str     0x0000186f      0x553 Drivers\STM32H7xx_HAL_Driver\Src\stm32h7xx_hal_cortex.o
                               0x14e4 (size before relaxing)
 .debug_str     0x00001dc2      0x18f Drivers\STM32H7xx_HAL_Driver\Src\stm32h7xx_hal_gpio.o
                                0xb8f (size before relaxing)
 .debug_str     0x00001f51      0xaf5 Drivers\STM32H7xx_HAL_Driver\Src\stm32h7xx_hal_pcd.o
                               0x11b8 (size before relaxing)
 .debug_str     0x00002a46      0x199 Drivers\STM32H7xx_HAL_Driver\Src\stm32h7xx_hal_pcd_ex.o
                                0xd54 (size before relaxing)
 .debug_str     0x00002bdf      0x49d Drivers\STM32H7xx_HAL_Driver\Src\stm32h7xx_hal_rcc.o
                                0xe35 (size before relaxing)
 .debug_str     0x0000307c      0x8ad Drivers\STM32H7xx_HAL_Driver\Src\stm32h7xx_hal_rcc_ex.o
                               0x126d (size before relaxing)
 .debug_str     0x00003929      0xc92 Drivers\STM32H7xx_HAL_Driver\Src\stm32h7xx_hal_uart.o
                               0x1772 (size before relaxing)
 .debug_str     0x000045bb      0x3c9 Drivers\STM32H7xx_HAL_Driver\Src\stm32h7xx_ll_usb.o
                               0x1096 (size before relaxing)
 .debug_str     0x00004984       0x22 Src\gpio.o
                                0x95c (size before relaxing)
 .debug_str     0x000049a6       0x8a Src\main.o
                               0x1626 (size before relaxing)
 .debug_str     0x00004a30       0x1b Src\stm32h7xx_hal_msp.o
                                0x8b1 (size before relaxing)
 .debug_str     0x00004a4b       0xa6 Src\stm32h7xx_it.o
                                0x714 (size before relaxing)
 .debug_str     0x00004af1       0x3b Src\system_stm32h7xx.o
                                0xa16 (size before relaxing)
 .debug_str     0x00004b2c       0x1a Src\usart.o
                                0xf65 (size before relaxing)
 .debug_str     0x00004b46       0x1b Src\usb_otg.o
                                0xd8b (size before relaxing)

.comment        0x00000000       0x7c
 .comment       0x00000000       0x7c Drivers\STM32H7xx_HAL_Driver\Src\stm32h7xx_hal.o
                                 0x7d (size before relaxing)
 .comment       0x0000007c       0x7d Drivers\STM32H7xx_HAL_Driver\Src\stm32h7xx_hal_cortex.o
 .comment       0x0000007c       0x7d Drivers\STM32H7xx_HAL_Driver\Src\stm32h7xx_hal_gpio.o
 .comment       0x0000007c       0x7d Drivers\STM32H7xx_HAL_Driver\Src\stm32h7xx_hal_pcd.o
 .comment       0x0000007c       0x7d Drivers\STM32H7xx_HAL_Driver\Src\stm32h7xx_hal_pcd_ex.o
 .comment       0x0000007c       0x7d Drivers\STM32H7xx_HAL_Driver\Src\stm32h7xx_hal_rcc.o
 .comment       0x0000007c       0x7d Drivers\STM32H7xx_HAL_Driver\Src\stm32h7xx_hal_rcc_ex.o
 .comment       0x0000007c       0x7d Drivers\STM32H7xx_HAL_Driver\Src\stm32h7xx_hal_uart.o
 .comment       0x0000007c       0x7d Drivers\STM32H7xx_HAL_Driver\Src\stm32h7xx_ll_usb.o
 .comment       0x0000007c       0x7d Src\gpio.o
 .comment       0x0000007c       0x7d Src\main.o
 .comment       0x0000007c       0x7d Src\stm32h7xx_hal_msp.o
 .comment       0x0000007c       0x7d Src\stm32h7xx_it.o
 .comment       0x0000007c       0x7d Src\system_stm32h7xx.o
 .comment       0x0000007c       0x7d Src\usart.o
 .comment       0x0000007c       0x7d Src\usb_otg.o

.debug_frame    0x00000000     0x1974
 .debug_frame   0x00000000      0x384 Drivers\STM32H7xx_HAL_Driver\Src\stm32h7xx_hal.o
 .debug_frame   0x00000384      0x168 Drivers\STM32H7xx_HAL_Driver\Src\stm32h7xx_hal_cortex.o
 .debug_frame   0x000004ec       0xd8 Drivers\STM32H7xx_HAL_Driver\Src\stm32h7xx_hal_gpio.o
 .debug_frame   0x000005c4      0x2c4 Drivers\STM32H7xx_HAL_Driver\Src\stm32h7xx_hal_pcd.o
 .debug_frame   0x00000888       0xb8 Drivers\STM32H7xx_HAL_Driver\Src\stm32h7xx_hal_pcd_ex.o
 .debug_frame   0x00000940      0x13c Drivers\STM32H7xx_HAL_Driver\Src\stm32h7xx_hal_rcc.o
 .debug_frame   0x00000a7c      0x254 Drivers\STM32H7xx_HAL_Driver\Src\stm32h7xx_hal_rcc_ex.o
 .debug_frame   0x00000cd0      0x524 Drivers\STM32H7xx_HAL_Driver\Src\stm32h7xx_hal_uart.o
 .debug_frame   0x000011f4      0x478 Drivers\STM32H7xx_HAL_Driver\Src\stm32h7xx_ll_usb.o
 .debug_frame   0x0000166c       0x34 Src\gpio.o
 .debug_frame   0x000016a0       0x5c Src\main.o
 .debug_frame   0x000016fc       0x28 Src\stm32h7xx_hal_msp.o
 .debug_frame   0x00001724       0xa0 Src\stm32h7xx_it.o
 .debug_frame   0x000017c4       0x44 Src\system_stm32h7xx.o
 .debug_frame   0x00001808       0x60 Src\usart.o
 .debug_frame   0x00001868       0x60 Src\usb_otg.o
 .debug_frame   0x000018c8       0x2c c:/program files (x86)/atollic/truestudio for stm32 9.1.0/armtools/bin/../lib/gcc/arm-atollic-eabi/6.3.1/../../../../arm-atollic-eabi/lib/armv7e-m/fpu/fpv5-d16\libc_nano.a(lib_a-init.o)
 .debug_frame   0x000018f4       0x20 c:/program files (x86)/atollic/truestudio for stm32 9.1.0/armtools/bin/../lib/gcc/arm-atollic-eabi/6.3.1/../../../../arm-atollic-eabi/lib/armv7e-m/fpu/fpv5-d16\libc_nano.a(lib_a-memset.o)
 .debug_frame   0x00001914       0x2c c:/program files (x86)/atollic/truestudio for stm32 9.1.0/armtools/bin/../lib/gcc/arm-atollic-eabi/6.3.1/armv7e-m/fpu/fpv5-d16\libgcc.a(_aeabi_uldivmod.o)
 .debug_frame   0x00001940       0x34 c:/program files (x86)/atollic/truestudio for stm32 9.1.0/armtools/bin/../lib/gcc/arm-atollic-eabi/6.3.1/armv7e-m/fpu/fpv5-d16\libgcc.a(_udivmoddi4.o)
