Archive member included to satisfy reference by file (symbol)

c:/st/stm32cubeide_1.1.0/stm32cubeide/plugins/com.st.stm32cube.ide.mcu.externaltools.gnu-tools-for-stm32.7-2018-q2-update.win32_1.0.0.201904181610/tools/bin/../lib/gcc/arm-none-eabi/7.3.1/../../../../arm-none-eabi/lib/thumb/v7e-m/fpv5/hard\libc_nano.a(lib_a-errno.o)
                              Core/Src/syscalls.o (__errno)
c:/st/stm32cubeide_1.1.0/stm32cubeide/plugins/com.st.stm32cube.ide.mcu.externaltools.gnu-tools-for-stm32.7-2018-q2-update.win32_1.0.0.201904181610/tools/bin/../lib/gcc/arm-none-eabi/7.3.1/../../../../arm-none-eabi/lib/thumb/v7e-m/fpv5/hard\libc_nano.a(lib_a-exit.o)
                              c:/st/stm32cubeide_1.1.0/stm32cubeide/plugins/com.st.stm32cube.ide.mcu.externaltools.gnu-tools-for-stm32.7-2018-q2-update.win32_1.0.0.201904181610/tools/bin/../lib/gcc/arm-none-eabi/7.3.1/../../../../arm-none-eabi/lib/thumb/v7e-m/fpv5/hard/crt0.o (exit)
c:/st/stm32cubeide_1.1.0/stm32cubeide/plugins/com.st.stm32cube.ide.mcu.externaltools.gnu-tools-for-stm32.7-2018-q2-update.win32_1.0.0.201904181610/tools/bin/../lib/gcc/arm-none-eabi/7.3.1/../../../../arm-none-eabi/lib/thumb/v7e-m/fpv5/hard\libc_nano.a(lib_a-impure.o)
                              c:/st/stm32cubeide_1.1.0/stm32cubeide/plugins/com.st.stm32cube.ide.mcu.externaltools.gnu-tools-for-stm32.7-2018-q2-update.win32_1.0.0.201904181610/tools/bin/../lib/gcc/arm-none-eabi/7.3.1/../../../../arm-none-eabi/lib/thumb/v7e-m/fpv5/hard\libc_nano.a(lib_a-exit.o) (_global_impure_ptr)
c:/st/stm32cubeide_1.1.0/stm32cubeide/plugins/com.st.stm32cube.ide.mcu.externaltools.gnu-tools-for-stm32.7-2018-q2-update.win32_1.0.0.201904181610/tools/bin/../lib/gcc/arm-none-eabi/7.3.1/../../../../arm-none-eabi/lib/thumb/v7e-m/fpv5/hard\libc_nano.a(lib_a-init.o)
                              c:/st/stm32cubeide_1.1.0/stm32cubeide/plugins/com.st.stm32cube.ide.mcu.externaltools.gnu-tools-for-stm32.7-2018-q2-update.win32_1.0.0.201904181610/tools/bin/../lib/gcc/arm-none-eabi/7.3.1/../../../../arm-none-eabi/lib/thumb/v7e-m/fpv5/hard/crt0.o (__libc_init_array)
c:/st/stm32cubeide_1.1.0/stm32cubeide/plugins/com.st.stm32cube.ide.mcu.externaltools.gnu-tools-for-stm32.7-2018-q2-update.win32_1.0.0.201904181610/tools/bin/../lib/gcc/arm-none-eabi/7.3.1/../../../../arm-none-eabi/lib/thumb/v7e-m/fpv5/hard\libc_nano.a(lib_a-memset.o)
                              c:/st/stm32cubeide_1.1.0/stm32cubeide/plugins/com.st.stm32cube.ide.mcu.externaltools.gnu-tools-for-stm32.7-2018-q2-update.win32_1.0.0.201904181610/tools/bin/../lib/gcc/arm-none-eabi/7.3.1/../../../../arm-none-eabi/lib/thumb/v7e-m/fpv5/hard/crt0.o (memset)
c:/st/stm32cubeide_1.1.0/stm32cubeide/plugins/com.st.stm32cube.ide.mcu.externaltools.gnu-tools-for-stm32.7-2018-q2-update.win32_1.0.0.201904181610/tools/bin/../lib/gcc/arm-none-eabi/7.3.1/thumb/v7e-m/fpv5/hard\libgcc.a(_aeabi_uldivmod.o)
                              Drivers/STM32H7xx_HAL_Driver/Src/stm32h7xx_hal_uart.o (__aeabi_uldivmod)
c:/st/stm32cubeide_1.1.0/stm32cubeide/plugins/com.st.stm32cube.ide.mcu.externaltools.gnu-tools-for-stm32.7-2018-q2-update.win32_1.0.0.201904181610/tools/bin/../lib/gcc/arm-none-eabi/7.3.1/thumb/v7e-m/fpv5/hard\libgcc.a(_udivmoddi4.o)
                              c:/st/stm32cubeide_1.1.0/stm32cubeide/plugins/com.st.stm32cube.ide.mcu.externaltools.gnu-tools-for-stm32.7-2018-q2-update.win32_1.0.0.201904181610/tools/bin/../lib/gcc/arm-none-eabi/7.3.1/thumb/v7e-m/fpv5/hard\libgcc.a(_aeabi_uldivmod.o) (__udivmoddi4)
c:/st/stm32cubeide_1.1.0/stm32cubeide/plugins/com.st.stm32cube.ide.mcu.externaltools.gnu-tools-for-stm32.7-2018-q2-update.win32_1.0.0.201904181610/tools/bin/../lib/gcc/arm-none-eabi/7.3.1/thumb/v7e-m/fpv5/hard\libgcc.a(_dvmd_tls.o)
                              c:/st/stm32cubeide_1.1.0/stm32cubeide/plugins/com.st.stm32cube.ide.mcu.externaltools.gnu-tools-for-stm32.7-2018-q2-update.win32_1.0.0.201904181610/tools/bin/../lib/gcc/arm-none-eabi/7.3.1/thumb/v7e-m/fpv5/hard\libgcc.a(_aeabi_uldivmod.o) (__aeabi_ldiv0)

Allocating common symbols
Common symbol       size              file

htim4               0x40              Core/Src/tim.o
huart3              0x8c              Core/Src/usart.o
hpcd_USB_OTG_FS     0x408             Core/Src/usb_otg.o
uwTick              0x4               Drivers/STM32H7xx_HAL_Driver/Src/stm32h7xx_hal.o
pFlash              0x1c              Drivers/STM32H7xx_HAL_Driver/Src/stm32h7xx_hal_flash.o
htim3               0x40              Core/Src/tim.o
tim_reg             0x4               Core/Src/servo_ctrl.o
servo               0x9c              Core/Src/servo_ctrl.o
uart_hal_rx         0x406             Core/Src/serial_com.o
heth                0x70              Core/Src/eth.o
TxConfig            0x34              Core/Src/eth.o

Discarded input sections

[...]
Memory Configuration

Name             Origin             Length             Attributes
DTCMRAM          0x0000000020000000 0x0000000000020000 xrw
ITCMRAM          0x0000000000000000 0x0000000000010000 xrw
RAM_D1           0x0000000024000000 0x0000000000080000 xrw
RAM_D2           0x0000000030000000 0x0000000000048000 xrw
RAM_D3           0x0000000038000000 0x0000000000010000 xrw
FLASH            0x0000000008000000 0x0000000000200000 xr
*default*        0x0000000000000000 0xffffffffffffffff

Linker script and memory map

LOAD c:/st/stm32cubeide_1.1.0/stm32cubeide/plugins/com.st.stm32cube.ide.mcu.externaltools.gnu-tools-for-stm32.7-2018-q2-update.win32_1.0.0.201904181610/tools/bin/../lib/gcc/arm-none-eabi/7.3.1/thumb/v7e-m/fpv5/hard/crti.o
LOAD c:/st/stm32cubeide_1.1.0/stm32cubeide/plugins/com.st.stm32cube.ide.mcu.externaltools.gnu-tools-for-stm32.7-2018-q2-update.win32_1.0.0.201904181610/tools/bin/../lib/gcc/arm-none-eabi/7.3.1/thumb/v7e-m/fpv5/hard/crtbegin.o
LOAD c:/st/stm32cubeide_1.1.0/stm32cubeide/plugins/com.st.stm32cube.ide.mcu.externaltools.gnu-tools-for-stm32.7-2018-q2-update.win32_1.0.0.201904181610/tools/bin/../lib/gcc/arm-none-eabi/7.3.1/../../../../arm-none-eabi/lib/thumb/v7e-m/fpv5/hard/crt0.o
LOAD Core/Src/eth.o
LOAD Core/Src/gpio.o
LOAD Core/Src/main.o
LOAD Core/Src/serial_com.o
LOAD Core/Src/servo_ctrl.o
LOAD Core/Src/stm32h7xx_hal_msp.o
LOAD Core/Src/stm32h7xx_it.o
LOAD Core/Src/sys.o
LOAD Core/Src/syscalls.o
LOAD Core/Src/sysmem.o
LOAD Core/Src/system_stm32h7xx.o
LOAD Core/Src/tim.o
LOAD Core/Src/usart.o
LOAD Core/Src/usb_otg.o
LOAD Core/Startup/startup_stm32h743zitx.o
LOAD Drivers/STM32H7xx_HAL_Driver/Src/stm32h7xx_hal.o
LOAD Drivers/STM32H7xx_HAL_Driver/Src/stm32h7xx_hal_cortex.o
LOAD Drivers/STM32H7xx_HAL_Driver/Src/stm32h7xx_hal_dma.o
LOAD Drivers/STM32H7xx_HAL_Driver/Src/stm32h7xx_hal_dma_ex.o
LOAD Drivers/STM32H7xx_HAL_Driver/Src/stm32h7xx_hal_eth.o
LOAD Drivers/STM32H7xx_HAL_Driver/Src/stm32h7xx_hal_eth_ex.o
LOAD Drivers/STM32H7xx_HAL_Driver/Src/stm32h7xx_hal_exti.o
LOAD Drivers/STM32H7xx_HAL_Driver/Src/stm32h7xx_hal_flash.o
LOAD Drivers/STM32H7xx_HAL_Driver/Src/stm32h7xx_hal_flash_ex.o
LOAD Drivers/STM32H7xx_HAL_Driver/Src/stm32h7xx_hal_gpio.o
LOAD Drivers/STM32H7xx_HAL_Driver/Src/stm32h7xx_hal_hsem.o
LOAD Drivers/STM32H7xx_HAL_Driver/Src/stm32h7xx_hal_i2c.o
LOAD Drivers/STM32H7xx_HAL_Driver/Src/stm32h7xx_hal_i2c_ex.o
LOAD Drivers/STM32H7xx_HAL_Driver/Src/stm32h7xx_hal_mdma.o
LOAD Drivers/STM32H7xx_HAL_Driver/Src/stm32h7xx_hal_pcd.o
LOAD Drivers/STM32H7xx_HAL_Driver/Src/stm32h7xx_hal_pcd_ex.o
LOAD Drivers/STM32H7xx_HAL_Driver/Src/stm32h7xx_hal_pwr.o
LOAD Drivers/STM32H7xx_HAL_Driver/Src/stm32h7xx_hal_pwr_ex.o
LOAD Drivers/STM32H7xx_HAL_Driver/Src/stm32h7xx_hal_rcc.o
LOAD Drivers/STM32H7xx_HAL_Driver/Src/stm32h7xx_hal_rcc_ex.o
LOAD Drivers/STM32H7xx_HAL_Driver/Src/stm32h7xx_hal_tim.o
LOAD Drivers/STM32H7xx_HAL_Driver/Src/stm32h7xx_hal_tim_ex.o
LOAD Drivers/STM32H7xx_HAL_Driver/Src/stm32h7xx_hal_uart.o
LOAD Drivers/STM32H7xx_HAL_Driver/Src/stm32h7xx_hal_uart_ex.o
LOAD Drivers/STM32H7xx_HAL_Driver/Src/stm32h7xx_ll_usb.o
START GROUP
LOAD c:/st/stm32cubeide_1.1.0/stm32cubeide/plugins/com.st.stm32cube.ide.mcu.externaltools.gnu-tools-for-stm32.7-2018-q2-update.win32_1.0.0.201904181610/tools/bin/../lib/gcc/arm-none-eabi/7.3.1/../../../../arm-none-eabi/lib/thumb/v7e-m/fpv5/hard\libc_nano.a
LOAD c:/st/stm32cubeide_1.1.0/stm32cubeide/plugins/com.st.stm32cube.ide.mcu.externaltools.gnu-tools-for-stm32.7-2018-q2-update.win32_1.0.0.201904181610/tools/bin/../lib/gcc/arm-none-eabi/7.3.1/../../../../arm-none-eabi/lib/thumb/v7e-m/fpv5/hard\libm.a
END GROUP
START GROUP
LOAD c:/st/stm32cubeide_1.1.0/stm32cubeide/plugins/com.st.stm32cube.ide.mcu.externaltools.gnu-tools-for-stm32.7-2018-q2-update.win32_1.0.0.201904181610/tools/bin/../lib/gcc/arm-none-eabi/7.3.1/thumb/v7e-m/fpv5/hard\libgcc.a
LOAD c:/st/stm32cubeide_1.1.0/stm32cubeide/plugins/com.st.stm32cube.ide.mcu.externaltools.gnu-tools-for-stm32.7-2018-q2-update.win32_1.0.0.201904181610/tools/bin/../lib/gcc/arm-none-eabi/7.3.1/../../../../arm-none-eabi/lib/thumb/v7e-m/fpv5/hard\libc_nano.a
END GROUP
START GROUP
LOAD c:/st/stm32cubeide_1.1.0/stm32cubeide/plugins/com.st.stm32cube.ide.mcu.externaltools.gnu-tools-for-stm32.7-2018-q2-update.win32_1.0.0.201904181610/tools/bin/../lib/gcc/arm-none-eabi/7.3.1/thumb/v7e-m/fpv5/hard\libgcc.a
LOAD c:/st/stm32cubeide_1.1.0/stm32cubeide/plugins/com.st.stm32cube.ide.mcu.externaltools.gnu-tools-for-stm32.7-2018-q2-update.win32_1.0.0.201904181610/tools/bin/../lib/gcc/arm-none-eabi/7.3.1/../../../../arm-none-eabi/lib/thumb/v7e-m/fpv5/hard\libc_nano.a
LOAD c:/st/stm32cubeide_1.1.0/stm32cubeide/plugins/com.st.stm32cube.ide.mcu.externaltools.gnu-tools-for-stm32.7-2018-q2-update.win32_1.0.0.201904181610/tools/bin/../lib/gcc/arm-none-eabi/7.3.1/../../../../arm-none-eabi/lib/thumb/v7e-m/fpv5/hard\libnosys.a
END GROUP
START GROUP
LOAD c:/st/stm32cubeide_1.1.0/stm32cubeide/plugins/com.st.stm32cube.ide.mcu.externaltools.gnu-tools-for-stm32.7-2018-q2-update.win32_1.0.0.201904181610/tools/bin/../lib/gcc/arm-none-eabi/7.3.1/thumb/v7e-m/fpv5/hard\libgcc.a
LOAD c:/st/stm32cubeide_1.1.0/stm32cubeide/plugins/com.st.stm32cube.ide.mcu.externaltools.gnu-tools-for-stm32.7-2018-q2-update.win32_1.0.0.201904181610/tools/bin/../lib/gcc/arm-none-eabi/7.3.1/../../../../arm-none-eabi/lib/thumb/v7e-m/fpv5/hard\libc_nano.a
LOAD c:/st/stm32cubeide_1.1.0/stm32cubeide/plugins/com.st.stm32cube.ide.mcu.externaltools.gnu-tools-for-stm32.7-2018-q2-update.win32_1.0.0.201904181610/tools/bin/../lib/gcc/arm-none-eabi/7.3.1/../../../../arm-none-eabi/lib/thumb/v7e-m/fpv5/hard\libnosys.a
END GROUP
LOAD c:/st/stm32cubeide_1.1.0/stm32cubeide/plugins/com.st.stm32cube.ide.mcu.externaltools.gnu-tools-for-stm32.7-2018-q2-update.win32_1.0.0.201904181610/tools/bin/../lib/gcc/arm-none-eabi/7.3.1/thumb/v7e-m/fpv5/hard/crtend.o
LOAD c:/st/stm32cubeide_1.1.0/stm32cubeide/plugins/com.st.stm32cube.ide.mcu.externaltools.gnu-tools-for-stm32.7-2018-q2-update.win32_1.0.0.201904181610/tools/bin/../lib/gcc/arm-none-eabi/7.3.1/thumb/v7e-m/fpv5/hard/crtn.o
                0x0000000024080000                _estack = (ORIGIN (RAM_D1) + LENGTH (RAM_D1))
                0x0000000000000200                _Min_Heap_Size = 0x200
                0x0000000000000400                _Min_Stack_Size = 0x400

.isr_vector     0x0000000008000000      0x298
                0x0000000008000000                . = ALIGN (0x4)
 *(.isr_vector)
 .isr_vector    0x0000000008000000      0x298 Core/Startup/startup_stm32h743zitx.o
                0x0000000008000000                g_pfnVectors
                0x0000000008000298                . = ALIGN (0x4)

.text           0x0000000008000298     0x9824
                0x0000000008000298                . = ALIGN (0x4)
 *(.text)
 .text          0x0000000008000298       0x40 c:/st/stm32cubeide_1.1.0/stm32cubeide/plugins/com.st.stm32cube.ide.mcu.externaltools.gnu-tools-for-stm32.7-2018-q2-update.win32_1.0.0.201904181610/tools/bin/../lib/gcc/arm-none-eabi/7.3.1/thumb/v7e-m/fpv5/hard/crtbegin.o
 .text          0x00000000080002d8       0x30 c:/st/stm32cubeide_1.1.0/stm32cubeide/plugins/com.st.stm32cube.ide.mcu.externaltools.gnu-tools-for-stm32.7-2018-q2-update.win32_1.0.0.201904181610/tools/bin/../lib/gcc/arm-none-eabi/7.3.1/thumb/v7e-m/fpv5/hard\libgcc.a(_aeabi_uldivmod.o)
                0x00000000080002d8                __aeabi_uldivmod
 .text          0x0000000008000308      0x2cc c:/st/stm32cubeide_1.1.0/stm32cubeide/plugins/com.st.stm32cube.ide.mcu.externaltools.gnu-tools-for-stm32.7-2018-q2-update.win32_1.0.0.201904181610/tools/bin/../lib/gcc/arm-none-eabi/7.3.1/thumb/v7e-m/fpv5/hard\libgcc.a(_udivmoddi4.o)
                0x0000000008000308                __udivmoddi4
 .text          0x00000000080005d4        0x4 c:/st/stm32cubeide_1.1.0/stm32cubeide/plugins/com.st.stm32cube.ide.mcu.externaltools.gnu-tools-for-stm32.7-2018-q2-update.win32_1.0.0.201904181610/tools/bin/../lib/gcc/arm-none-eabi/7.3.1/thumb/v7e-m/fpv5/hard\libgcc.a(_dvmd_tls.o)
                0x00000000080005d4                __aeabi_idiv0
                0x00000000080005d4                __aeabi_ldiv0
 *(.text*)
 .text.MX_ETH_Init
                0x00000000080005d8       0xa4 Core/Src/eth.o
                0x00000000080005d8                MX_ETH_Init
 .text.HAL_ETH_MspInit
                0x000000000800067c      0x19c Core/Src/eth.o
                0x000000000800067c                HAL_ETH_MspInit
 .text.MX_GPIO_Init
                0x0000000008000818      0x168 Core/Src/gpio.o
                0x0000000008000818                MX_GPIO_Init
 .text.main     0x0000000008000980       0x32 Core/Src/main.o
                0x0000000008000980                main
 *fill*         0x00000000080009b2        0x2 
 .text.SystemClock_Config
                0x00000000080009b4      0x170 Core/Src/main.o
                0x00000000080009b4                SystemClock_Config
 .text.Error_Handler
                0x0000000008000b24        0xe Core/Src/main.o
                0x0000000008000b24                Error_Handler
 *fill*         0x0000000008000b32        0x2 
 .text.uart_hal_rx_buffer_init
                0x0000000008000b34       0x24 Core/Src/serial_com.o
                0x0000000008000b34                uart_hal_rx_buffer_init
 .text.packet_Receive
                0x0000000008000b58       0x68 Core/Src/serial_com.o
                0x0000000008000b58                packet_Receive
 .text.serial_Init
                0x0000000008000bc0       0x1c Core/Src/serial_com.o
                0x0000000008000bc0                serial_Init
 .text.uart_hal_rx_monitor
                0x0000000008000bdc       0x94 Core/Src/serial_com.o
                0x0000000008000bdc                uart_hal_rx_monitor
 .text.uart_hal_getchar
                0x0000000008000c70       0x60 Core/Src/serial_com.o
                0x0000000008000c70                uart_hal_getchar
 .text.servo_update
                0x0000000008000cd0      0x1d4 Core/Src/servo_ctrl.o
                0x0000000008000cd0                servo_update
 .text.servo_speed_update
                0x0000000008000ea4      0x1c4 Core/Src/servo_ctrl.o
                0x0000000008000ea4                servo_speed_update
 .text.HAL_MspInit
                0x0000000008001068       0x34 Core/Src/stm32h7xx_hal_msp.o
                0x0000000008001068                HAL_MspInit
 .text.NMI_Handler
                0x000000000800109c        0xe Core/Src/stm32h7xx_it.o
                0x000000000800109c                NMI_Handler
 .text.HardFault_Handler
                0x00000000080010aa        0x6 Core/Src/stm32h7xx_it.o
                0x00000000080010aa                HardFault_Handler
 .text.MemManage_Handler
                0x00000000080010b0        0x6 Core/Src/stm32h7xx_it.o
                0x00000000080010b0                MemManage_Handler
 .text.BusFault_Handler
                0x00000000080010b6        0x6 Core/Src/stm32h7xx_it.o
                0x00000000080010b6                BusFault_Handler
 .text.UsageFault_Handler
                0x00000000080010bc        0x6 Core/Src/stm32h7xx_it.o
                0x00000000080010bc                UsageFault_Handler
 .text.SVC_Handler
                0x00000000080010c2        0xe Core/Src/stm32h7xx_it.o
                0x00000000080010c2                SVC_Handler
 .text.DebugMon_Handler
                0x00000000080010d0        0xe Core/Src/stm32h7xx_it.o
                0x00000000080010d0                DebugMon_Handler
 .text.PendSV_Handler
                0x00000000080010de        0xe Core/Src/stm32h7xx_it.o
                0x00000000080010de                PendSV_Handler
 .text.SysTick_Handler
                0x00000000080010ec        0xc Core/Src/stm32h7xx_it.o
                0x00000000080010ec                SysTick_Handler
 .text.TIM3_IRQHandler
                0x00000000080010f8       0x14 Core/Src/stm32h7xx_it.o
                0x00000000080010f8                TIM3_IRQHandler
 .text.TIM4_IRQHandler
                0x000000000800110c       0x14 Core/Src/stm32h7xx_it.o
                0x000000000800110c                TIM4_IRQHandler
 .text.USART3_IRQHandler
                0x0000000008001120       0x14 Core/Src/stm32h7xx_it.o
                0x0000000008001120                USART3_IRQHandler
 .text.SystemInit
                0x0000000008001134       0xc4 Core/Src/system_stm32h7xx.o
                0x0000000008001134                SystemInit
 .text.MX_TIM3_Init
                0x00000000080011f8      0x11c Core/Src/tim.o
                0x00000000080011f8                MX_TIM3_Init
 .text.MX_TIM4_Init
                0x0000000008001314       0xec Core/Src/tim.o
                0x0000000008001314                MX_TIM4_Init
 .text.HAL_TIM_Base_MspInit
                0x0000000008001400       0x90 Core/Src/tim.o
                0x0000000008001400                HAL_TIM_Base_MspInit
 .text.HAL_TIM_MspPostInit
                0x0000000008001490      0x14c Core/Src/tim.o
                0x0000000008001490                HAL_TIM_MspPostInit
 .text.HAL_TIM_PeriodElapsedCallback
                0x00000000080015dc       0x24 Core/Src/tim.o
                0x00000000080015dc                HAL_TIM_PeriodElapsedCallback
 .text.MX_USART3_UART_Init
                0x0000000008001600       0x98 Core/Src/usart.o
                0x0000000008001600                MX_USART3_UART_Init
 .text.HAL_UART_MspInit
                0x0000000008001698       0xa4 Core/Src/usart.o
                0x0000000008001698                HAL_UART_MspInit
 .text.HAL_UART_RxCpltCallback
                0x000000000800173c       0x16 Core/Src/usart.o
                0x000000000800173c                HAL_UART_RxCpltCallback
 *fill*         0x0000000008001752        0x2 
 .text.MX_USB_OTG_FS_PCD_Init
                0x0000000008001754       0x64 Core/Src/usb_otg.o
                0x0000000008001754                MX_USB_OTG_FS_PCD_Init
 .text.HAL_PCD_MspInit
                0x00000000080017b8       0xb0 Core/Src/usb_otg.o
                0x00000000080017b8                HAL_PCD_MspInit
 .text.Reset_Handler
                0x0000000008001868       0x50 Core/Startup/startup_stm32h743zitx.o
                0x0000000008001868                Reset_Handler
 .text.Default_Handler
                0x00000000080018b8        0x2 Core/Startup/startup_stm32h743zitx.o
                0x00000000080018b8                RTC_Alarm_IRQHandler
                0x00000000080018b8                EXTI2_IRQHandler
                0x00000000080018b8                TIM8_CC_IRQHandler
                0x00000000080018b8                HRTIM1_Master_IRQHandler
                0x00000000080018b8                UART8_IRQHandler
                0x00000000080018b8                SPI4_IRQHandler
                0x00000000080018b8                TIM1_CC_IRQHandler
                0x00000000080018b8                BDMA_Channel6_IRQHandler
                0x00000000080018b8                DMA2_Stream5_IRQHandler
                0x00000000080018b8                HRTIM1_FLT_IRQHandler
                0x00000000080018b8                JPEG_IRQHandler
                0x00000000080018b8                DMA1_Stream5_IRQHandler
                0x00000000080018b8                BDMA_Channel1_IRQHandler
                0x00000000080018b8                HRTIM1_TIMD_IRQHandler
                0x00000000080018b8                TAMP_STAMP_IRQHandler
                0x00000000080018b8                EXTI3_IRQHandler
                0x00000000080018b8                LPTIM4_IRQHandler
                0x00000000080018b8                TIM8_TRG_COM_TIM14_IRQHandler
                0x00000000080018b8                LPTIM2_IRQHandler
                0x00000000080018b8                DFSDM1_FLT1_IRQHandler
                0x00000000080018b8                DMAMUX2_OVR_IRQHandler
                0x00000000080018b8                TIM8_UP_TIM13_IRQHandler
                0x00000000080018b8                I2C3_ER_IRQHandler
                0x00000000080018b8                DFSDM1_FLT2_IRQHandler
                0x00000000080018b8                MDMA_IRQHandler
                0x00000000080018b8                LPTIM3_IRQHandler
                0x00000000080018b8                HSEM1_IRQHandler
                0x00000000080018b8                EXTI0_IRQHandler
                0x00000000080018b8                I2C2_EV_IRQHandler
                0x00000000080018b8                DMA1_Stream2_IRQHandler
                0x00000000080018b8                FPU_IRQHandler
                0x00000000080018b8                OTG_HS_WKUP_IRQHandler
                0x00000000080018b8                FDCAN1_IT1_IRQHandler
                0x00000000080018b8                LTDC_ER_IRQHandler
                0x00000000080018b8                DMA2_Stream2_IRQHandler
                0x00000000080018b8                HRTIM1_TIME_IRQHandler
                0x00000000080018b8                SPI1_IRQHandler
                0x00000000080018b8                TIM6_DAC_IRQHandler
                0x00000000080018b8                DCMI_IRQHandler
                0x00000000080018b8                HRTIM1_TIMC_IRQHandler
                0x00000000080018b8                DMA2_Stream3_IRQHandler
                0x00000000080018b8                SAI2_IRQHandler
                0x00000000080018b8                DFSDM1_FLT3_IRQHandler
                0x00000000080018b8                USART6_IRQHandler
                0x00000000080018b8                TIM17_IRQHandler
                0x00000000080018b8                BDMA_Channel7_IRQHandler
                0x00000000080018b8                LPTIM5_IRQHandler
                0x00000000080018b8                UART5_IRQHandler
                0x00000000080018b8                ADC3_IRQHandler
                0x00000000080018b8                DMA2_Stream0_IRQHandler
                0x00000000080018b8                BDMA_Channel2_IRQHandler
                0x00000000080018b8                QUADSPI_IRQHandler
                0x00000000080018b8                I2C1_EV_IRQHandler
                0x00000000080018b8                DMA1_Stream6_IRQHandler
                0x00000000080018b8                DMAMUX1_OVR_IRQHandler
                0x00000000080018b8                DMA1_Stream1_IRQHandler
                0x00000000080018b8                TIM16_IRQHandler
                0x00000000080018b8                UART4_IRQHandler
                0x00000000080018b8                BDMA_Channel5_IRQHandler
                0x00000000080018b8                RCC_IRQHandler
                0x00000000080018b8                TIM8_BRK_TIM12_IRQHandler
                0x00000000080018b8                TIM1_TRG_COM_IRQHandler
                0x00000000080018b8                Default_Handler
                0x00000000080018b8                ECC_IRQHandler
                0x00000000080018b8                CEC_IRQHandler
                0x00000000080018b8                EXTI15_10_IRQHandler
                0x00000000080018b8                BDMA_Channel0_IRQHandler
                0x00000000080018b8                ADC_IRQHandler
                0x00000000080018b8                DMA1_Stream7_IRQHandler
                0x00000000080018b8                HRTIM1_TIMA_IRQHandler
                0x00000000080018b8                SPI5_IRQHandler
                0x00000000080018b8                TIM7_IRQHandler
                0x00000000080018b8                SDMMC1_IRQHandler
                0x00000000080018b8                TIM5_IRQHandler
                0x00000000080018b8                DMA2_Stream7_IRQHandler
                0x00000000080018b8                TIM15_IRQHandler
                0x00000000080018b8                PVD_AVD_IRQHandler
                0x00000000080018b8                I2C3_EV_IRQHandler
                0x00000000080018b8                EXTI9_5_IRQHandler
                0x00000000080018b8                RTC_WKUP_IRQHandler
                0x00000000080018b8                LTDC_IRQHandler
                0x00000000080018b8                SAI3_IRQHandler
                0x00000000080018b8                ETH_WKUP_IRQHandler
                0x00000000080018b8                SPDIF_RX_IRQHandler
                0x00000000080018b8                SPI2_IRQHandler
                0x00000000080018b8                OTG_HS_EP1_IN_IRQHandler
                0x00000000080018b8                DMA1_Stream0_IRQHandler
                0x00000000080018b8                CRS_IRQHandler
                0x00000000080018b8                EXTI4_IRQHandler
                0x00000000080018b8                RNG_IRQHandler
                0x00000000080018b8                HRTIM1_TIMB_IRQHandler
                0x00000000080018b8                FDCAN2_IT1_IRQHandler
                0x00000000080018b8                ETH_IRQHandler
                0x00000000080018b8                TIM1_UP_IRQHandler
                0x00000000080018b8                BDMA_Channel4_IRQHandler
                0x00000000080018b8                OTG_HS_EP1_OUT_IRQHandler
                0x00000000080018b8                WWDG_IRQHandler
                0x00000000080018b8                SPI6_IRQHandler
                0x00000000080018b8                MDIOS_IRQHandler
                0x00000000080018b8                I2C4_EV_IRQHandler
                0x00000000080018b8                FDCAN2_IT0_IRQHandler
                0x00000000080018b8                LPUART1_IRQHandler
                0x00000000080018b8                FDCAN1_IT0_IRQHandler
                0x00000000080018b8                TIM2_IRQHandler
                0x00000000080018b8                OTG_FS_WKUP_IRQHandler
                0x00000000080018b8                OTG_HS_IRQHandler
                0x00000000080018b8                DMA2D_IRQHandler
                0x00000000080018b8                TIM1_BRK_IRQHandler
                0x00000000080018b8                EXTI1_IRQHandler
                0x00000000080018b8                SDMMC2_IRQHandler
                0x00000000080018b8                OTG_FS_EP1_OUT_IRQHandler
                0x00000000080018b8                BDMA_Channel3_IRQHandler
                0x00000000080018b8                UART7_IRQHandler
                0x00000000080018b8                MDIOS_WKUP_IRQHandler
                0x00000000080018b8                USART2_IRQHandler
                0x00000000080018b8                DFSDM1_FLT0_IRQHandler
                0x00000000080018b8                SAI4_IRQHandler
                0x00000000080018b8                I2C2_ER_IRQHandler
                0x00000000080018b8                DMA2_Stream1_IRQHandler
                0x00000000080018b8                FLASH_IRQHandler
                0x00000000080018b8                DMA2_Stream4_IRQHandler
                0x00000000080018b8                USART1_IRQHandler
                0x00000000080018b8                OTG_FS_IRQHandler
                0x00000000080018b8                SPI3_IRQHandler
                0x00000000080018b8                WAKEUP_PIN_IRQHandler
                0x00000000080018b8                DMA1_Stream4_IRQHandler
                0x00000000080018b8                OTG_FS_EP1_IN_IRQHandler
                0x00000000080018b8                I2C1_ER_IRQHandler
                0x00000000080018b8                FMC_IRQHandler
                0x00000000080018b8                FDCAN_CAL_IRQHandler
                0x00000000080018b8                SWPMI1_IRQHandler
                0x00000000080018b8                COMP1_IRQHandler
                0x00000000080018b8                LPTIM1_IRQHandler
                0x00000000080018b8                I2C4_ER_IRQHandler
                0x00000000080018b8                DMA2_Stream6_IRQHandler
                0x00000000080018b8                SAI1_IRQHandler
                0x00000000080018b8                DMA1_Stream3_IRQHandler
 *fill*         0x00000000080018ba        0x2 
 .text.HAL_Init
                0x00000000080018bc       0x70 Drivers/STM32H7xx_HAL_Driver/Src/stm32h7xx_hal.o
                0x00000000080018bc                HAL_Init
 .text.HAL_InitTick
                0x000000000800192c       0x6c Drivers/STM32H7xx_HAL_Driver/Src/stm32h7xx_hal.o
                0x000000000800192c                HAL_InitTick
 .text.HAL_IncTick
                0x0000000008001998       0x28 Drivers/STM32H7xx_HAL_Driver/Src/stm32h7xx_hal.o
                0x0000000008001998                HAL_IncTick
 .text.HAL_GetTick
                0x00000000080019c0       0x18 Drivers/STM32H7xx_HAL_Driver/Src/stm32h7xx_hal.o
                0x00000000080019c0                HAL_GetTick
 .text.HAL_Delay
                0x00000000080019d8       0x44 Drivers/STM32H7xx_HAL_Driver/Src/stm32h7xx_hal.o
                0x00000000080019d8                HAL_Delay
 .text.HAL_GetREVID
                0x0000000008001a1c       0x18 Drivers/STM32H7xx_HAL_Driver/Src/stm32h7xx_hal.o
                0x0000000008001a1c                HAL_GetREVID
 .text.HAL_SYSCFG_ETHInterfaceSelect
                0x0000000008001a34       0x28 Drivers/STM32H7xx_HAL_Driver/Src/stm32h7xx_hal.o
                0x0000000008001a34                HAL_SYSCFG_ETHInterfaceSelect
 .text.__NVIC_SetPriorityGrouping
                0x0000000008001a5c       0x48 Drivers/STM32H7xx_HAL_Driver/Src/stm32h7xx_hal_cortex.o
 .text.__NVIC_GetPriorityGrouping
                0x0000000008001aa4       0x1c Drivers/STM32H7xx_HAL_Driver/Src/stm32h7xx_hal_cortex.o
 .text.__NVIC_EnableIRQ
                0x0000000008001ac0       0x3c Drivers/STM32H7xx_HAL_Driver/Src/stm32h7xx_hal_cortex.o
 .text.__NVIC_SetPriority
                0x0000000008001afc       0x54 Drivers/STM32H7xx_HAL_Driver/Src/stm32h7xx_hal_cortex.o
 .text.NVIC_EncodePriority
                0x0000000008001b50       0x66 Drivers/STM32H7xx_HAL_Driver/Src/stm32h7xx_hal_cortex.o
 *fill*         0x0000000008001bb6        0x2 
 .text.SysTick_Config
                0x0000000008001bb8       0x44 Drivers/STM32H7xx_HAL_Driver/Src/stm32h7xx_hal_cortex.o
 .text.HAL_NVIC_SetPriorityGrouping
                0x0000000008001bfc       0x16 Drivers/STM32H7xx_HAL_Driver/Src/stm32h7xx_hal_cortex.o
                0x0000000008001bfc                HAL_NVIC_SetPriorityGrouping
 .text.HAL_NVIC_SetPriority
                0x0000000008001c12       0x34 Drivers/STM32H7xx_HAL_Driver/Src/stm32h7xx_hal_cortex.o
                0x0000000008001c12                HAL_NVIC_SetPriority
 .text.HAL_NVIC_EnableIRQ
                0x0000000008001c46       0x1c Drivers/STM32H7xx_HAL_Driver/Src/stm32h7xx_hal_cortex.o
                0x0000000008001c46                HAL_NVIC_EnableIRQ
 .text.HAL_SYSTICK_Config
                0x0000000008001c62       0x18 Drivers/STM32H7xx_HAL_Driver/Src/stm32h7xx_hal_cortex.o
                0x0000000008001c62                HAL_SYSTICK_Config
 *fill*         0x0000000008001c7a        0x2 
 .text.HAL_DMA_Abort_IT
                0x0000000008001c7c      0x32c Drivers/STM32H7xx_HAL_Driver/Src/stm32h7xx_hal_dma.o
                0x0000000008001c7c                HAL_DMA_Abort_IT
 .text.HAL_ETH_Init
                0x0000000008001fa8      0x1b4 Drivers/STM32H7xx_HAL_Driver/Src/stm32h7xx_hal_eth.o
                0x0000000008001fa8                HAL_ETH_Init
 .text.ETH_SetMACConfig
                0x000000000800215c      0x238 Drivers/STM32H7xx_HAL_Driver/Src/stm32h7xx_hal_eth.o
 .text.ETH_SetDMAConfig
                0x0000000008002394      0x10c Drivers/STM32H7xx_HAL_Driver/Src/stm32h7xx_hal_eth.o
 .text.ETH_MACDMAConfig
                0x00000000080024a0      0x13a Drivers/STM32H7xx_HAL_Driver/Src/stm32h7xx_hal_eth.o
 *fill*         0x00000000080025da        0x2 
 .text.ETH_MAC_MDIO_ClkConfig
                0x00000000080025dc       0xb0 Drivers/STM32H7xx_HAL_Driver/Src/stm32h7xx_hal_eth.o
 .text.ETH_DMATxDescListInit
                0x000000000800268c       0x8e Drivers/STM32H7xx_HAL_Driver/Src/stm32h7xx_hal_eth.o
 .text.ETH_DMARxDescListInit
                0x000000000800271a       0xba Drivers/STM32H7xx_HAL_Driver/Src/stm32h7xx_hal_eth.o
 .text.HAL_GPIO_Init
                0x00000000080027d4      0x360 Drivers/STM32H7xx_HAL_Driver/Src/stm32h7xx_hal_gpio.o
                0x00000000080027d4                HAL_GPIO_Init
 .text.HAL_GPIO_WritePin
                0x0000000008002b34       0x32 Drivers/STM32H7xx_HAL_Driver/Src/stm32h7xx_hal_gpio.o
                0x0000000008002b34                HAL_GPIO_WritePin
 .text.HAL_PCD_Init
                0x0000000008002b66      0x248 Drivers/STM32H7xx_HAL_Driver/Src/stm32h7xx_hal_pcd.o
                0x0000000008002b66                HAL_PCD_Init
 *fill*         0x0000000008002dae        0x2 
 .text.HAL_PCDEx_ActivateLPM
                0x0000000008002db0       0x48 Drivers/STM32H7xx_HAL_Driver/Src/stm32h7xx_hal_pcd_ex.o
                0x0000000008002db0                HAL_PCDEx_ActivateLPM
 .text.HAL_PWREx_ConfigSupply
                0x0000000008002df8       0x70 Drivers/STM32H7xx_HAL_Driver/Src/stm32h7xx_hal_pwr_ex.o
                0x0000000008002df8                HAL_PWREx_ConfigSupply
 .text.HAL_PWREx_EnableUSBVoltageDetector
                0x0000000008002e68       0x20 Drivers/STM32H7xx_HAL_Driver/Src/stm32h7xx_hal_pwr_ex.o
                0x0000000008002e68                HAL_PWREx_EnableUSBVoltageDetector
 .text.HAL_RCC_OscConfig
                0x0000000008002e88      0x770 Drivers/STM32H7xx_HAL_Driver/Src/stm32h7xx_hal_rcc.o
                0x0000000008002e88                HAL_RCC_OscConfig
 .text.HAL_RCC_ClockConfig
                0x00000000080035f8      0x348 Drivers/STM32H7xx_HAL_Driver/Src/stm32h7xx_hal_rcc.o
                0x00000000080035f8                HAL_RCC_ClockConfig
 .text.HAL_RCC_GetSysClockFreq
                0x0000000008003940      0x2e4 Drivers/STM32H7xx_HAL_Driver/Src/stm32h7xx_hal_rcc.o
                0x0000000008003940                HAL_RCC_GetSysClockFreq
 .text.HAL_RCC_GetHCLKFreq
                0x0000000008003c24       0x38 Drivers/STM32H7xx_HAL_Driver/Src/stm32h7xx_hal_rcc.o
                0x0000000008003c24                HAL_RCC_GetHCLKFreq
 .text.HAL_RCC_GetPCLK1Freq
                0x0000000008003c5c       0x2c Drivers/STM32H7xx_HAL_Driver/Src/stm32h7xx_hal_rcc.o
                0x0000000008003c5c                HAL_RCC_GetPCLK1Freq
 .text.HAL_RCC_GetPCLK2Freq
                0x0000000008003c88       0x2c Drivers/STM32H7xx_HAL_Driver/Src/stm32h7xx_hal_rcc.o
                0x0000000008003c88                HAL_RCC_GetPCLK2Freq
 .text.HAL_RCCEx_PeriphCLKConfig
                0x0000000008003cb4      0xde0 Drivers/STM32H7xx_HAL_Driver/Src/stm32h7xx_hal_rcc_ex.o
                0x0000000008003cb4                HAL_RCCEx_PeriphCLKConfig
 .text.HAL_RCCEx_GetD3PCLK1Freq
                0x0000000008004a94       0x2c Drivers/STM32H7xx_HAL_Driver/Src/stm32h7xx_hal_rcc_ex.o
                0x0000000008004a94                HAL_RCCEx_GetD3PCLK1Freq
 .text.HAL_RCCEx_GetPLL2ClockFreq
                0x0000000008004ac0      0x298 Drivers/STM32H7xx_HAL_Driver/Src/stm32h7xx_hal_rcc_ex.o
                0x0000000008004ac0                HAL_RCCEx_GetPLL2ClockFreq
 .text.HAL_RCCEx_GetPLL3ClockFreq
                0x0000000008004d58      0x298 Drivers/STM32H7xx_HAL_Driver/Src/stm32h7xx_hal_rcc_ex.o
                0x0000000008004d58                HAL_RCCEx_GetPLL3ClockFreq
 .text.HAL_RCCEx_GetD1SysClockFreq
                0x0000000008004ff0       0x38 Drivers/STM32H7xx_HAL_Driver/Src/stm32h7xx_hal_rcc_ex.o
                0x0000000008004ff0                HAL_RCCEx_GetD1SysClockFreq
 .text.RCCEx_PLL2_Config
                0x0000000008005028      0x164 Drivers/STM32H7xx_HAL_Driver/Src/stm32h7xx_hal_rcc_ex.o
 .text.RCCEx_PLL3_Config
                0x000000000800518c      0x164 Drivers/STM32H7xx_HAL_Driver/Src/stm32h7xx_hal_rcc_ex.o
 .text.HAL_TIM_Base_Init
                0x00000000080052f0       0x56 Drivers/STM32H7xx_HAL_Driver/Src/stm32h7xx_hal_tim.o
                0x00000000080052f0                HAL_TIM_Base_Init
 .text.HAL_TIM_PWM_Init
                0x0000000008005346       0x56 Drivers/STM32H7xx_HAL_Driver/Src/stm32h7xx_hal_tim.o
                0x0000000008005346                HAL_TIM_PWM_Init
 .text.HAL_TIM_PWM_MspInit
                0x000000000800539c       0x14 Drivers/STM32H7xx_HAL_Driver/Src/stm32h7xx_hal_tim.o
                0x000000000800539c                HAL_TIM_PWM_MspInit
 .text.HAL_TIM_IRQHandler
                0x00000000080053b0      0x23e Drivers/STM32H7xx_HAL_Driver/Src/stm32h7xx_hal_tim.o
                0x00000000080053b0                HAL_TIM_IRQHandler
 *fill*         0x00000000080055ee        0x2 
 .text.HAL_TIM_PWM_ConfigChannel
                0x00000000080055f0      0x230 Drivers/STM32H7xx_HAL_Driver/Src/stm32h7xx_hal_tim.o
                0x00000000080055f0                HAL_TIM_PWM_ConfigChannel
 .text.HAL_TIM_ConfigClockSource
                0x0000000008005820      0x1a0 Drivers/STM32H7xx_HAL_Driver/Src/stm32h7xx_hal_tim.o
                0x0000000008005820                HAL_TIM_ConfigClockSource
 .text.HAL_TIM_OC_DelayElapsedCallback
                0x00000000080059c0       0x14 Drivers/STM32H7xx_HAL_Driver/Src/stm32h7xx_hal_tim.o
                0x00000000080059c0                HAL_TIM_OC_DelayElapsedCallback
 .text.HAL_TIM_IC_CaptureCallback
                0x00000000080059d4       0x14 Drivers/STM32H7xx_HAL_Driver/Src/stm32h7xx_hal_tim.o
                0x00000000080059d4                HAL_TIM_IC_CaptureCallback
 .text.HAL_TIM_PWM_PulseFinishedCallback
                0x00000000080059e8       0x14 Drivers/STM32H7xx_HAL_Driver/Src/stm32h7xx_hal_tim.o
                0x00000000080059e8                HAL_TIM_PWM_PulseFinishedCallback
 .text.HAL_TIM_TriggerCallback
                0x00000000080059fc       0x14 Drivers/STM32H7xx_HAL_Driver/Src/stm32h7xx_hal_tim.o
                0x00000000080059fc                HAL_TIM_TriggerCallback
 .text.TIM_Base_SetConfig
                0x0000000008005a10      0x134 Drivers/STM32H7xx_HAL_Driver/Src/stm32h7xx_hal_tim.o
                0x0000000008005a10                TIM_Base_SetConfig
 .text.TIM_OC1_SetConfig
                0x0000000008005b44      0x120 Drivers/STM32H7xx_HAL_Driver/Src/stm32h7xx_hal_tim.o
 .text.TIM_OC2_SetConfig
                0x0000000008005c64      0x114 Drivers/STM32H7xx_HAL_Driver/Src/stm32h7xx_hal_tim.o
                0x0000000008005c64                TIM_OC2_SetConfig
 .text.TIM_OC3_SetConfig
                0x0000000008005d78      0x10c Drivers/STM32H7xx_HAL_Driver/Src/stm32h7xx_hal_tim.o
 .text.TIM_OC4_SetConfig
                0x0000000008005e84       0xd0 Drivers/STM32H7xx_HAL_Driver/Src/stm32h7xx_hal_tim.o
 .text.TIM_OC5_SetConfig
                0x0000000008005f54       0xc4 Drivers/STM32H7xx_HAL_Driver/Src/stm32h7xx_hal_tim.o
 .text.TIM_OC6_SetConfig
                0x0000000008006018       0xc8 Drivers/STM32H7xx_HAL_Driver/Src/stm32h7xx_hal_tim.o
 .text.TIM_TI1_ConfigInputStage
                0x00000000080060e0       0x5e Drivers/STM32H7xx_HAL_Driver/Src/stm32h7xx_hal_tim.o
 .text.TIM_TI2_ConfigInputStage
                0x000000000800613e       0x60 Drivers/STM32H7xx_HAL_Driver/Src/stm32h7xx_hal_tim.o
 *fill*         0x000000000800619e        0x2 
 .text.TIM_ITRx_SetConfig
                0x00000000080061a0       0x3c Drivers/STM32H7xx_HAL_Driver/Src/stm32h7xx_hal_tim.o
 .text.TIM_ETR_SetConfig
                0x00000000080061dc       0x40 Drivers/STM32H7xx_HAL_Driver/Src/stm32h7xx_hal_tim.o
                0x00000000080061dc                TIM_ETR_SetConfig
 .text.HAL_TIMEx_MasterConfigSynchronization
                0x000000000800621c       0xb8 Drivers/STM32H7xx_HAL_Driver/Src/stm32h7xx_hal_tim_ex.o
                0x000000000800621c                HAL_TIMEx_MasterConfigSynchronization
 .text.HAL_TIMEx_CommutCallback
                0x00000000080062d4       0x14 Drivers/STM32H7xx_HAL_Driver/Src/stm32h7xx_hal_tim_ex.o
                0x00000000080062d4                HAL_TIMEx_CommutCallback
 .text.HAL_TIMEx_BreakCallback
                0x00000000080062e8       0x14 Drivers/STM32H7xx_HAL_Driver/Src/stm32h7xx_hal_tim_ex.o
                0x00000000080062e8                HAL_TIMEx_BreakCallback
 .text.HAL_TIMEx_Break2Callback
                0x00000000080062fc       0x14 Drivers/STM32H7xx_HAL_Driver/Src/stm32h7xx_hal_tim_ex.o
                0x00000000080062fc                HAL_TIMEx_Break2Callback
 .text.HAL_UART_Init
                0x0000000008006310       0xa0 Drivers/STM32H7xx_HAL_Driver/Src/stm32h7xx_hal_uart.o
                0x0000000008006310                HAL_UART_Init
 .text.HAL_UART_Receive_IT
                0x00000000080063b0      0x1b0 Drivers/STM32H7xx_HAL_Driver/Src/stm32h7xx_hal_uart.o
                0x00000000080063b0                HAL_UART_Receive_IT
 .text.HAL_UART_IRQHandler
                0x0000000008006560      0x300 Drivers/STM32H7xx_HAL_Driver/Src/stm32h7xx_hal_uart.o
                0x0000000008006560                HAL_UART_IRQHandler
 .text.HAL_UART_TxCpltCallback
                0x0000000008006860       0x14 Drivers/STM32H7xx_HAL_Driver/Src/stm32h7xx_hal_uart.o
                0x0000000008006860                HAL_UART_TxCpltCallback
 .text.HAL_UART_ErrorCallback
                0x0000000008006874       0x14 Drivers/STM32H7xx_HAL_Driver/Src/stm32h7xx_hal_uart.o
                0x0000000008006874                HAL_UART_ErrorCallback
 .text.UART_SetConfig
                0x0000000008006888     0x22fc Drivers/STM32H7xx_HAL_Driver/Src/stm32h7xx_hal_uart.o
                0x0000000008006888                UART_SetConfig
 .text.UART_AdvFeatureConfig
                0x0000000008008b84      0x144 Drivers/STM32H7xx_HAL_Driver/Src/stm32h7xx_hal_uart.o
                0x0000000008008b84                UART_AdvFeatureConfig
 .text.UART_CheckIdleState
                0x0000000008008cc8       0x90 Drivers/STM32H7xx_HAL_Driver/Src/stm32h7xx_hal_uart.o
                0x0000000008008cc8                UART_CheckIdleState
 .text.UART_WaitOnFlagUntilTimeout
                0x0000000008008d58      0x100 Drivers/STM32H7xx_HAL_Driver/Src/stm32h7xx_hal_uart.o
                0x0000000008008d58                UART_WaitOnFlagUntilTimeout
 .text.UART_EndRxTransfer
                0x0000000008008e58       0x48 Drivers/STM32H7xx_HAL_Driver/Src/stm32h7xx_hal_uart.o
 .text.UART_DMAAbortOnError
                0x0000000008008ea0       0x2c Drivers/STM32H7xx_HAL_Driver/Src/stm32h7xx_hal_uart.o
 .text.UART_EndTransmit_IT
                0x0000000008008ecc       0x34 Drivers/STM32H7xx_HAL_Driver/Src/stm32h7xx_hal_uart.o
 .text.UART_RxISR_8BIT
                0x0000000008008f00       0xaa Drivers/STM32H7xx_HAL_Driver/Src/stm32h7xx_hal_uart.o
 .text.UART_RxISR_16BIT
                0x0000000008008faa       0xaa Drivers/STM32H7xx_HAL_Driver/Src/stm32h7xx_hal_uart.o
 .text.UART_RxISR_8BIT_FIFOEN
                0x0000000008009054      0x108 Drivers/STM32H7xx_HAL_Driver/Src/stm32h7xx_hal_uart.o
 .text.UART_RxISR_16BIT_FIFOEN
                0x000000000800915c      0x108 Drivers/STM32H7xx_HAL_Driver/Src/stm32h7xx_hal_uart.o
 .text.HAL_UARTEx_WakeupCallback
                0x0000000008009264       0x14 Drivers/STM32H7xx_HAL_Driver/Src/stm32h7xx_hal_uart_ex.o
                0x0000000008009264                HAL_UARTEx_WakeupCallback
 .text.HAL_UARTEx_RxFifoFullCallback
                0x0000000008009278       0x14 Drivers/STM32H7xx_HAL_Driver/Src/stm32h7xx_hal_uart_ex.o
                0x0000000008009278                HAL_UARTEx_RxFifoFullCallback
 .text.HAL_UARTEx_TxFifoEmptyCallback
                0x000000000800928c       0x14 Drivers/STM32H7xx_HAL_Driver/Src/stm32h7xx_hal_uart_ex.o
                0x000000000800928c                HAL_UARTEx_TxFifoEmptyCallback
 .text.HAL_UARTEx_DisableFifoMode
                0x00000000080092a0       0x72 Drivers/STM32H7xx_HAL_Driver/Src/stm32h7xx_hal_uart_ex.o
                0x00000000080092a0                HAL_UARTEx_DisableFifoMode
 .text.HAL_UARTEx_SetTxFifoThreshold
                0x0000000008009312       0x7c Drivers/STM32H7xx_HAL_Driver/Src/stm32h7xx_hal_uart_ex.o
                0x0000000008009312                HAL_UARTEx_SetTxFifoThreshold
 .text.HAL_UARTEx_SetRxFifoThreshold
                0x000000000800938e       0x7c Drivers/STM32H7xx_HAL_Driver/Src/stm32h7xx_hal_uart_ex.o
                0x000000000800938e                HAL_UARTEx_SetRxFifoThreshold
 *fill*         0x000000000800940a        0x2 
 .text.UARTEx_SetNbDataToProcess
                0x000000000800940c       0xd0 Drivers/STM32H7xx_HAL_Driver/Src/stm32h7xx_hal_uart_ex.o
 .text.USB_CoreInit
                0x00000000080094dc       0xc4 Drivers/STM32H7xx_HAL_Driver/Src/stm32h7xx_ll_usb.o
                0x00000000080094dc                USB_CoreInit
 .text.USB_DisableGlobalInt
                0x00000000080095a0       0x22 Drivers/STM32H7xx_HAL_Driver/Src/stm32h7xx_ll_usb.o
                0x00000000080095a0                USB_DisableGlobalInt
 .text.USB_SetCurrentMode
                0x00000000080095c2       0x54 Drivers/STM32H7xx_HAL_Driver/Src/stm32h7xx_ll_usb.o
                0x00000000080095c2                USB_SetCurrentMode
 *fill*         0x0000000008009616        0x2 
 .text.USB_DevInit
                0x0000000008009618      0x2d8 Drivers/STM32H7xx_HAL_Driver/Src/stm32h7xx_ll_usb.o
                0x0000000008009618                USB_DevInit
 .text.USB_FlushTxFifo
                0x00000000080098f0       0x4c Drivers/STM32H7xx_HAL_Driver/Src/stm32h7xx_ll_usb.o
                0x00000000080098f0                USB_FlushTxFifo
 .text.USB_FlushRxFifo
                0x000000000800993c       0x44 Drivers/STM32H7xx_HAL_Driver/Src/stm32h7xx_ll_usb.o
                0x000000000800993c                USB_FlushRxFifo
 .text.USB_SetDevSpeed
                0x0000000008009980       0x32 Drivers/STM32H7xx_HAL_Driver/Src/stm32h7xx_ll_usb.o
                0x0000000008009980                USB_SetDevSpeed
 .text.USB_DevDisconnect
                0x00000000080099b2       0x30 Drivers/STM32H7xx_HAL_Driver/Src/stm32h7xx_ll_usb.o
                0x00000000080099b2                USB_DevDisconnect
 *fill*         0x00000000080099e2        0x2 
 .text.USB_CoreReset
                0x00000000080099e4       0x68 Drivers/STM32H7xx_HAL_Driver/Src/stm32h7xx_ll_usb.o
 .text.__libc_init_array
                0x0000000008009a4c       0x48 c:/st/stm32cubeide_1.1.0/stm32cubeide/plugins/com.st.stm32cube.ide.mcu.externaltools.gnu-tools-for-stm32.7-2018-q2-update.win32_1.0.0.201904181610/tools/bin/../lib/gcc/arm-none-eabi/7.3.1/../../../../arm-none-eabi/lib/thumb/v7e-m/fpv5/hard\libc_nano.a(lib_a-init.o)
                0x0000000008009a4c                __libc_init_array
 .text.memset   0x0000000008009a94       0x10 c:/st/stm32cubeide_1.1.0/stm32cubeide/plugins/com.st.stm32cube.ide.mcu.externaltools.gnu-tools-for-stm32.7-2018-q2-update.win32_1.0.0.201904181610/tools/bin/../lib/gcc/arm-none-eabi/7.3.1/../../../../arm-none-eabi/lib/thumb/v7e-m/fpv5/hard\libc_nano.a(lib_a-memset.o)
                0x0000000008009a94                memset
 *(.glue_7)
 .glue_7        0x0000000008009aa4        0x0 linker stubs
 *(.glue_7t)
 .glue_7t       0x0000000008009aa4        0x0 linker stubs
 *(.eh_frame)
 .eh_frame      0x0000000008009aa4        0x0 c:/st/stm32cubeide_1.1.0/stm32cubeide/plugins/com.st.stm32cube.ide.mcu.externaltools.gnu-tools-for-stm32.7-2018-q2-update.win32_1.0.0.201904181610/tools/bin/../lib/gcc/arm-none-eabi/7.3.1/thumb/v7e-m/fpv5/hard/crtbegin.o
 *(.init)
 .init          0x0000000008009aa4        0x4 c:/st/stm32cubeide_1.1.0/stm32cubeide/plugins/com.st.stm32cube.ide.mcu.externaltools.gnu-tools-for-stm32.7-2018-q2-update.win32_1.0.0.201904181610/tools/bin/../lib/gcc/arm-none-eabi/7.3.1/thumb/v7e-m/fpv5/hard/crti.o
                0x0000000008009aa4                _init
 .init          0x0000000008009aa8        0x8 c:/st/stm32cubeide_1.1.0/stm32cubeide/plugins/com.st.stm32cube.ide.mcu.externaltools.gnu-tools-for-stm32.7-2018-q2-update.win32_1.0.0.201904181610/tools/bin/../lib/gcc/arm-none-eabi/7.3.1/thumb/v7e-m/fpv5/hard/crtn.o
 *(.fini)
 .fini          0x0000000008009ab0        0x4 c:/st/stm32cubeide_1.1.0/stm32cubeide/plugins/com.st.stm32cube.ide.mcu.externaltools.gnu-tools-for-stm32.7-2018-q2-update.win32_1.0.0.201904181610/tools/bin/../lib/gcc/arm-none-eabi/7.3.1/thumb/v7e-m/fpv5/hard/crti.o
                0x0000000008009ab0                _fini
 .fini          0x0000000008009ab4        0x8 c:/st/stm32cubeide_1.1.0/stm32cubeide/plugins/com.st.stm32cube.ide.mcu.externaltools.gnu-tools-for-stm32.7-2018-q2-update.win32_1.0.0.201904181610/tools/bin/../lib/gcc/arm-none-eabi/7.3.1/thumb/v7e-m/fpv5/hard/crtn.o
                0x0000000008009abc                . = ALIGN (0x4)
                0x0000000008009abc                _etext = .

.vfp11_veneer   0x0000000008009abc        0x0
 .vfp11_veneer  0x0000000008009abc        0x0 linker stubs

.v4_bx          0x0000000008009abc        0x0
 .v4_bx         0x0000000008009abc        0x0 linker stubs

.iplt           0x0000000008009abc        0x0
 .iplt          0x0000000008009abc        0x0 c:/st/stm32cubeide_1.1.0/stm32cubeide/plugins/com.st.stm32cube.ide.mcu.externaltools.gnu-tools-for-stm32.7-2018-q2-update.win32_1.0.0.201904181610/tools/bin/../lib/gcc/arm-none-eabi/7.3.1/thumb/v7e-m/fpv5/hard/crtbegin.o

.rodata         0x0000000008009abc       0x20
                0x0000000008009abc                . = ALIGN (0x4)
 *(.rodata)
 .rodata        0x0000000008009abc       0x10 Drivers/STM32H7xx_HAL_Driver/Src/stm32h7xx_hal_uart_ex.o
 *(.rodata*)
 .rodata.D1CorePrescTable
                0x0000000008009acc       0x10 Core/Src/system_stm32h7xx.o
                0x0000000008009acc                D1CorePrescTable
                0x0000000008009adc                . = ALIGN (0x4)

.ARM.extab      0x0000000008009adc        0x0
                0x0000000008009adc                . = ALIGN (0x4)
 *(.ARM.extab* .gnu.linkonce.armextab.*)
                0x0000000008009adc                . = ALIGN (0x4)

.ARM            0x0000000008009adc        0x8
                0x0000000008009adc                . = ALIGN (0x4)
                0x0000000008009adc                __exidx_start = .
 *(.ARM.exidx*)
 .ARM.exidx     0x0000000008009adc        0x8 c:/st/stm32cubeide_1.1.0/stm32cubeide/plugins/com.st.stm32cube.ide.mcu.externaltools.gnu-tools-for-stm32.7-2018-q2-update.win32_1.0.0.201904181610/tools/bin/../lib/gcc/arm-none-eabi/7.3.1/thumb/v7e-m/fpv5/hard\libgcc.a(_udivmoddi4.o)
                0x0000000008009ae4                __exidx_end = .
                0x0000000008009ae4                . = ALIGN (0x4)

.rel.dyn        0x0000000008009ae4        0x0
 .rel.iplt      0x0000000008009ae4        0x0 c:/st/stm32cubeide_1.1.0/stm32cubeide/plugins/com.st.stm32cube.ide.mcu.externaltools.gnu-tools-for-stm32.7-2018-q2-update.win32_1.0.0.201904181610/tools/bin/../lib/gcc/arm-none-eabi/7.3.1/thumb/v7e-m/fpv5/hard/crtbegin.o

.preinit_array  0x0000000008009ae4        0x0
                0x0000000008009ae4                . = ALIGN (0x4)
                0x0000000008009ae4                PROVIDE (__preinit_array_start = .)
 *(.preinit_array*)
                0x0000000008009ae4                PROVIDE (__preinit_array_end = .)
                0x0000000008009ae4                . = ALIGN (0x4)

.init_array     0x0000000008009ae4        0x4
                0x0000000008009ae4                . = ALIGN (0x4)
                0x0000000008009ae4                PROVIDE (__init_array_start = .)
 *(SORT_BY_NAME(.init_array.*))
 *(.init_array*)
 .init_array    0x0000000008009ae4        0x4 c:/st/stm32cubeide_1.1.0/stm32cubeide/plugins/com.st.stm32cube.ide.mcu.externaltools.gnu-tools-for-stm32.7-2018-q2-update.win32_1.0.0.201904181610/tools/bin/../lib/gcc/arm-none-eabi/7.3.1/thumb/v7e-m/fpv5/hard/crtbegin.o
                0x0000000008009ae8                PROVIDE (__init_array_end = .)
                0x0000000008009ae8                . = ALIGN (0x4)

.fini_array     0x0000000008009ae8        0x4
                0x0000000008009ae8                . = ALIGN (0x4)
                [!provide]                        PROVIDE (__fini_array_start = .)
 *(SORT_BY_NAME(.fini_array.*))
 *(.fini_array*)
 .fini_array    0x0000000008009ae8        0x4 c:/st/stm32cubeide_1.1.0/stm32cubeide/plugins/com.st.stm32cube.ide.mcu.externaltools.gnu-tools-for-stm32.7-2018-q2-update.win32_1.0.0.201904181610/tools/bin/../lib/gcc/arm-none-eabi/7.3.1/thumb/v7e-m/fpv5/hard/crtbegin.o
                [!provide]                        PROVIDE (__fini_array_end = .)
                0x0000000008009aec                . = ALIGN (0x4)
                0x0000000008009aec                _sidata = LOADADDR (.data)

.data           0x0000000024000000       0x18 load address 0x0000000008009aec
                0x0000000024000000                . = ALIGN (0x4)
                0x0000000024000000                _sdata = .
 *(.data)
 *(.data*)
 .data.DLE      0x0000000024000000        0x2 Core/Src/serial_com.o
                0x0000000024000000                DLE
 .data.STX      0x0000000024000002        0x2 Core/Src/serial_com.o
                0x0000000024000002                STX
 .data.ETX      0x0000000024000004        0x2 Core/Src/serial_com.o
                0x0000000024000004                ETX
 *fill*         0x0000000024000006        0x2 
 .data.SystemCoreClock
                0x0000000024000008        0x4 Core/Src/system_stm32h7xx.o
                0x0000000024000008                SystemCoreClock
 .data.SystemD2Clock
                0x000000002400000c        0x4 Core/Src/system_stm32h7xx.o
                0x000000002400000c                SystemD2Clock
 .data.uwTickPrio
                0x0000000024000010        0x4 Drivers/STM32H7xx_HAL_Driver/Src/stm32h7xx_hal.o
                0x0000000024000010                uwTickPrio
 .data.uwTickFreq
                0x0000000024000014        0x1 Drivers/STM32H7xx_HAL_Driver/Src/stm32h7xx_hal.o
                0x0000000024000014                uwTickFreq
                0x0000000024000018                . = ALIGN (0x4)
 *fill*         0x0000000024000015        0x3 
                0x0000000024000018                _edata = .

.igot.plt       0x0000000024000018        0x0 load address 0x0000000008009b04
 .igot.plt      0x0000000024000018        0x0 c:/st/stm32cubeide_1.1.0/stm32cubeide/plugins/com.st.stm32cube.ide.mcu.externaltools.gnu-tools-for-stm32.7-2018-q2-update.win32_1.0.0.201904181610/tools/bin/../lib/gcc/arm-none-eabi/7.3.1/thumb/v7e-m/fpv5/hard/crtbegin.o

.RxDecripSection
                0x0000000024000018       0x60 load address 0x0000000008009b04
 .RxDecripSection
                0x0000000024000018       0x60 Core/Src/eth.o
                0x0000000024000018                DMARxDscrTab

.TxDecripSection
                0x0000000024000078       0x60 load address 0x0000000008009b64
 .TxDecripSection
                0x0000000024000078       0x60 Core/Src/eth.o
                0x0000000024000078                DMATxDscrTab
                0x00000000240000d8                . = ALIGN (0x4)

.bss            0x00000000240000d8      0xa80 load address 0x0000000008009bc4
                0x00000000240000d8                _sbss = .
                0x00000000240000d8                __bss_start__ = _sbss
 *(.bss)
 .bss           0x00000000240000d8       0x1c c:/st/stm32cubeide_1.1.0/stm32cubeide/plugins/com.st.stm32cube.ide.mcu.externaltools.gnu-tools-for-stm32.7-2018-q2-update.win32_1.0.0.201904181610/tools/bin/../lib/gcc/arm-none-eabi/7.3.1/thumb/v7e-m/fpv5/hard/crtbegin.o
 *(.bss*)
 *(COMMON)
 COMMON         0x00000000240000f4       0xa4 Core/Src/eth.o
                0x00000000240000f4                heth
                0x0000000024000164                TxConfig
 COMMON         0x0000000024000198      0x406 Core/Src/serial_com.o
                0x0000000024000198                uart_hal_rx
 *fill*         0x000000002400059e        0x2 
 COMMON         0x00000000240005a0       0xa0 Core/Src/servo_ctrl.o
                0x00000000240005a0                tim_reg
                0x00000000240005a4                servo
 COMMON         0x0000000024000640       0x80 Core/Src/tim.o
                0x0000000024000640                htim4
                0x0000000024000680                htim3
 COMMON         0x00000000240006c0       0x8c Core/Src/usart.o
                0x00000000240006c0                huart3
 COMMON         0x000000002400074c      0x408 Core/Src/usb_otg.o
                0x000000002400074c                hpcd_USB_OTG_FS
 COMMON         0x0000000024000b54        0x4 Drivers/STM32H7xx_HAL_Driver/Src/stm32h7xx_hal.o
                0x0000000024000b54                uwTick
                0x0000000024000b58                . = ALIGN (0x4)
                0x0000000024000b58                _ebss = .
                0x0000000024000b58                __bss_end__ = _ebss

._user_heap_stack
                0x0000000024000b58      0x600 load address 0x0000000008009bc4
                0x0000000024000b58                . = ALIGN (0x8)
                0x0000000024000b58                PROVIDE (end = .)
                [!provide]                        PROVIDE (_end = .)
                0x0000000024000d58                . = (. + _Min_Heap_Size)
 *fill*         0x0000000024000b58      0x200 
                0x0000000024001158                . = (. + _Min_Stack_Size)
 *fill*         0x0000000024000d58      0x400 
                0x0000000024001158                . = ALIGN (0x8)

/DISCARD/
 libc.a(*)
 libm.a(*)
 libgcc.a(*)

.ARM.attributes
                0x0000000000000000       0x2e
 *(.ARM.attributes)
 .ARM.attributes
                0x0000000000000000       0x20 c:/st/stm32cubeide_1.1.0/stm32cubeide/plugins/com.st.stm32cube.ide.mcu.externaltools.gnu-tools-for-stm32.7-2018-q2-update.win32_1.0.0.201904181610/tools/bin/../lib/gcc/arm-none-eabi/7.3.1/thumb/v7e-m/fpv5/hard/crti.o
 .ARM.attributes
                0x0000000000000020       0x32 c:/st/stm32cubeide_1.1.0/stm32cubeide/plugins/com.st.stm32cube.ide.mcu.externaltools.gnu-tools-for-stm32.7-2018-q2-update.win32_1.0.0.201904181610/tools/bin/../lib/gcc/arm-none-eabi/7.3.1/thumb/v7e-m/fpv5/hard/crtbegin.o
 .ARM.attributes
                0x0000000000000052       0x37 Core/Src/eth.o
 .ARM.attributes
                0x0000000000000089       0x37 Core/Src/gpio.o
 .ARM.attributes
                0x00000000000000c0       0x37 Core/Src/main.o
 .ARM.attributes
                0x00000000000000f7       0x37 Core/Src/serial_com.o
 .ARM.attributes
                0x000000000000012e       0x37 Core/Src/servo_ctrl.o
 .ARM.attributes
                0x0000000000000165       0x37 Core/Src/stm32h7xx_hal_msp.o
 .ARM.attributes
                0x000000000000019c       0x37 Core/Src/stm32h7xx_it.o
 .ARM.attributes
                0x00000000000001d3       0x37 Core/Src/system_stm32h7xx.o
 .ARM.attributes
                0x000000000000020a       0x37 Core/Src/tim.o
 .ARM.attributes
                0x0000000000000241       0x37 Core/Src/usart.o
 .ARM.attributes
                0x0000000000000278       0x37 Core/Src/usb_otg.o
 .ARM.attributes
                0x00000000000002af       0x21 Core/Startup/startup_stm32h743zitx.o
 .ARM.attributes
                0x00000000000002d0       0x37 Drivers/STM32H7xx_HAL_Driver/Src/stm32h7xx_hal.o
 .ARM.attributes
                0x0000000000000307       0x37 Drivers/STM32H7xx_HAL_Driver/Src/stm32h7xx_hal_cortex.o
 .ARM.attributes
                0x000000000000033e       0x37 Drivers/STM32H7xx_HAL_Driver/Src/stm32h7xx_hal_dma.o
 .ARM.attributes
                0x0000000000000375       0x37 Drivers/STM32H7xx_HAL_Driver/Src/stm32h7xx_hal_eth.o
 .ARM.attributes
                0x00000000000003ac       0x37 Drivers/STM32H7xx_HAL_Driver/Src/stm32h7xx_hal_gpio.o
 .ARM.attributes
                0x00000000000003e3       0x37 Drivers/STM32H7xx_HAL_Driver/Src/stm32h7xx_hal_pcd.o
 .ARM.attributes
                0x000000000000041a       0x37 Drivers/STM32H7xx_HAL_Driver/Src/stm32h7xx_hal_pcd_ex.o
 .ARM.attributes
                0x0000000000000451       0x37 Drivers/STM32H7xx_HAL_Driver/Src/stm32h7xx_hal_pwr_ex.o
 .ARM.attributes
                0x0000000000000488       0x37 Drivers/STM32H7xx_HAL_Driver/Src/stm32h7xx_hal_rcc.o
 .ARM.attributes
                0x00000000000004bf       0x37 Drivers/STM32H7xx_HAL_Driver/Src/stm32h7xx_hal_rcc_ex.o
 .ARM.attributes
                0x00000000000004f6       0x37 Drivers/STM32H7xx_HAL_Driver/Src/stm32h7xx_hal_tim.o
 .ARM.attributes
                0x000000000000052d       0x37 Drivers/STM32H7xx_HAL_Driver/Src/stm32h7xx_hal_tim_ex.o
 .ARM.attributes
                0x0000000000000564       0x37 Drivers/STM32H7xx_HAL_Driver/Src/stm32h7xx_hal_uart.o
 .ARM.attributes
                0x000000000000059b       0x37 Drivers/STM32H7xx_HAL_Driver/Src/stm32h7xx_hal_uart_ex.o
 .ARM.attributes
                0x00000000000005d2       0x37 Drivers/STM32H7xx_HAL_Driver/Src/stm32h7xx_ll_usb.o
 .ARM.attributes
                0x0000000000000609       0x32 c:/st/stm32cubeide_1.1.0/stm32cubeide/plugins/com.st.stm32cube.ide.mcu.externaltools.gnu-tools-for-stm32.7-2018-q2-update.win32_1.0.0.201904181610/tools/bin/../lib/gcc/arm-none-eabi/7.3.1/../../../../arm-none-eabi/lib/thumb/v7e-m/fpv5/hard\libc_nano.a(lib_a-init.o)
 .ARM.attributes
                0x000000000000063b       0x32 c:/st/stm32cubeide_1.1.0/stm32cubeide/plugins/com.st.stm32cube.ide.mcu.externaltools.gnu-tools-for-stm32.7-2018-q2-update.win32_1.0.0.201904181610/tools/bin/../lib/gcc/arm-none-eabi/7.3.1/../../../../arm-none-eabi/lib/thumb/v7e-m/fpv5/hard\libc_nano.a(lib_a-memset.o)
 .ARM.attributes
                0x000000000000066d       0x20 c:/st/stm32cubeide_1.1.0/stm32cubeide/plugins/com.st.stm32cube.ide.mcu.externaltools.gnu-tools-for-stm32.7-2018-q2-update.win32_1.0.0.201904181610/tools/bin/../lib/gcc/arm-none-eabi/7.3.1/thumb/v7e-m/fpv5/hard\libgcc.a(_aeabi_uldivmod.o)
 .ARM.attributes
                0x000000000000068d       0x32 c:/st/stm32cubeide_1.1.0/stm32cubeide/plugins/com.st.stm32cube.ide.mcu.externaltools.gnu-tools-for-stm32.7-2018-q2-update.win32_1.0.0.201904181610/tools/bin/../lib/gcc/arm-none-eabi/7.3.1/thumb/v7e-m/fpv5/hard\libgcc.a(_udivmoddi4.o)
 .ARM.attributes
                0x00000000000006bf       0x20 c:/st/stm32cubeide_1.1.0/stm32cubeide/plugins/com.st.stm32cube.ide.mcu.externaltools.gnu-tools-for-stm32.7-2018-q2-update.win32_1.0.0.201904181610/tools/bin/../lib/gcc/arm-none-eabi/7.3.1/thumb/v7e-m/fpv5/hard\libgcc.a(_dvmd_tls.o)
 .ARM.attributes
                0x00000000000006df       0x20 c:/st/stm32cubeide_1.1.0/stm32cubeide/plugins/com.st.stm32cube.ide.mcu.externaltools.gnu-tools-for-stm32.7-2018-q2-update.win32_1.0.0.201904181610/tools/bin/../lib/gcc/arm-none-eabi/7.3.1/thumb/v7e-m/fpv5/hard/crtn.o
OUTPUT(Manipulator_Control_003.elf elf32-littlearm)

.debug_info     0x0000000000000000    0x2adf2
 .debug_info    0x0000000000000000     0x1e5f Core/Src/eth.o
 .debug_info    0x0000000000001e5f     0x100d Core/Src/gpio.o
 .debug_info    0x0000000000002e6c     0x2ba9 Core/Src/main.o
 .debug_info    0x0000000000005a15     0x11fd Core/Src/serial_com.o
 .debug_info    0x0000000000006c12     0x1351 Core/Src/servo_ctrl.o
 .debug_info    0x0000000000007f63      0xe53 Core/Src/stm32h7xx_hal_msp.o
 .debug_info    0x0000000000008db6     0x143b Core/Src/stm32h7xx_it.o
 .debug_info    0x000000000000a1f1     0x1322 Core/Src/system_stm32h7xx.o
 .debug_info    0x000000000000b513     0x1b41 Core/Src/tim.o
 .debug_info    0x000000000000d054     0x1986 Core/Src/usart.o
 .debug_info    0x000000000000e9da     0x14af Core/Src/usb_otg.o
 .debug_info    0x000000000000fe89       0x22 Core/Startup/startup_stm32h743zitx.o
 .debug_info    0x000000000000feab     0x1de0 Drivers/STM32H7xx_HAL_Driver/Src/stm32h7xx_hal.o
 .debug_info    0x0000000000011c8b     0x1a74 Drivers/STM32H7xx_HAL_Driver/Src/stm32h7xx_hal_cortex.o
 .debug_info    0x00000000000136ff     0x14f6 Drivers/STM32H7xx_HAL_Driver/Src/stm32h7xx_hal_dma.o
 .debug_info    0x0000000000014bf5     0x2efa Drivers/STM32H7xx_HAL_Driver/Src/stm32h7xx_hal_eth.o
 .debug_info    0x0000000000017aef     0x1640 Drivers/STM32H7xx_HAL_Driver/Src/stm32h7xx_hal_gpio.o
 .debug_info    0x000000000001912f     0x1a8e Drivers/STM32H7xx_HAL_Driver/Src/stm32h7xx_hal_pcd.o
 .debug_info    0x000000000001abbd     0x11f1 Drivers/STM32H7xx_HAL_Driver/Src/stm32h7xx_hal_pcd_ex.o
 .debug_info    0x000000000001bdae     0x1746 Drivers/STM32H7xx_HAL_Driver/Src/stm32h7xx_hal_pwr_ex.o
 .debug_info    0x000000000001d4f4     0x1760 Drivers/STM32H7xx_HAL_Driver/Src/stm32h7xx_hal_rcc.o
 .debug_info    0x000000000001ec54     0x18cf Drivers/STM32H7xx_HAL_Driver/Src/stm32h7xx_hal_rcc_ex.o
 .debug_info    0x0000000000020523     0x3050 Drivers/STM32H7xx_HAL_Driver/Src/stm32h7xx_hal_tim.o
 .debug_info    0x0000000000023573     0x1d08 Drivers/STM32H7xx_HAL_Driver/Src/stm32h7xx_hal_tim_ex.o
 .debug_info    0x000000000002527b     0x2478 Drivers/STM32H7xx_HAL_Driver/Src/stm32h7xx_hal_uart.o
 .debug_info    0x00000000000276f3     0x1483 Drivers/STM32H7xx_HAL_Driver/Src/stm32h7xx_hal_uart_ex.o
 .debug_info    0x0000000000028b76     0x227c Drivers/STM32H7xx_HAL_Driver/Src/stm32h7xx_ll_usb.o

.debug_abbrev   0x0000000000000000     0x42f3
 .debug_abbrev  0x0000000000000000      0x25e Core/Src/eth.o
 .debug_abbrev  0x000000000000025e      0x1fd Core/Src/gpio.o
 .debug_abbrev  0x000000000000045b      0x253 Core/Src/main.o
 .debug_abbrev  0x00000000000006ae      0x25a Core/Src/serial_com.o
 .debug_abbrev  0x0000000000000908      0x275 Core/Src/servo_ctrl.o
 .debug_abbrev  0x0000000000000b7d      0x1e5 Core/Src/stm32h7xx_hal_msp.o
 .debug_abbrev  0x0000000000000d62      0x1e7 Core/Src/stm32h7xx_it.o
 .debug_abbrev  0x0000000000000f49      0x21f Core/Src/system_stm32h7xx.o
 .debug_abbrev  0x0000000000001168      0x26d Core/Src/tim.o
 .debug_abbrev  0x00000000000013d5      0x233 Core/Src/usart.o
 .debug_abbrev  0x0000000000001608      0x240 Core/Src/usb_otg.o
 .debug_abbrev  0x0000000000001848       0x12 Core/Startup/startup_stm32h743zitx.o
 .debug_abbrev  0x000000000000185a      0x2db Drivers/STM32H7xx_HAL_Driver/Src/stm32h7xx_hal.o
 .debug_abbrev  0x0000000000001b35      0x3b5 Drivers/STM32H7xx_HAL_Driver/Src/stm32h7xx_hal_cortex.o
 .debug_abbrev  0x0000000000001eea      0x289 Drivers/STM32H7xx_HAL_Driver/Src/stm32h7xx_hal_dma.o
 .debug_abbrev  0x0000000000002173      0x2e2 Drivers/STM32H7xx_HAL_Driver/Src/stm32h7xx_hal_eth.o
 .debug_abbrev  0x0000000000002455      0x28f Drivers/STM32H7xx_HAL_Driver/Src/stm32h7xx_hal_gpio.o
 .debug_abbrev  0x00000000000026e4      0x2f4 Drivers/STM32H7xx_HAL_Driver/Src/stm32h7xx_hal_pcd.o
 .debug_abbrev  0x00000000000029d8      0x2a2 Drivers/STM32H7xx_HAL_Driver/Src/stm32h7xx_hal_pcd_ex.o
 .debug_abbrev  0x0000000000002c7a      0x345 Drivers/STM32H7xx_HAL_Driver/Src/stm32h7xx_hal_pwr_ex.o
 .debug_abbrev  0x0000000000002fbf      0x2e2 Drivers/STM32H7xx_HAL_Driver/Src/stm32h7xx_hal_rcc.o
 .debug_abbrev  0x00000000000032a1      0x2c3 Drivers/STM32H7xx_HAL_Driver/Src/stm32h7xx_hal_rcc_ex.o
 .debug_abbrev  0x0000000000003564      0x2bd Drivers/STM32H7xx_HAL_Driver/Src/stm32h7xx_hal_tim.o
 .debug_abbrev  0x0000000000003821      0x2ab Drivers/STM32H7xx_HAL_Driver/Src/stm32h7xx_hal_tim_ex.o
 .debug_abbrev  0x0000000000003acc      0x2ae Drivers/STM32H7xx_HAL_Driver/Src/stm32h7xx_hal_uart.o
 .debug_abbrev  0x0000000000003d7a      0x26f Drivers/STM32H7xx_HAL_Driver/Src/stm32h7xx_hal_uart_ex.o
 .debug_abbrev  0x0000000000003fe9      0x30a Drivers/STM32H7xx_HAL_Driver/Src/stm32h7xx_ll_usb.o

.debug_aranges  0x0000000000000000     0x1620
 .debug_aranges
                0x0000000000000000       0x30 Core/Src/eth.o
 .debug_aranges
                0x0000000000000030       0x20 Core/Src/gpio.o
 .debug_aranges
                0x0000000000000050       0x30 Core/Src/main.o
 .debug_aranges
                0x0000000000000080       0x40 Core/Src/serial_com.o
 .debug_aranges
                0x00000000000000c0       0x70 Core/Src/servo_ctrl.o
 .debug_aranges
                0x0000000000000130       0x20 Core/Src/stm32h7xx_hal_msp.o
 .debug_aranges
                0x0000000000000150       0x78 Core/Src/stm32h7xx_it.o
 .debug_aranges
                0x00000000000001c8       0x28 Core/Src/system_stm32h7xx.o
 .debug_aranges
                0x00000000000001f0       0x48 Core/Src/tim.o
 .debug_aranges
                0x0000000000000238       0x38 Core/Src/usart.o
 .debug_aranges
                0x0000000000000270       0x30 Core/Src/usb_otg.o
 .debug_aranges
                0x00000000000002a0       0x28 Core/Startup/startup_stm32h743zitx.o
 .debug_aranges
                0x00000000000002c8      0x1b8 Drivers/STM32H7xx_HAL_Driver/Src/stm32h7xx_hal.o
 .debug_aranges
                0x0000000000000480      0x120 Drivers/STM32H7xx_HAL_Driver/Src/stm32h7xx_hal_cortex.o
 .debug_aranges
                0x00000000000005a0       0xa0 Drivers/STM32H7xx_HAL_Driver/Src/stm32h7xx_hal_dma.o
 .debug_aranges
                0x0000000000000640      0x1b0 Drivers/STM32H7xx_HAL_Driver/Src/stm32h7xx_hal_eth.o
 .debug_aranges
                0x00000000000007f0       0x58 Drivers/STM32H7xx_HAL_Driver/Src/stm32h7xx_hal_gpio.o
 .debug_aranges
                0x0000000000000848      0x130 Drivers/STM32H7xx_HAL_Driver/Src/stm32h7xx_hal_pcd.o
 .debug_aranges
                0x0000000000000978       0x60 Drivers/STM32H7xx_HAL_Driver/Src/stm32h7xx_hal_pcd_ex.o
 .debug_aranges
                0x00000000000009d8      0x158 Drivers/STM32H7xx_HAL_Driver/Src/stm32h7xx_hal_pwr_ex.o
 .debug_aranges
                0x0000000000000b30       0x88 Drivers/STM32H7xx_HAL_Driver/Src/stm32h7xx_hal_rcc.o
 .debug_aranges
                0x0000000000000bb8       0xe0 Drivers/STM32H7xx_HAL_Driver/Src/stm32h7xx_hal_rcc_ex.o
 .debug_aranges
                0x0000000000000c98      0x3c8 Drivers/STM32H7xx_HAL_Driver/Src/stm32h7xx_hal_tim.o
 .debug_aranges
                0x0000000000001060      0x170 Drivers/STM32H7xx_HAL_Driver/Src/stm32h7xx_hal_tim_ex.o
 .debug_aranges
                0x00000000000011d0      0x230 Drivers/STM32H7xx_HAL_Driver/Src/stm32h7xx_hal_uart.o
 .debug_aranges
                0x0000000000001400       0x88 Drivers/STM32H7xx_HAL_Driver/Src/stm32h7xx_hal_uart_ex.o
 .debug_aranges
                0x0000000000001488      0x198 Drivers/STM32H7xx_HAL_Driver/Src/stm32h7xx_ll_usb.o

.debug_ranges   0x0000000000000000     0x1478
 .debug_ranges  0x0000000000000000       0x20 Core/Src/eth.o
 .debug_ranges  0x0000000000000020       0x10 Core/Src/gpio.o
 .debug_ranges  0x0000000000000030       0x20 Core/Src/main.o
 .debug_ranges  0x0000000000000050       0x30 Core/Src/serial_com.o
 .debug_ranges  0x0000000000000080       0x60 Core/Src/servo_ctrl.o
 .debug_ranges  0x00000000000000e0       0x10 Core/Src/stm32h7xx_hal_msp.o
 .debug_ranges  0x00000000000000f0       0x68 Core/Src/stm32h7xx_it.o
 .debug_ranges  0x0000000000000158       0x18 Core/Src/system_stm32h7xx.o
 .debug_ranges  0x0000000000000170       0x38 Core/Src/tim.o
 .debug_ranges  0x00000000000001a8       0x28 Core/Src/usart.o
 .debug_ranges  0x00000000000001d0       0x20 Core/Src/usb_otg.o
 .debug_ranges  0x00000000000001f0       0x20 Core/Startup/startup_stm32h743zitx.o
 .debug_ranges  0x0000000000000210      0x1a8 Drivers/STM32H7xx_HAL_Driver/Src/stm32h7xx_hal.o
 .debug_ranges  0x00000000000003b8      0x110 Drivers/STM32H7xx_HAL_Driver/Src/stm32h7xx_hal_cortex.o
 .debug_ranges  0x00000000000004c8       0x90 Drivers/STM32H7xx_HAL_Driver/Src/stm32h7xx_hal_dma.o
 .debug_ranges  0x0000000000000558      0x1a0 Drivers/STM32H7xx_HAL_Driver/Src/stm32h7xx_hal_eth.o
 .debug_ranges  0x00000000000006f8       0x48 Drivers/STM32H7xx_HAL_Driver/Src/stm32h7xx_hal_gpio.o
 .debug_ranges  0x0000000000000740      0x120 Drivers/STM32H7xx_HAL_Driver/Src/stm32h7xx_hal_pcd.o
 .debug_ranges  0x0000000000000860       0x50 Drivers/STM32H7xx_HAL_Driver/Src/stm32h7xx_hal_pcd_ex.o
 .debug_ranges  0x00000000000008b0      0x148 Drivers/STM32H7xx_HAL_Driver/Src/stm32h7xx_hal_pwr_ex.o
 .debug_ranges  0x00000000000009f8       0x78 Drivers/STM32H7xx_HAL_Driver/Src/stm32h7xx_hal_rcc.o
 .debug_ranges  0x0000000000000a70       0xd0 Drivers/STM32H7xx_HAL_Driver/Src/stm32h7xx_hal_rcc_ex.o
 .debug_ranges  0x0000000000000b40      0x3b8 Drivers/STM32H7xx_HAL_Driver/Src/stm32h7xx_hal_tim.o
 .debug_ranges  0x0000000000000ef8      0x160 Drivers/STM32H7xx_HAL_Driver/Src/stm32h7xx_hal_tim_ex.o
 .debug_ranges  0x0000000000001058      0x220 Drivers/STM32H7xx_HAL_Driver/Src/stm32h7xx_hal_uart.o
 .debug_ranges  0x0000000000001278       0x78 Drivers/STM32H7xx_HAL_Driver/Src/stm32h7xx_hal_uart_ex.o
 .debug_ranges  0x00000000000012f0      0x188 Drivers/STM32H7xx_HAL_Driver/Src/stm32h7xx_ll_usb.o

.debug_macro    0x0000000000000000    0x38f2a
 .debug_macro   0x0000000000000000      0x31b Core/Src/eth.o
 .debug_macro   0x000000000000031b      0xa66 Core/Src/eth.o
 .debug_macro   0x0000000000000d81      0x1e1 Core/Src/eth.o
 .debug_macro   0x0000000000000f62       0x2e Core/Src/eth.o
 .debug_macro   0x0000000000000f90       0x3b Core/Src/eth.o
 .debug_macro   0x0000000000000fcb       0x22 Core/Src/eth.o
 .debug_macro   0x0000000000000fed       0x8e Core/Src/eth.o
 .debug_macro   0x000000000000107b       0x51 Core/Src/eth.o
 .debug_macro   0x00000000000010cc       0xef Core/Src/eth.o
 .debug_macro   0x00000000000011bb       0x6a Core/Src/eth.o
 .debug_macro   0x0000000000001225      0x1df Core/Src/eth.o
 .debug_macro   0x0000000000001404       0x1c Core/Src/eth.o
 .debug_macro   0x0000000000001420       0x22 Core/Src/eth.o
 .debug_macro   0x0000000000001442       0xdf Core/Src/eth.o
 .debug_macro   0x0000000000001521     0x12cd Core/Src/eth.o
 .debug_macro   0x00000000000027ee      0x11f Core/Src/eth.o
 .debug_macro   0x000000000000290d       0x19 Core/Src/eth.o
 .debug_macro   0x0000000000002926    0x250ca Core/Src/eth.o
 .debug_macro   0x00000000000279f0       0x43 Core/Src/eth.o
 .debug_macro   0x0000000000027a33     0x3bd7 Core/Src/eth.o
 .debug_macro   0x000000000002b60a      0x174 Core/Src/eth.o
 .debug_macro   0x000000000002b77e       0x46 Core/Src/eth.o
 .debug_macro   0x000000000002b7c4       0x17 Core/Src/eth.o
 .debug_macro   0x000000000002b7db       0x3c Core/Src/eth.o
 .debug_macro   0x000000000002b817       0x34 Core/Src/eth.o
 .debug_macro   0x000000000002b84b       0x52 Core/Src/eth.o
 .debug_macro   0x000000000002b89d       0x1f Core/Src/eth.o
 .debug_macro   0x000000000002b8bc       0x43 Core/Src/eth.o
 .debug_macro   0x000000000002b8ff       0x20 Core/Src/eth.o
 .debug_macro   0x000000000002b91f      0x1a3 Core/Src/eth.o
 .debug_macro   0x000000000002bac2      0x32a Core/Src/eth.o
 .debug_macro   0x000000000002bdec      0x1e1 Core/Src/eth.o
 .debug_macro   0x000000000002bfcd       0x54 Core/Src/eth.o
 .debug_macro   0x000000000002c021     0x23dd Core/Src/eth.o
 .debug_macro   0x000000000002e3fe      0xf3e Core/Src/eth.o
 .debug_macro   0x000000000002f33c      0x146 Core/Src/eth.o
 .debug_macro   0x000000000002f482      0x117 Core/Src/eth.o
 .debug_macro   0x000000000002f599      0x362 Core/Src/eth.o
 .debug_macro   0x000000000002f8fb       0x27 Core/Src/eth.o
 .debug_macro   0x000000000002f922      0x72d Core/Src/eth.o
 .debug_macro   0x000000000003004f      0x229 Core/Src/eth.o
 .debug_macro   0x0000000000030278       0x66 Core/Src/eth.o
 .debug_macro   0x00000000000302de      0x39f Core/Src/eth.o
 .debug_macro   0x000000000003067d      0xa59 Core/Src/eth.o
 .debug_macro   0x00000000000310d6      0x129 Core/Src/eth.o
 .debug_macro   0x00000000000311ff      0x3e5 Core/Src/eth.o
 .debug_macro   0x00000000000315e4      0x275 Core/Src/eth.o
 .debug_macro   0x0000000000031859      0x3c6 Core/Src/eth.o
 .debug_macro   0x0000000000031c1f      0x40f Core/Src/eth.o
 .debug_macro   0x000000000003202e       0x51 Core/Src/eth.o
 .debug_macro   0x000000000003207f       0x4a Core/Src/eth.o
 .debug_macro   0x00000000000320c9      0x22c Core/Src/eth.o
 .debug_macro   0x00000000000322f5       0x58 Core/Src/eth.o
 .debug_macro   0x000000000003234d       0xa5 Core/Src/eth.o
 .debug_macro   0x00000000000323f2      0x165 Core/Src/eth.o
 .debug_macro   0x0000000000032557      0x246 Core/Src/eth.o
 .debug_macro   0x000000000003279d       0x35 Core/Src/eth.o
 .debug_macro   0x00000000000327d2      0xa4b Core/Src/eth.o
 .debug_macro   0x000000000003321d      0x216 Core/Src/eth.o
 .debug_macro   0x0000000000033433      0x662 Core/Src/eth.o
 .debug_macro   0x0000000000033a95       0xa6 Core/Src/eth.o
 .debug_macro   0x0000000000033b3b      0x225 Core/Src/eth.o
 .debug_macro   0x0000000000033d60       0xd6 Core/Src/eth.o
 .debug_macro   0x0000000000033e36      0x57c Core/Src/eth.o
 .debug_macro   0x00000000000343b2      0x10c Core/Src/eth.o
 .debug_macro   0x00000000000344be       0x16 Core/Src/eth.o
 .debug_macro   0x00000000000344d4       0x35 Core/Src/eth.o
 .debug_macro   0x0000000000034509       0x20 Core/Src/eth.o
 .debug_macro   0x0000000000034529      0x2eb Core/Src/gpio.o
 .debug_macro   0x0000000000034814      0x329 Core/Src/main.o
 .debug_macro   0x0000000000034b3d       0x3a Core/Src/main.o
 .debug_macro   0x0000000000034b77       0x10 Core/Src/main.o
 .debug_macro   0x0000000000034b87      0x2f4 Core/Src/serial_com.o
 .debug_macro   0x0000000000034e7b      0x2f4 Core/Src/servo_ctrl.o
 .debug_macro   0x000000000003516f      0x2e1 Core/Src/stm32h7xx_hal_msp.o
 .debug_macro   0x0000000000035450      0x2eb Core/Src/stm32h7xx_it.o
 .debug_macro   0x000000000003573b      0x2d8 Core/Src/system_stm32h7xx.o
 .debug_macro   0x0000000000035a13      0x2f4 Core/Src/tim.o
 .debug_macro   0x0000000000035d07      0x2f4 Core/Src/usart.o
 .debug_macro   0x0000000000035ffb      0x2eb Core/Src/usb_otg.o
 .debug_macro   0x00000000000362e6      0x2fc Drivers/STM32H7xx_HAL_Driver/Src/stm32h7xx_hal.o
 .debug_macro   0x00000000000365e2      0x2d2 Drivers/STM32H7xx_HAL_Driver/Src/stm32h7xx_hal_cortex.o
 .debug_macro   0x00000000000368b4      0x31f Drivers/STM32H7xx_HAL_Driver/Src/stm32h7xx_hal_dma.o
 .debug_macro   0x0000000000036bd3      0x35f Drivers/STM32H7xx_HAL_Driver/Src/stm32h7xx_hal_eth.o
 .debug_macro   0x0000000000036f32      0x30e Drivers/STM32H7xx_HAL_Driver/Src/stm32h7xx_hal_gpio.o
 .debug_macro   0x0000000000037240      0x2de Drivers/STM32H7xx_HAL_Driver/Src/stm32h7xx_hal_pcd.o
 .debug_macro   0x000000000003751e      0x2d2 Drivers/STM32H7xx_HAL_Driver/Src/stm32h7xx_hal_pcd_ex.o
 .debug_macro   0x00000000000377f0      0x302 Drivers/STM32H7xx_HAL_Driver/Src/stm32h7xx_hal_pwr_ex.o
 .debug_macro   0x0000000000037af2      0x2f6 Drivers/STM32H7xx_HAL_Driver/Src/stm32h7xx_hal_rcc.o
 .debug_macro   0x0000000000037de8      0x2f0 Drivers/STM32H7xx_HAL_Driver/Src/stm32h7xx_hal_rcc_ex.o
 .debug_macro   0x00000000000380d8      0x2d3 Drivers/STM32H7xx_HAL_Driver/Src/stm32h7xx_hal_tim.o
 .debug_macro   0x00000000000383ab      0x2d2 Drivers/STM32H7xx_HAL_Driver/Src/stm32h7xx_hal_tim_ex.o
 .debug_macro   0x000000000003867d      0x2fd Drivers/STM32H7xx_HAL_Driver/Src/stm32h7xx_hal_uart.o
 .debug_macro   0x000000000003897a      0x2de Drivers/STM32H7xx_HAL_Driver/Src/stm32h7xx_hal_uart_ex.o
 .debug_macro   0x0000000000038c58      0x2d2 Drivers/STM32H7xx_HAL_Driver/Src/stm32h7xx_ll_usb.o

.debug_line     0x0000000000000000    0x161c2
 .debug_line    0x0000000000000000      0x948 Core/Src/eth.o
 .debug_line    0x0000000000000948      0x8d5 Core/Src/gpio.o
 .debug_line    0x000000000000121d      0x963 Core/Src/main.o
 .debug_line    0x0000000000001b80      0x935 Core/Src/serial_com.o
 .debug_line    0x00000000000024b5      0xa1d Core/Src/servo_ctrl.o
 .debug_line    0x0000000000002ed2      0x8bf Core/Src/stm32h7xx_hal_msp.o
 .debug_line    0x0000000000003791      0x99a Core/Src/stm32h7xx_it.o
 .debug_line    0x000000000000412b      0x900 Core/Src/system_stm32h7xx.o
 .debug_line    0x0000000000004a2b      0x995 Core/Src/tim.o
 .debug_line    0x00000000000053c0      0x923 Core/Src/usart.o
 .debug_line    0x0000000000005ce3      0x901 Core/Src/usb_otg.o
 .debug_line    0x00000000000065e4       0x85 Core/Startup/startup_stm32h743zitx.o
 .debug_line    0x0000000000006669      0xcbd Drivers/STM32H7xx_HAL_Driver/Src/stm32h7xx_hal.o
 .debug_line    0x0000000000007326      0xbfc Drivers/STM32H7xx_HAL_Driver/Src/stm32h7xx_hal_cortex.o
 .debug_line    0x0000000000007f22     0x1926 Drivers/STM32H7xx_HAL_Driver/Src/stm32h7xx_hal_dma.o
 .debug_line    0x0000000000009848     0x116c Drivers/STM32H7xx_HAL_Driver/Src/stm32h7xx_hal_eth.o
 .debug_line    0x000000000000a9b4      0xab7 Drivers/STM32H7xx_HAL_Driver/Src/stm32h7xx_hal_gpio.o
 .debug_line    0x000000000000b46b      0xe41 Drivers/STM32H7xx_HAL_Driver/Src/stm32h7xx_hal_pcd.o
 .debug_line    0x000000000000c2ac      0x9ab Drivers/STM32H7xx_HAL_Driver/Src/stm32h7xx_hal_pcd_ex.o
 .debug_line    0x000000000000cc57      0xc77 Drivers/STM32H7xx_HAL_Driver/Src/stm32h7xx_hal_pwr_ex.o
 .debug_line    0x000000000000d8ce      0xc31 Drivers/STM32H7xx_HAL_Driver/Src/stm32h7xx_hal_rcc.o
 .debug_line    0x000000000000e4ff      0xe8f Drivers/STM32H7xx_HAL_Driver/Src/stm32h7xx_hal_rcc_ex.o
 .debug_line    0x000000000000f38e     0x1d83 Drivers/STM32H7xx_HAL_Driver/Src/stm32h7xx_hal_tim.o
 .debug_line    0x0000000000011111      0xfcd Drivers/STM32H7xx_HAL_Driver/Src/stm32h7xx_hal_tim_ex.o
 .debug_line    0x00000000000120de     0x25cf Drivers/STM32H7xx_HAL_Driver/Src/stm32h7xx_hal_uart.o
 .debug_line    0x00000000000146ad      0xb2f Drivers/STM32H7xx_HAL_Driver/Src/stm32h7xx_hal_uart_ex.o
 .debug_line    0x00000000000151dc      0xfe6 Drivers/STM32H7xx_HAL_Driver/Src/stm32h7xx_ll_usb.o

.debug_str      0x0000000000000000   0x165743
 .debug_str     0x0000000000000000   0x15d749 Core/Src/eth.o
                                     0x15dce4 (size before relaxing)
 .debug_str     0x000000000015d749       0x46 Core/Src/gpio.o
                                     0x15d39b (size before relaxing)
 .debug_str     0x000000000015d78f      0xffb Core/Src/main.o
                                     0x15e9ea (size before relaxing)
 .debug_str     0x000000000015e78a       0xe7 Core/Src/serial_com.o
                                     0x15d6df (size before relaxing)
 .debug_str     0x000000000015e871      0x144 Core/Src/servo_ctrl.o
                                     0x15d7b1 (size before relaxing)
 .debug_str     0x000000000015e9b5       0x2c Core/Src/stm32h7xx_hal_msp.o
                                     0x15d300 (size before relaxing)
 .debug_str     0x000000000015e9e1       0xef Core/Src/stm32h7xx_it.o
                                     0x15d8e3 (size before relaxing)
 .debug_str     0x000000000015ead0      0x1d3 Core/Src/system_stm32h7xx.o
                                     0x15d070 (size before relaxing)
 .debug_str     0x000000000015eca3      0x962 Core/Src/tim.o
                                     0x15e2ed (size before relaxing)
 .debug_str     0x000000000015f605       0x64 Core/Src/usart.o
                                     0x15e130 (size before relaxing)
 .debug_str     0x000000000015f669       0x59 Core/Src/usb_otg.o
                                     0x15d793 (size before relaxing)
 .debug_str     0x000000000015f6c2       0x36 Core/Startup/startup_stm32h743zitx.o
                                         0x90 (size before relaxing)
 .debug_str     0x000000000015f6f8      0x7dd Drivers/STM32H7xx_HAL_Driver/Src/stm32h7xx_hal.o
                                     0x15e031 (size before relaxing)
 .debug_str     0x000000000015fed5      0x3a8 Drivers/STM32H7xx_HAL_Driver/Src/stm32h7xx_hal_cortex.o
                                     0x15dadd (size before relaxing)
 .debug_str     0x000000000016027d      0x6ff Drivers/STM32H7xx_HAL_Driver/Src/stm32h7xx_hal_dma.o
                                     0x15d6c0 (size before relaxing)
 .debug_str     0x000000000016097c     0x1025 Drivers/STM32H7xx_HAL_Driver/Src/stm32h7xx_hal_eth.o
                                     0x15e85f (size before relaxing)
 .debug_str     0x00000000001619a1      0x1ff Drivers/STM32H7xx_HAL_Driver/Src/stm32h7xx_hal_gpio.o
                                     0x15d275 (size before relaxing)
 .debug_str     0x0000000000161ba0      0x535 Drivers/STM32H7xx_HAL_Driver/Src/stm32h7xx_hal_pcd.o
                                     0x15d5d5 (size before relaxing)
 .debug_str     0x00000000001620d5      0x1b4 Drivers/STM32H7xx_HAL_Driver/Src/stm32h7xx_hal_pcd_ex.o
                                     0x15d24e (size before relaxing)
 .debug_str     0x0000000000162289      0x67f Drivers/STM32H7xx_HAL_Driver/Src/stm32h7xx_hal_pwr_ex.o
                                     0x15d613 (size before relaxing)
 .debug_str     0x0000000000162908      0x36e Drivers/STM32H7xx_HAL_Driver/Src/stm32h7xx_hal_rcc.o
                                     0x15d4d2 (size before relaxing)
 .debug_str     0x0000000000162c76      0x615 Drivers/STM32H7xx_HAL_Driver/Src/stm32h7xx_hal_rcc_ex.o
                                     0x15d8a9 (size before relaxing)
 .debug_str     0x000000000016328b      0xce0 Drivers/STM32H7xx_HAL_Driver/Src/stm32h7xx_hal_tim.o
                                     0x15e078 (size before relaxing)
 .debug_str     0x0000000000163f6b      0x5b8 Drivers/STM32H7xx_HAL_Driver/Src/stm32h7xx_hal_tim_ex.o
                                     0x15d968 (size before relaxing)
 .debug_str     0x0000000000164523      0x92c Drivers/STM32H7xx_HAL_Driver/Src/stm32h7xx_hal_uart.o
                                     0x15de2c (size before relaxing)
 .debug_str     0x0000000000164e4f      0x27a Drivers/STM32H7xx_HAL_Driver/Src/stm32h7xx_hal_uart_ex.o
                                     0x15d474 (size before relaxing)
 .debug_str     0x00000000001650c9      0x67a Drivers/STM32H7xx_HAL_Driver/Src/stm32h7xx_ll_usb.o
                                     0x15d740 (size before relaxing)

.comment        0x0000000000000000       0x7b
 .comment       0x0000000000000000       0x7b Core/Src/eth.o
                                         0x7c (size before relaxing)
 .comment       0x000000000000007b       0x7c Core/Src/gpio.o
 .comment       0x000000000000007b       0x7c Core/Src/main.o
 .comment       0x000000000000007b       0x7c Core/Src/serial_com.o
 .comment       0x000000000000007b       0x7c Core/Src/servo_ctrl.o
 .comment       0x000000000000007b       0x7c Core/Src/stm32h7xx_hal_msp.o
 .comment       0x000000000000007b       0x7c Core/Src/stm32h7xx_it.o
 .comment       0x000000000000007b       0x7c Core/Src/system_stm32h7xx.o
 .comment       0x000000000000007b       0x7c Core/Src/tim.o
 .comment       0x000000000000007b       0x7c Core/Src/usart.o
 .comment       0x000000000000007b       0x7c Core/Src/usb_otg.o
 .comment       0x000000000000007b       0x7c Drivers/STM32H7xx_HAL_Driver/Src/stm32h7xx_hal.o
 .comment       0x000000000000007b       0x7c Drivers/STM32H7xx_HAL_Driver/Src/stm32h7xx_hal_cortex.o
 .comment       0x000000000000007b       0x7c Drivers/STM32H7xx_HAL_Driver/Src/stm32h7xx_hal_dma.o
 .comment       0x000000000000007b       0x7c Drivers/STM32H7xx_HAL_Driver/Src/stm32h7xx_hal_eth.o
 .comment       0x000000000000007b       0x7c Drivers/STM32H7xx_HAL_Driver/Src/stm32h7xx_hal_gpio.o
 .comment       0x000000000000007b       0x7c Drivers/STM32H7xx_HAL_Driver/Src/stm32h7xx_hal_pcd.o
 .comment       0x000000000000007b       0x7c Drivers/STM32H7xx_HAL_Driver/Src/stm32h7xx_hal_pcd_ex.o
 .comment       0x000000000000007b       0x7c Drivers/STM32H7xx_HAL_Driver/Src/stm32h7xx_hal_pwr_ex.o
 .comment       0x000000000000007b       0x7c Drivers/STM32H7xx_HAL_Driver/Src/stm32h7xx_hal_rcc.o
 .comment       0x000000000000007b       0x7c Drivers/STM32H7xx_HAL_Driver/Src/stm32h7xx_hal_rcc_ex.o
 .comment       0x000000000000007b       0x7c Drivers/STM32H7xx_HAL_Driver/Src/stm32h7xx_hal_tim.o
 .comment       0x000000000000007b       0x7c Drivers/STM32H7xx_HAL_Driver/Src/stm32h7xx_hal_tim_ex.o
 .comment       0x000000000000007b       0x7c Drivers/STM32H7xx_HAL_Driver/Src/stm32h7xx_hal_uart.o
 .comment       0x000000000000007b       0x7c Drivers/STM32H7xx_HAL_Driver/Src/stm32h7xx_hal_uart_ex.o
 .comment       0x000000000000007b       0x7c Drivers/STM32H7xx_HAL_Driver/Src/stm32h7xx_ll_usb.o

.debug_frame    0x0000000000000000     0x5d0c
 .debug_frame   0x0000000000000000       0x74 Core/Src/eth.o
 .debug_frame   0x0000000000000074       0x34 Core/Src/gpio.o
 .debug_frame   0x00000000000000a8       0x74 Core/Src/main.o
 .debug_frame   0x000000000000011c       0xac Core/Src/serial_com.o
 .debug_frame   0x00000000000001c8      0x1b8 Core/Src/servo_ctrl.o
 .debug_frame   0x0000000000000380       0x38 Core/Src/stm32h7xx_hal_msp.o
 .debug_frame   0x00000000000003b8      0x160 Core/Src/stm32h7xx_it.o
 .debug_frame   0x0000000000000518       0x58 Core/Src/system_stm32h7xx.o
 .debug_frame   0x0000000000000570       0xe8 Core/Src/tim.o
 .debug_frame   0x0000000000000658       0x98 Core/Src/usart.o
 .debug_frame   0x00000000000006f0       0x74 Core/Src/usb_otg.o
 .debug_frame   0x0000000000000764      0x708 Drivers/STM32H7xx_HAL_Driver/Src/stm32h7xx_hal.o
 .debug_frame   0x0000000000000e6c      0x4b8 Drivers/STM32H7xx_HAL_Driver/Src/stm32h7xx_hal_cortex.o
 .debug_frame   0x0000000000001324      0x2b4 Drivers/STM32H7xx_HAL_Driver/Src/stm32h7xx_hal_dma.o
 .debug_frame   0x00000000000015d8      0x7d0 Drivers/STM32H7xx_HAL_Driver/Src/stm32h7xx_hal_eth.o
 .debug_frame   0x0000000000001da8      0x14c Drivers/STM32H7xx_HAL_Driver/Src/stm32h7xx_hal_gpio.o
 .debug_frame   0x0000000000001ef4      0x548 Drivers/STM32H7xx_HAL_Driver/Src/stm32h7xx_hal_pcd.o
 .debug_frame   0x000000000000243c      0x174 Drivers/STM32H7xx_HAL_Driver/Src/stm32h7xx_hal_pcd_ex.o
 .debug_frame   0x00000000000025b0      0x580 Drivers/STM32H7xx_HAL_Driver/Src/stm32h7xx_hal_pwr_ex.o
 .debug_frame   0x0000000000002b30      0x1ec Drivers/STM32H7xx_HAL_Driver/Src/stm32h7xx_hal_rcc.o
 .debug_frame   0x0000000000002d1c      0x390 Drivers/STM32H7xx_HAL_Driver/Src/stm32h7xx_hal_rcc_ex.o
 .debug_frame   0x00000000000030ac     0x118c Drivers/STM32H7xx_HAL_Driver/Src/stm32h7xx_hal_tim.o
 .debug_frame   0x0000000000004238      0x660 Drivers/STM32H7xx_HAL_Driver/Src/stm32h7xx_hal_tim_ex.o
 .debug_frame   0x0000000000004898      0xa0c Drivers/STM32H7xx_HAL_Driver/Src/stm32h7xx_hal_uart.o
 .debug_frame   0x00000000000052a4      0x22c Drivers/STM32H7xx_HAL_Driver/Src/stm32h7xx_hal_uart_ex.o
 .debug_frame   0x00000000000054d0      0x790 Drivers/STM32H7xx_HAL_Driver/Src/stm32h7xx_ll_usb.o
 .debug_frame   0x0000000000005c60       0x2c c:/st/stm32cubeide_1.1.0/stm32cubeide/plugins/com.st.stm32cube.ide.mcu.externaltools.gnu-tools-for-stm32.7-2018-q2-update.win32_1.0.0.201904181610/tools/bin/../lib/gcc/arm-none-eabi/7.3.1/../../../../arm-none-eabi/lib/thumb/v7e-m/fpv5/hard\libc_nano.a(lib_a-init.o)
 .debug_frame   0x0000000000005c8c       0x20 c:/st/stm32cubeide_1.1.0/stm32cubeide/plugins/com.st.stm32cube.ide.mcu.externaltools.gnu-tools-for-stm32.7-2018-q2-update.win32_1.0.0.201904181610/tools/bin/../lib/gcc/arm-none-eabi/7.3.1/../../../../arm-none-eabi/lib/thumb/v7e-m/fpv5/hard\libc_nano.a(lib_a-memset.o)
 .debug_frame   0x0000000000005cac       0x2c c:/st/stm32cubeide_1.1.0/stm32cubeide/plugins/com.st.stm32cube.ide.mcu.externaltools.gnu-tools-for-stm32.7-2018-q2-update.win32_1.0.0.201904181610/tools/bin/../lib/gcc/arm-none-eabi/7.3.1/thumb/v7e-m/fpv5/hard\libgcc.a(_aeabi_uldivmod.o)
 .debug_frame   0x0000000000005cd8       0x34 c:/st/stm32cubeide_1.1.0/stm32cubeide/plugins/com.st.stm32cube.ide.mcu.externaltools.gnu-tools-for-stm32.7-2018-q2-update.win32_1.0.0.201904181610/tools/bin/../lib/gcc/arm-none-eabi/7.3.1/thumb/v7e-m/fpv5/hard\libgcc.a(_udivmoddi4.o)
